Archive member included to satisfy reference by file (symbol)

c:/progra~2/armgnu~1/1213fb~1.2mp/bin/../lib/gcc/arm-none-eabi/12.2.0/thumb/v6-m/nofp\libgcc.a(_dvmd_tls.o)
                              CMakeFiles/pio_ws2812.dir/C_/Users/zlhgl/ese5190_lab2/pico/Downloads/pico-sdk/src/rp2_common/pico_divider/divider.S.obj (__aeabi_idiv0)
c:/progra~2/armgnu~1/1213fb~1.2mp/bin/../lib/gcc/arm-none-eabi/12.2.0/thumb/v6-m/nofp\libg.a(libc_a-calloc.o)
                              CMakeFiles/pio_ws2812.dir/C_/Users/zlhgl/ese5190_lab2/pico/Downloads/pico-sdk/src/rp2_common/pico_malloc/pico_malloc.c.obj (calloc)
c:/progra~2/armgnu~1/1213fb~1.2mp/bin/../lib/gcc/arm-none-eabi/12.2.0/thumb/v6-m/nofp\libg.a(libc_a-callocr.o)
                              c:/progra~2/armgnu~1/1213fb~1.2mp/bin/../lib/gcc/arm-none-eabi/12.2.0/thumb/v6-m/nofp\libg.a(libc_a-calloc.o) (_calloc_r)
c:/progra~2/armgnu~1/1213fb~1.2mp/bin/../lib/gcc/arm-none-eabi/12.2.0/thumb/v6-m/nofp\libg.a(libc_a-malloc.o)
                              CMakeFiles/pio_ws2812.dir/C_/Users/zlhgl/ese5190_lab2/pico/Downloads/pico-sdk/src/rp2_common/pico_malloc/pico_malloc.c.obj (malloc)
c:/progra~2/armgnu~1/1213fb~1.2mp/bin/../lib/gcc/arm-none-eabi/12.2.0/thumb/v6-m/nofp\libg.a(libc_a-mallocr.o)
                              c:/progra~2/armgnu~1/1213fb~1.2mp/bin/../lib/gcc/arm-none-eabi/12.2.0/thumb/v6-m/nofp\libg.a(libc_a-callocr.o) (_malloc_r)
c:/progra~2/armgnu~1/1213fb~1.2mp/bin/../lib/gcc/arm-none-eabi/12.2.0/thumb/v6-m/nofp\libg.a(libc_a-mlock.o)
                              c:/progra~2/armgnu~1/1213fb~1.2mp/bin/../lib/gcc/arm-none-eabi/12.2.0/thumb/v6-m/nofp\libg.a(libc_a-mallocr.o) (__malloc_lock)
c:/progra~2/armgnu~1/1213fb~1.2mp/bin/../lib/gcc/arm-none-eabi/12.2.0/thumb/v6-m/nofp\libg.a(libc_a-rand.o)
                              CMakeFiles/pio_ws2812.dir/ws2812.c.obj (rand)
c:/progra~2/armgnu~1/1213fb~1.2mp/bin/../lib/gcc/arm-none-eabi/12.2.0/thumb/v6-m/nofp\libg.a(libc_a-realloc.o)
                              CMakeFiles/pio_ws2812.dir/C_/Users/zlhgl/ese5190_lab2/pico/Downloads/pico-sdk/src/rp2_common/pico_malloc/pico_malloc.c.obj (realloc)
c:/progra~2/armgnu~1/1213fb~1.2mp/bin/../lib/gcc/arm-none-eabi/12.2.0/thumb/v6-m/nofp\libg.a(libc_a-reallocr.o)
                              c:/progra~2/armgnu~1/1213fb~1.2mp/bin/../lib/gcc/arm-none-eabi/12.2.0/thumb/v6-m/nofp\libg.a(libc_a-realloc.o) (_realloc_r)
c:/progra~2/armgnu~1/1213fb~1.2mp/bin/../lib/gcc/arm-none-eabi/12.2.0/thumb/v6-m/nofp\libg.a(libc_a-ctype_.o)
                              CMakeFiles/pio_ws2812.dir/C_/Users/zlhgl/ese5190_lab2/pico/Downloads/pico-sdk/lib/tinyusb/src/tusb.c.obj (_ctype_)
c:/progra~2/armgnu~1/1213fb~1.2mp/bin/../lib/gcc/arm-none-eabi/12.2.0/thumb/v6-m/nofp\libg.a(libc_a-memmove.o)
                              c:/progra~2/armgnu~1/1213fb~1.2mp/bin/../lib/gcc/arm-none-eabi/12.2.0/thumb/v6-m/nofp\libg.a(libc_a-reallocr.o) (memmove)
c:/progra~2/armgnu~1/1213fb~1.2mp/bin/../lib/gcc/arm-none-eabi/12.2.0/thumb/v6-m/nofp\libg.a(libc_a-impure.o)
                              c:/progra~2/armgnu~1/1213fb~1.2mp/bin/../lib/gcc/arm-none-eabi/12.2.0/thumb/v6-m/nofp\libg.a(libc_a-calloc.o) (_impure_ptr)
c:/progra~2/armgnu~1/1213fb~1.2mp/bin/../lib/gcc/arm-none-eabi/12.2.0/thumb/v6-m/nofp\libg.a(libc_a-sbrkr.o)
                              c:/progra~2/armgnu~1/1213fb~1.2mp/bin/../lib/gcc/arm-none-eabi/12.2.0/thumb/v6-m/nofp\libg.a(libc_a-mallocr.o) (_sbrk_r)
c:/progra~2/armgnu~1/1213fb~1.2mp/bin/../lib/gcc/arm-none-eabi/12.2.0/thumb/v6-m/nofp\libg.a(libc_a-errno.o)
                              c:/progra~2/armgnu~1/1213fb~1.2mp/bin/../lib/gcc/arm-none-eabi/12.2.0/thumb/v6-m/nofp\libg.a(libc_a-callocr.o) (__errno)
c:/progra~2/armgnu~1/1213fb~1.2mp/bin/../lib/gcc/arm-none-eabi/12.2.0/thumb/v6-m/nofp\libg.a(libc_a-init.o)
                              c:/progra~2/armgnu~1/1213fb~1.2mp/bin/../lib/gcc/arm-none-eabi/12.2.0/thumb/v6-m/nofp/crt0.o (__libc_init_array)
c:/progra~2/armgnu~1/1213fb~1.2mp/bin/../lib/gcc/arm-none-eabi/12.2.0/thumb/v6-m/nofp\libg.a(libc_a-lock.o)
                              c:/progra~2/armgnu~1/1213fb~1.2mp/bin/../lib/gcc/arm-none-eabi/12.2.0/thumb/v6-m/nofp\libg.a(libc_a-mlock.o) (__retarget_lock_acquire_recursive)
c:/progra~2/armgnu~1/1213fb~1.2mp/bin/../lib/gcc/arm-none-eabi/12.2.0/thumb/v6-m/nofp\libg.a(libc_a-strlen-stub.o)
                              CMakeFiles/pio_ws2812.dir/C_/Users/zlhgl/ese5190_lab2/pico/Downloads/pico-sdk/src/rp2_common/pico_stdio/stdio.c.obj (strlen)
c:/progra~2/armgnu~1/1213fb~1.2mp/bin/../lib/gcc/arm-none-eabi/12.2.0/thumb/v6-m/nofp\libg.a(libc_a-freer.o)
                              c:/progra~2/armgnu~1/1213fb~1.2mp/bin/../lib/gcc/arm-none-eabi/12.2.0/thumb/v6-m/nofp\libg.a(libc_a-malloc.o) (_free_r)
c:/progra~2/armgnu~1/1213fb~1.2mp/bin/../lib/gcc/arm-none-eabi/12.2.0/thumb/v6-m/nofp\libg.a(libc_a-findfp.o)
[...]
Memory Configuration

Name             Origin             Length             Attributes
FLASH            0x10000000         0x00200000         xr
RAM              0x20000000         0x00040000         xrw
SCRATCH_X        0x20040000         0x00001000         xrw
SCRATCH_Y        0x20041000         0x00001000         xrw
*default*        0x00000000         0xffffffff

Linker script and memory map

LOAD c:/progra~2/armgnu~1/1213fb~1.2mp/bin/../lib/gcc/arm-none-eabi/12.2.0/thumb/v6-m/nofp/crti.o
LOAD c:/progra~2/armgnu~1/1213fb~1.2mp/bin/../lib/gcc/arm-none-eabi/12.2.0/thumb/v6-m/nofp/crtbegin.o
LOAD c:/progra~2/armgnu~1/1213fb~1.2mp/bin/../lib/gcc/arm-none-eabi/12.2.0/thumb/v6-m/nofp/crt0.o

.flash_begin    0x10000000        0x0
                0x10000000                        __flash_binary_start = .

.boot2          0x10000000      0x100
                0x10000000                        __boot2_start__ = .
 *(.boot2)
 .boot2         0x10000000      0x100 C:\Users\zlhgl\AppData\Local\Temp\ccS6uPvJ.o
                0x10000100                        __boot2_end__ = .
                0x00000001                        ASSERT (((__boot2_end__ - __boot2_start__) == 0x100), ERROR: Pico second stage bootloader must be 256 bytes in size)

.text           0x10000100     0x6ef8
                0x10000100                        __logical_binary_start = .
 *(.vectors)
 .vectors       0x10000100       0xd4 CMakeFiles/pio_ws2812.dir/C_/Users/zlhgl/ese5190_lab2/pico/Downloads/pico-sdk/src/rp2_common/pico_standard_link/crt0.S.obj
                0x10000100                __VECTOR_TABLE
                0x10000100                __vectors
                0x100001c0                isr_invalid
                0x100001c0                __default_isrs_start
                0x100001c2                isr_nmi
                0x100001c4                isr_hardfault
                0x100001c6                isr_svcall
                0x100001c8                isr_pendsv
                0x100001ca                isr_systick
                0x100001cc                isr_irq23
                0x100001cc                isr_irq18
                0x100001cc                isr_irq11
                0x100001cc                isr_irq28
                0x100001cc                isr_irq19
                0x100001cc                isr_irq0
                0x100001cc                isr_irq6
                0x100001cc                isr_irq5
                0x100001cc                isr_irq12
                0x100001cc                isr_irq22
                0x100001cc                isr_irq31
                0x100001cc                isr_irq17
                0x100001cc                isr_irq27
                0x100001cc                isr_irq30
                0x100001cc                isr_irq2
                0x100001cc                isr_irq10
                0x100001cc                isr_irq8
                0x100001cc                isr_irq24
                0x100001cc                isr_irq1
                0x100001cc                isr_irq7
                0x100001cc                isr_irq21
                0x100001cc                isr_irq20
                0x100001cc                isr_irq15
                0x100001cc                isr_irq25
                0x100001cc                isr_irq13
                0x100001cc                __unhandled_user_irq
                0x100001cc                isr_irq4
                0x100001cc                isr_irq16
                0x100001cc                isr_irq29
                0x100001cc                isr_irq26
                0x100001cc                __default_isrs_end
                0x100001cc                isr_irq3
                0x100001cc                isr_irq14
                0x100001cc                isr_irq9
                0x100001d2                unhandled_user_irq_num_in_r0
 *(.binary_info_header)
 .binary_info_header
                0x100001d4       0x14 CMakeFiles/pio_ws2812.dir/C_/Users/zlhgl/ese5190_lab2/pico/Downloads/pico-sdk/src/rp2_common/pico_standard_link/crt0.S.obj
                0x100001e8                        __binary_info_header_end = .
 *(.reset)
 .reset         0x100001e8       0xa8 CMakeFiles/pio_ws2812.dir/C_/Users/zlhgl/ese5190_lab2/pico/Downloads/pico-sdk/src/rp2_common/pico_standard_link/crt0.S.obj
                0x100001e8                _entry_point
                0x10000266                __get_current_exception
 .reset         0x10000290       0x30 CMakeFiles/pio_ws2812.dir/C_/Users/zlhgl/ese5190_lab2/pico/Downloads/pico-sdk/src/rp2_common/pico_standard_link/binary_info.c.obj
 *(.init)
 .init          0x100002c0        0x4 c:/progra~2/armgnu~1/1213fb~1.2mp/bin/../lib/gcc/arm-none-eabi/12.2.0/thumb/v6-m/nofp/crti.o
                0x100002c0                _init
 *(EXCLUDE_FILE(*libm.a: *libc.a:*lib_a-mem*.o *libgcc.a:) .text*)
 .text.register_tm_clones
                0x100002c4       0x28 c:/progra~2/armgnu~1/1213fb~1.2mp/bin/../lib/gcc/arm-none-eabi/12.2.0/thumb/v6-m/nofp/crtbegin.o
 .text.frame_dummy
                0x100002ec       0x24 c:/progra~2/armgnu~1/1213fb~1.2mp/bin/../lib/gcc/arm-none-eabi/12.2.0/thumb/v6-m/nofp/crtbegin.o
 .text.sm_config_set_clkdiv
                0x10000310       0x3c CMakeFiles/pio_ws2812.dir/ws2812.c.obj
 .text.pio_get_default_sm_config
                0x1000034c       0x28 CMakeFiles/pio_ws2812.dir/ws2812.c.obj
 .text.ws2812_program_get_default_config
                0x10000374       0x3c CMakeFiles/pio_ws2812.dir/ws2812.c.obj
 .text.ws2812_program_init
                0x100003b0       0xd4 CMakeFiles/pio_ws2812.dir/ws2812.c.obj
 .text.set_neopixel_color
                0x10000484       0x14 CMakeFiles/pio_ws2812.dir/ws2812.c.obj
                0x10000484                set_neopixel_color
 .text.main     0x10000498       0x88 CMakeFiles/pio_ws2812.dir/ws2812.c.obj
                0x10000498                main
 .text.gpio_set_function
                0x10000520       0x30 CMakeFiles/pio_ws2812.dir/C_/Users/zlhgl/ese5190_lab2/pico/Downloads/pico-sdk/src/rp2_common/hardware_gpio/gpio.c.obj
                0x10000520                gpio_set_function
 .text.gpio_init
                0x10000550       0x16 CMakeFiles/pio_ws2812.dir/C_/Users/zlhgl/ese5190_lab2/pico/Downloads/pico-sdk/src/rp2_common/hardware_gpio/gpio.c.obj
                0x10000550                gpio_init
 *fill*         0x10000566        0x2 
 .text.hw_claim_lock
                0x10000568       0x18 CMakeFiles/pio_ws2812.dir/C_/Users/zlhgl/ese5190_lab2/pico/Downloads/pico-sdk/src/rp2_common/hardware_claim/claim.c.obj
                0x10000568                hw_claim_lock
 .text.hw_claim_unlock
                0x10000580       0x14 CMakeFiles/pio_ws2812.dir/C_/Users/zlhgl/ese5190_lab2/pico/Downloads/pico-sdk/src/rp2_common/hardware_claim/claim.c.obj
                0x10000580                hw_claim_unlock
 .text.hw_claim_or_assert
                0x10000594       0x32 CMakeFiles/pio_ws2812.dir/C_/Users/zlhgl/ese5190_lab2/pico/Downloads/pico-sdk/src/rp2_common/hardware_claim/claim.c.obj
                0x10000594                hw_claim_or_assert
 .text.hw_claim_unused_from_range
                0x100005c6       0x50 CMakeFiles/pio_ws2812.dir/C_/Users/zlhgl/ese5190_lab2/pico/Downloads/pico-sdk/src/rp2_common/hardware_claim/claim.c.obj
                0x100005c6                hw_claim_unused_from_range
 *fill*         0x10000616        0x2 
 .text.running_on_fpga
                0x10000618       0x14 CMakeFiles/pio_ws2812.dir/C_/Users/zlhgl/ese5190_lab2/pico/Downloads/pico-sdk/src/rp2_common/pico_platform/platform.c.obj
                0x10000618                running_on_fpga
 .text.spin_locks_reset
                0x1000062c       0x20 CMakeFiles/pio_ws2812.dir/C_/Users/zlhgl/ese5190_lab2/pico/Downloads/pico-sdk/src/rp2_common/hardware_sync/sync.c.obj
                0x1000062c                spin_locks_reset
 .text.next_striped_spin_lock_num
                0x1000064c       0x1c CMakeFiles/pio_ws2812.dir/C_/Users/zlhgl/ese5190_lab2/pico/Downloads/pico-sdk/src/rp2_common/hardware_sync/sync.c.obj
                0x1000064c                next_striped_spin_lock_num
 .text.spin_lock_claim_unused
                0x10000668       0x24 CMakeFiles/pio_ws2812.dir/C_/Users/zlhgl/ese5190_lab2/pico/Downloads/pico-sdk/src/rp2_common/hardware_sync/sync.c.obj
                0x10000668                spin_lock_claim_unused
 .text.set_raw_irq_handler_and_unlock
                0x1000068c       0x28 CMakeFiles/pio_ws2812.dir/C_/Users/zlhgl/ese5190_lab2/pico/Downloads/pico-sdk/src/rp2_common/hardware_irq/irq.c.obj
 .text.resolve_branch
                0x100006b4       0x30 CMakeFiles/pio_ws2812.dir/C_/Users/zlhgl/ese5190_lab2/pico/Downloads/pico-sdk/src/rp2_common/hardware_irq/irq.c.obj
 .text.make_branch
                0x100006e4       0x48 CMakeFiles/pio_ws2812.dir/C_/Users/zlhgl/ese5190_lab2/pico/Downloads/pico-sdk/src/rp2_common/hardware_irq/irq.c.obj
 .text.insert_branch_and_link
                0x1000072c       0x40 CMakeFiles/pio_ws2812.dir/C_/Users/zlhgl/ese5190_lab2/pico/Downloads/pico-sdk/src/rp2_common/hardware_irq/irq.c.obj
 .text.irq_is_enabled
                0x1000076c       0x18 CMakeFiles/pio_ws2812.dir/C_/Users/zlhgl/ese5190_lab2/pico/Downloads/pico-sdk/src/rp2_common/hardware_irq/irq.c.obj
                0x1000076c                irq_is_enabled
 .text.irq_set_mask_enabled
                0x10000784       0x20 CMakeFiles/pio_ws2812.dir/C_/Users/zlhgl/ese5190_lab2/pico/Downloads/pico-sdk/src/rp2_common/hardware_irq/irq.c.obj
                0x10000784                irq_set_mask_enabled
 .text.irq_set_enabled
                0x100007a4        0xe CMakeFiles/pio_ws2812.dir/C_/Users/zlhgl/ese5190_lab2/pico/Downloads/pico-sdk/src/rp2_common/hardware_irq/irq.c.obj
                0x100007a4                irq_set_enabled
 *fill*         0x100007b2        0x2 
 .text.irq_set_pending
                0x100007b4       0x10 CMakeFiles/pio_ws2812.dir/C_/Users/zlhgl/ese5190_lab2/pico/Downloads/pico-sdk/src/rp2_common/hardware_irq/irq.c.obj
                0x100007b4                irq_set_pending
 .text.irq_get_vtable_handler
                0x100007c4       0x10 CMakeFiles/pio_ws2812.dir/C_/Users/zlhgl/ese5190_lab2/pico/Downloads/pico-sdk/src/rp2_common/hardware_irq/irq.c.obj
                0x100007c4                irq_get_vtable_handler
 .text.irq_has_shared_handler
                0x100007d4       0x24 CMakeFiles/pio_ws2812.dir/C_/Users/zlhgl/ese5190_lab2/pico/Downloads/pico-sdk/src/rp2_common/hardware_irq/irq.c.obj
                0x100007d4                irq_has_shared_handler
 .text.irq_set_exclusive_handler
                0x100007f8       0x54 CMakeFiles/pio_ws2812.dir/C_/Users/zlhgl/ese5190_lab2/pico/Downloads/pico-sdk/src/rp2_common/hardware_irq/irq.c.obj
                0x100007f8                irq_set_exclusive_handler
 .text.irq_add_shared_handler
                0x1000084c      0x210 CMakeFiles/pio_ws2812.dir/C_/Users/zlhgl/ese5190_lab2/pico/Downloads/pico-sdk/src/rp2_common/hardware_irq/irq.c.obj
                0x1000084c                irq_add_shared_handler
 .text.irq_remove_handler
                0x10000a5c      0x188 CMakeFiles/pio_ws2812.dir/C_/Users/zlhgl/ese5190_lab2/pico/Downloads/pico-sdk/src/rp2_common/hardware_irq/irq.c.obj
                0x10000a5c                irq_remove_handler
 .text.irq_add_tail_to_free_list
                0x10000be4       0xf0 CMakeFiles/pio_ws2812.dir/C_/Users/zlhgl/ese5190_lab2/pico/Downloads/pico-sdk/src/rp2_common/hardware_irq/irq.c.obj
                0x10000be4                irq_add_tail_to_free_list
 .text.irq_init_priorities
                0x10000cd4       0x1c CMakeFiles/pio_ws2812.dir/C_/Users/zlhgl/ese5190_lab2/pico/Downloads/pico-sdk/src/rp2_common/hardware_irq/irq.c.obj
                0x10000cd4                irq_init_priorities
 .text.user_irq_claim_unused
                0x10000cf0       0x30 CMakeFiles/pio_ws2812.dir/C_/Users/zlhgl/ese5190_lab2/pico/Downloads/pico-sdk/src/rp2_common/hardware_irq/irq.c.obj
                0x10000cf0                user_irq_claim_unused
 .text.lock_init
                0x10000d20       0x10 CMakeFiles/pio_ws2812.dir/C_/Users/zlhgl/ese5190_lab2/pico/Downloads/pico-sdk/src/common/pico_sync/lock_core.c.obj
                0x10000d20                lock_init
 .text.time_reached
                0x10000d30       0x28 CMakeFiles/pio_ws2812.dir/C_/Users/zlhgl/ese5190_lab2/pico/Downloads/pico-sdk/src/common/pico_time/time.c.obj
 .text.get_entry
                0x10000d58       0x38 CMakeFiles/pio_ws2812.dir/C_/Users/zlhgl/ese5190_lab2/pico/Downloads/pico-sdk/src/common/pico_time/time.c.obj
 .text.timer_pool_entry_comparator
                0x10000d90       0x2e CMakeFiles/pio_ws2812.dir/C_/Users/zlhgl/ese5190_lab2/pico/Downloads/pico-sdk/src/common/pico_time/time.c.obj
                0x10000d90                timer_pool_entry_comparator
 *fill*         0x10000dbe        0x2 
 .text.update_us_since_boot
                0x10000dc0       0x24 CMakeFiles/pio_ws2812.dir/C_/Users/zlhgl/ese5190_lab2/pico/Downloads/pico-sdk/src/common/pico_time/time.c.obj
 .text.delayed_by_us
                0x10000de4       0x36 CMakeFiles/pio_ws2812.dir/C_/Users/zlhgl/ese5190_lab2/pico/Downloads/pico-sdk/src/common/pico_time/time.c.obj
 *fill*         0x10000e1a        0x2 
 .text.ph_get_node
                0x10000e1c       0x30 CMakeFiles/pio_ws2812.dir/C_/Users/zlhgl/ese5190_lab2/pico/Downloads/pico-sdk/src/common/pico_time/time.c.obj
 .text.ph_contains_node
                0x10000e4c       0x1e CMakeFiles/pio_ws2812.dir/C_/Users/zlhgl/ese5190_lab2/pico/Downloads/pico-sdk/src/common/pico_time/time.c.obj
 .text.ph_new_node
                0x10000e6a       0x28 CMakeFiles/pio_ws2812.dir/C_/Users/zlhgl/ese5190_lab2/pico/Downloads/pico-sdk/src/common/pico_time/time.c.obj
 *fill*         0x10000e92        0x2 
 .text.ph_add_child_node
                0x10000e94       0x6c CMakeFiles/pio_ws2812.dir/C_/Users/zlhgl/ese5190_lab2/pico/Downloads/pico-sdk/src/common/pico_time/time.c.obj
 .text.ph_merge_nodes
                0x10000f00       0x3e CMakeFiles/pio_ws2812.dir/C_/Users/zlhgl/ese5190_lab2/pico/Downloads/pico-sdk/src/common/pico_time/time.c.obj
 *fill*         0x10000f3e        0x2 
 .text.ph_insert_node
                0x10000f40       0x3c CMakeFiles/pio_ws2812.dir/C_/Users/zlhgl/ese5190_lab2/pico/Downloads/pico-sdk/src/common/pico_time/time.c.obj
 .text.ph_free_node
                0x10000f7c       0x3c CMakeFiles/pio_ws2812.dir/C_/Users/zlhgl/ese5190_lab2/pico/Downloads/pico-sdk/src/common/pico_time/time.c.obj
 .text.get_entry_id_high
                0x10000fb8       0x30 CMakeFiles/pio_ws2812.dir/C_/Users/zlhgl/ese5190_lab2/pico/Downloads/pico-sdk/src/common/pico_time/time.c.obj
 .text.alarm_pool_post_alloc_init
                0x10000fe8       0x40 CMakeFiles/pio_ws2812.dir/C_/Users/zlhgl/ese5190_lab2/pico/Downloads/pico-sdk/src/common/pico_time/time.c.obj
 .text.sleep_until_callback
                0x10001028       0x30 CMakeFiles/pio_ws2812.dir/C_/Users/zlhgl/ese5190_lab2/pico/Downloads/pico-sdk/src/common/pico_time/time.c.obj
 .text.get_absolute_time
                0x10001058       0x22 CMakeFiles/pio_ws2812.dir/C_/Users/zlhgl/ese5190_lab2/pico/Downloads/pico-sdk/src/common/pico_time/time.c.obj
 .text.make_timeout_time_us
                0x1000107a       0x24 CMakeFiles/pio_ws2812.dir/C_/Users/zlhgl/ese5190_lab2/pico/Downloads/pico-sdk/src/common/pico_time/time.c.obj
 *fill*         0x1000109e        0x2 
 .text.add_alarm_under_lock
                0x100010a0       0x94 CMakeFiles/pio_ws2812.dir/C_/Users/zlhgl/ese5190_lab2/pico/Downloads/pico-sdk/src/common/pico_time/time.c.obj
 .text.alarm_pool_alarm_callback
                0x10001134      0x20c CMakeFiles/pio_ws2812.dir/C_/Users/zlhgl/ese5190_lab2/pico/Downloads/pico-sdk/src/common/pico_time/time.c.obj
 .text.alarm_pool_init_default
                0x10001340       0x38 CMakeFiles/pio_ws2812.dir/C_/Users/zlhgl/ese5190_lab2/pico/Downloads/pico-sdk/src/common/pico_time/time.c.obj
                0x10001340                alarm_pool_init_default
 .text.alarm_pool_get_default
                0x10001378       0x2c CMakeFiles/pio_ws2812.dir/C_/Users/zlhgl/ese5190_lab2/pico/Downloads/pico-sdk/src/common/pico_time/time.c.obj
                0x10001378                alarm_pool_get_default
 .text.alarm_pool_add_alarm_at
                0x100013a4      0x10e CMakeFiles/pio_ws2812.dir/C_/Users/zlhgl/ese5190_lab2/pico/Downloads/pico-sdk/src/common/pico_time/time.c.obj
                0x100013a4                alarm_pool_add_alarm_at
 .text.add_alarm_at
                0x100014b2       0x2e CMakeFiles/pio_ws2812.dir/C_/Users/zlhgl/ese5190_lab2/pico/Downloads/pico-sdk/src/common/pico_time/time.c.obj
 .text.alarm_pool_cancel_alarm
                0x100014e0       0xa0 CMakeFiles/pio_ws2812.dir/C_/Users/zlhgl/ese5190_lab2/pico/Downloads/pico-sdk/src/common/pico_time/time.c.obj
                0x100014e0                alarm_pool_cancel_alarm
 .text.cancel_alarm
                0x10001580       0x10 CMakeFiles/pio_ws2812.dir/C_/Users/zlhgl/ese5190_lab2/pico/Downloads/pico-sdk/src/common/pico_time/time.c.obj
 .text.sleep_until
                0x10001590       0xb0 CMakeFiles/pio_ws2812.dir/C_/Users/zlhgl/ese5190_lab2/pico/Downloads/pico-sdk/src/common/pico_time/time.c.obj
                0x10001590                sleep_until
 .text.sleep_us
                0x10001640       0x1a CMakeFiles/pio_ws2812.dir/C_/Users/zlhgl/ese5190_lab2/pico/Downloads/pico-sdk/src/common/pico_time/time.c.obj
                0x10001640                sleep_us
 .text.sleep_ms
                0x1000165a       0x14 CMakeFiles/pio_ws2812.dir/C_/Users/zlhgl/ese5190_lab2/pico/Downloads/pico-sdk/src/common/pico_time/time.c.obj
                0x1000165a                sleep_ms
 *fill*         0x1000166e        0x2 
 .text.best_effort_wfe_or_timeout
                0x10001670       0x38 CMakeFiles/pio_ws2812.dir/C_/Users/zlhgl/ese5190_lab2/pico/Downloads/pico-sdk/src/common/pico_time/time.c.obj
                0x10001670                best_effort_wfe_or_timeout
 .text.hardware_alarm_irq_handler
                0x100016a8       0x88 CMakeFiles/pio_ws2812.dir/C_/Users/zlhgl/ese5190_lab2/pico/Downloads/pico-sdk/src/rp2_common/hardware_timer/timer.c.obj
 .text.hardware_alarm_claim
                0x10001730       0x18 CMakeFiles/pio_ws2812.dir/C_/Users/zlhgl/ese5190_lab2/pico/Downloads/pico-sdk/src/rp2_common/hardware_timer/timer.c.obj
                0x10001730                hardware_alarm_claim
 .text.time_us_64
                0x10001748       0x18 CMakeFiles/pio_ws2812.dir/C_/Users/zlhgl/ese5190_lab2/pico/Downloads/pico-sdk/src/rp2_common/hardware_timer/timer.c.obj
                0x10001748                time_us_64
 .text.busy_wait_until
                0x10001760       0x28 CMakeFiles/pio_ws2812.dir/C_/Users/zlhgl/ese5190_lab2/pico/Downloads/pico-sdk/src/rp2_common/hardware_timer/timer.c.obj
                0x10001760                busy_wait_until
 .text.hardware_alarm_set_callback
                0x10001788       0x90 CMakeFiles/pio_ws2812.dir/C_/Users/zlhgl/ese5190_lab2/pico/Downloads/pico-sdk/src/rp2_common/hardware_timer/timer.c.obj
                0x10001788                hardware_alarm_set_callback
 .text.hardware_alarm_set_target
                0x10001818       0xe8 CMakeFiles/pio_ws2812.dir/C_/Users/zlhgl/ese5190_lab2/pico/Downloads/pico-sdk/src/rp2_common/hardware_timer/timer.c.obj
                0x10001818                hardware_alarm_set_target
 .text.hardware_alarm_cancel
                0x10001900       0x40 CMakeFiles/pio_ws2812.dir/C_/Users/zlhgl/ese5190_lab2/pico/Downloads/pico-sdk/src/rp2_common/hardware_timer/timer.c.obj
                0x10001900                hardware_alarm_cancel
 .text.ph_get_node
                0x10001940       0x30 CMakeFiles/pio_ws2812.dir/C_/Users/zlhgl/ese5190_lab2/pico/Downloads/pico-sdk/src/common/pico_util/pheap.c.obj
 .text.ph_add_child_node
                0x10001970       0x6c CMakeFiles/pio_ws2812.dir/C_/Users/zlhgl/ese5190_lab2/pico/Downloads/pico-sdk/src/common/pico_util/pheap.c.obj
 .text.ph_merge_nodes
                0x100019dc       0x3e CMakeFiles/pio_ws2812.dir/C_/Users/zlhgl/ese5190_lab2/pico/Downloads/pico-sdk/src/common/pico_util/pheap.c.obj
 .text.ph_clear
                0x10001a1a       0x34 CMakeFiles/pio_ws2812.dir/C_/Users/zlhgl/ese5190_lab2/pico/Downloads/pico-sdk/src/common/pico_util/pheap.c.obj
                0x10001a1a                ph_clear
 .text.ph_post_alloc_init
                0x10001a4e        0xe CMakeFiles/pio_ws2812.dir/C_/Users/zlhgl/ese5190_lab2/pico/Downloads/pico-sdk/src/common/pico_util/pheap.c.obj
                0x10001a4e                ph_post_alloc_init
 .text.ph_merge_two_pass
                0x10001a5c       0x5c CMakeFiles/pio_ws2812.dir/C_/Users/zlhgl/ese5190_lab2/pico/Downloads/pico-sdk/src/common/pico_util/pheap.c.obj
                0x10001a5c                ph_merge_two_pass
 .text.ph_remove_any_head
                0x10001ab8       0xa4 CMakeFiles/pio_ws2812.dir/C_/Users/zlhgl/ese5190_lab2/pico/Downloads/pico-sdk/src/common/pico_util/pheap.c.obj
 .text.ph_remove_head
                0x10001b5c       0x14 CMakeFiles/pio_ws2812.dir/C_/Users/zlhgl/ese5190_lab2/pico/Downloads/pico-sdk/src/common/pico_util/pheap.c.obj
                0x10001b5c                ph_remove_head
 .text.ph_remove_and_free_node
                0x10001b70       0xa0 CMakeFiles/pio_ws2812.dir/C_/Users/zlhgl/ese5190_lab2/pico/Downloads/pico-sdk/src/common/pico_util/pheap.c.obj
                0x10001b70                ph_remove_and_free_node
 .text.update_us_since_boot
                0x10001c10       0x24 CMakeFiles/pio_ws2812.dir/C_/Users/zlhgl/ese5190_lab2/pico/Downloads/pico-sdk/src/common/pico_sync/mutex.c.obj
 .text.delayed_by_ms
                0x10001c34       0x46 CMakeFiles/pio_ws2812.dir/C_/Users/zlhgl/ese5190_lab2/pico/Downloads/pico-sdk/src/common/pico_sync/mutex.c.obj
 .text.get_absolute_time
                0x10001c7a       0x22 CMakeFiles/pio_ws2812.dir/C_/Users/zlhgl/ese5190_lab2/pico/Downloads/pico-sdk/src/common/pico_sync/mutex.c.obj
 .text.make_timeout_time_ms
                0x10001c9c       0x20 CMakeFiles/pio_ws2812.dir/C_/Users/zlhgl/ese5190_lab2/pico/Downloads/pico-sdk/src/common/pico_sync/mutex.c.obj
 .text.mutex_init
                0x10001cbc       0x1a CMakeFiles/pio_ws2812.dir/C_/Users/zlhgl/ese5190_lab2/pico/Downloads/pico-sdk/src/common/pico_sync/mutex.c.obj
                0x10001cbc                mutex_init
 .text.recursive_mutex_init
                0x10001cd6       0x1e CMakeFiles/pio_ws2812.dir/C_/Users/zlhgl/ese5190_lab2/pico/Downloads/pico-sdk/src/common/pico_sync/mutex.c.obj
                0x10001cd6                recursive_mutex_init
 .text.critical_section_init_with_lock_num
                0x10001cf4       0x14 CMakeFiles/pio_ws2812.dir/C_/Users/zlhgl/ese5190_lab2/pico/Downloads/pico-sdk/src/common/pico_sync/critical_section.c.obj
                0x10001cf4                critical_section_init_with_lock_num
 .text.critical_section_init
                0x10001d08       0x14 CMakeFiles/pio_ws2812.dir/C_/Users/zlhgl/ese5190_lab2/pico/Downloads/pico-sdk/src/common/pico_sync/critical_section.c.obj
                0x10001d08                critical_section_init
 .text._exit    0x10001d1c        0x4 CMakeFiles/pio_ws2812.dir/C_/Users/zlhgl/ese5190_lab2/pico/Downloads/pico-sdk/src/rp2_common/pico_runtime/runtime.c.obj
                0x10001d1c                _exit
 .text.exit     0x10001d20        0x6 CMakeFiles/pio_ws2812.dir/C_/Users/zlhgl/ese5190_lab2/pico/Downloads/pico-sdk/src/rp2_common/pico_runtime/runtime.c.obj
                0x10001d20                exit
 *fill*         0x10001d26        0x2 
 .text.__assert_func
                0x10001d28       0x38 CMakeFiles/pio_ws2812.dir/C_/Users/zlhgl/ese5190_lab2/pico/Downloads/pico-sdk/src/rp2_common/pico_runtime/runtime.c.obj
                0x10001d28                __assert_func
 .text.runtime_init
                0x10001d60       0xf8 CMakeFiles/pio_ws2812.dir/C_/Users/zlhgl/ese5190_lab2/pico/Downloads/pico-sdk/src/rp2_common/pico_runtime/runtime.c.obj
                0x10001d60                runtime_init
 .text.panic    0x10001e58       0x30 CMakeFiles/pio_ws2812.dir/C_/Users/zlhgl/ese5190_lab2/pico/Downloads/pico-sdk/src/rp2_common/pico_runtime/runtime.c.obj
                0x10001e58                panic
 .text.clock_configure
                0x10001e88      0x104 CMakeFiles/pio_ws2812.dir/C_/Users/zlhgl/ese5190_lab2/pico/Downloads/pico-sdk/src/rp2_common/hardware_clocks/clocks.c.obj
                0x10001e88                clock_configure
 .text.clocks_init
                0x10001f8c      0x100 CMakeFiles/pio_ws2812.dir/C_/Users/zlhgl/ese5190_lab2/pico/Downloads/pico-sdk/src/rp2_common/hardware_clocks/clocks.c.obj
                0x10001f8c                clocks_init
 .text.clock_get_hz
                0x1000208c        0xc CMakeFiles/pio_ws2812.dir/C_/Users/zlhgl/ese5190_lab2/pico/Downloads/pico-sdk/src/rp2_common/hardware_clocks/clocks.c.obj
                0x1000208c                clock_get_hz
 .text.pll_init
                0x10002098      0x140 CMakeFiles/pio_ws2812.dir/C_/Users/zlhgl/ese5190_lab2/pico/Downloads/pico-sdk/src/rp2_common/hardware_pll/pll.c.obj
                0x10002098                pll_init
 .text.watchdog_start_tick
                0x100021d8       0x10 CMakeFiles/pio_ws2812.dir/C_/Users/zlhgl/ese5190_lab2/pico/Downloads/pico-sdk/src/rp2_common/hardware_watchdog/watchdog.c.obj
                0x100021d8                watchdog_start_tick
 .text.watchdog_update
                0x100021e8       0x14 CMakeFiles/pio_ws2812.dir/C_/Users/zlhgl/ese5190_lab2/pico/Downloads/pico-sdk/src/rp2_common/hardware_watchdog/watchdog.c.obj
                0x100021e8                watchdog_update
 .text._watchdog_enable
                0x100021fc       0x78 CMakeFiles/pio_ws2812.dir/C_/Users/zlhgl/ese5190_lab2/pico/Downloads/pico-sdk/src/rp2_common/hardware_watchdog/watchdog.c.obj
                0x100021fc                _watchdog_enable
 .text.watchdog_reboot
                0x10002274       0x48 CMakeFiles/pio_ws2812.dir/C_/Users/zlhgl/ese5190_lab2/pico/Downloads/pico-sdk/src/rp2_common/hardware_watchdog/watchdog.c.obj
                0x10002274                watchdog_reboot
 .text.xosc_init
                0x100022bc       0x2c CMakeFiles/pio_ws2812.dir/C_/Users/zlhgl/ese5190_lab2/pico/Downloads/pico-sdk/src/rp2_common/hardware_xosc/xosc.c.obj
                0x100022bc                xosc_init
 .text._out_null
                0x100022e8        0x2 CMakeFiles/pio_ws2812.dir/C_/Users/zlhgl/ese5190_lab2/pico/Downloads/pico-sdk/src/rp2_common/pico_printf/printf.c.obj
 .text._out_fct
                0x100022ea        0xe CMakeFiles/pio_ws2812.dir/C_/Users/zlhgl/ese5190_lab2/pico/Downloads/pico-sdk/src/rp2_common/pico_printf/printf.c.obj
 .text._atoi    0x100022f8       0x24 CMakeFiles/pio_ws2812.dir/C_/Users/zlhgl/ese5190_lab2/pico/Downloads/pico-sdk/src/rp2_common/pico_printf/printf.c.obj
 .text._out_rev
                0x1000231c       0xae CMakeFiles/pio_ws2812.dir/C_/Users/zlhgl/ese5190_lab2/pico/Downloads/pico-sdk/src/rp2_common/pico_printf/printf.c.obj
 .text._ntoa_format
                0x100023ca      0x110 CMakeFiles/pio_ws2812.dir/C_/Users/zlhgl/ese5190_lab2/pico/Downloads/pico-sdk/src/rp2_common/pico_printf/printf.c.obj
 .text._ntoa_long
                0x100024da       0xbc CMakeFiles/pio_ws2812.dir/C_/Users/zlhgl/ese5190_lab2/pico/Downloads/pico-sdk/src/rp2_common/pico_printf/printf.c.obj
 .text._ntoa_long_long
                0x10002596      0x10e CMakeFiles/pio_ws2812.dir/C_/Users/zlhgl/ese5190_lab2/pico/Downloads/pico-sdk/src/rp2_common/pico_printf/printf.c.obj
 .text._etoa    0x100026a4      0x420 CMakeFiles/pio_ws2812.dir/C_/Users/zlhgl/ese5190_lab2/pico/Downloads/pico-sdk/src/rp2_common/pico_printf/printf.c.obj
 .text._ftoa    0x10002ac4      0x354 CMakeFiles/pio_ws2812.dir/C_/Users/zlhgl/ese5190_lab2/pico/Downloads/pico-sdk/src/rp2_common/pico_printf/printf.c.obj
 .text._vsnprintf
                0x10002e18      0x65c CMakeFiles/pio_ws2812.dir/C_/Users/zlhgl/ese5190_lab2/pico/Downloads/pico-sdk/src/rp2_common/pico_printf/printf.c.obj
 .text.vfctprintf
                0x10003474       0x20 CMakeFiles/pio_ws2812.dir/C_/Users/zlhgl/ese5190_lab2/pico/Downloads/pico-sdk/src/rp2_common/pico_printf/printf.c.obj
                0x10003474                vfctprintf
 .text          0x10003494       0x10 CMakeFiles/pio_ws2812.dir/C_/Users/zlhgl/ese5190_lab2/pico/Downloads/pico-sdk/src/rp2_common/pico_bit_ops/bit_ops_aeabi.S.obj
 .text.rom_func_lookup
                0x100034a4       0x10 CMakeFiles/pio_ws2812.dir/C_/Users/zlhgl/ese5190_lab2/pico/Downloads/pico-sdk/src/rp2_common/pico_bootrom/bootrom.c.obj
                0x100034a4                rom_func_lookup
 .text.rom_data_lookup
                0x100034b4       0x10 CMakeFiles/pio_ws2812.dir/C_/Users/zlhgl/ese5190_lab2/pico/Downloads/pico-sdk/src/rp2_common/pico_bootrom/bootrom.c.obj
                0x100034b4                rom_data_lookup
 .text.rom_funcs_lookup
                0x100034c4       0x36 CMakeFiles/pio_ws2812.dir/C_/Users/zlhgl/ese5190_lab2/pico/Downloads/pico-sdk/src/rp2_common/pico_bootrom/bootrom.c.obj
                0x100034c4                rom_funcs_lookup
 *fill*         0x100034fa        0x2 
 .text.__wrap___aeabi_idiv
                0x100034fc       0x50 CMakeFiles/pio_ws2812.dir/C_/Users/zlhgl/ese5190_lab2/pico/Downloads/pico-sdk/src/rp2_common/pico_divider/divider.S.obj
                0x100034fc                __wrap___aeabi_idivmod
                0x100034fc                divmod_s32s32
                0x100034fc                div_s32s32
                0x100034fc                __wrap___aeabi_idiv
                0x10003504                divmod_s32s32_unsafe
                0x10003530                divmod_s32s32_savestate
 .text.__wrap___aeabi_uidiv
                0x1000354c       0x4c CMakeFiles/pio_ws2812.dir/C_/Users/zlhgl/ese5190_lab2/pico/Downloads/pico-sdk/src/rp2_common/pico_divider/divider.S.obj
                0x1000354c                __wrap___aeabi_uidiv
                0x1000354c                __wrap___aeabi_uidivmod
                0x1000354c                div_u32u32
                0x1000354c                divmod_u32u32
                0x10003554                divmod_u32u32_unsafe
                0x1000357c                divmod_u32u32_savestate
 .text.__wrap___aeabi_ldiv
                0x10003598      0x434 CMakeFiles/pio_ws2812.dir/C_/Users/zlhgl/ese5190_lab2/pico/Downloads/pico-sdk/src/rp2_common/pico_divider/divider.S.obj
                0x10003598                div_s64s64
                0x10003598                divmod_s64s64
                0x10003598                __wrap___aeabi_ldivmod
                0x100035d0                divmod_u64u64
                0x100035d0                div_u64u64
                0x100035d0                __wrap___aeabi_uldivmod
                0x100035e0                divmod_u64u64_savestate
                0x10003608                divmod_s64s64_unsafe
                0x10003690                divmod_u64u64_unsafe
 .text.__wrap___aeabi_darithmetic
                0x100039cc       0x60 CMakeFiles/pio_ws2812.dir/C_/Users/zlhgl/ese5190_lab2/pico/Downloads/pico-sdk/src/rp2_common/pico_double/double_aeabi.S.obj
                0x100039cc                __wrap___aeabi_drsub
                0x100039d2                __wrap___aeabi_dsub
                0x100039dc                __wrap___aeabi_dadd
                0x100039e6                __wrap___aeabi_ddiv
                0x10003a1a                __wrap___aeabi_dmul
 .text.__wrap___aeabi_cdcmple
                0x10003a2c       0x6c CMakeFiles/pio_ws2812.dir/C_/Users/zlhgl/ese5190_lab2/pico/Downloads/pico-sdk/src/rp2_common/pico_double/double_aeabi.S.obj
                0x10003a2c                __wrap___aeabi_cdrcmple
                0x10003a3c                __wrap___aeabi_cdcmpeq
                0x10003a3c                __wrap___aeabi_cdcmple
 .text.__wrap___aeabi_dcmplt
                0x10003a98        0xc CMakeFiles/pio_ws2812.dir/C_/Users/zlhgl/ese5190_lab2/pico/Downloads/pico-sdk/src/rp2_common/pico_double/double_aeabi.S.obj
                0x10003a98                __wrap___aeabi_dcmplt
 .text.__wrap___aeabi_dcmple
                0x10003aa4       0x10 CMakeFiles/pio_ws2812.dir/C_/Users/zlhgl/ese5190_lab2/pico/Downloads/pico-sdk/src/rp2_common/pico_double/double_aeabi.S.obj
                0x10003aa4                __wrap___aeabi_dcmple
 .text.__wrap___aeabi_dcmpge
                0x10003ab4       0x10 CMakeFiles/pio_ws2812.dir/C_/Users/zlhgl/ese5190_lab2/pico/Downloads/pico-sdk/src/rp2_common/pico_double/double_aeabi.S.obj
                0x10003ab4                __wrap___aeabi_dcmpge
 .text.__wrap___aeabi_dcmpgt
                0x10003ac4        0xa CMakeFiles/pio_ws2812.dir/C_/Users/zlhgl/ese5190_lab2/pico/Downloads/pico-sdk/src/rp2_common/pico_double/double_aeabi.S.obj
                0x10003ac4                __wrap___aeabi_dcmpgt
 .text.__wrap___aeabi_dcmpun
                0x10003ace       0x1c CMakeFiles/pio_ws2812.dir/C_/Users/zlhgl/ese5190_lab2/pico/Downloads/pico-sdk/src/rp2_common/pico_double/double_aeabi.S.obj
                0x10003ace                __wrap___aeabi_dcmpun
 *fill*         0x10003aea        0x2 
 .text.__wrap___aeabi_i2d
                0x10003aec       0x38 CMakeFiles/pio_ws2812.dir/C_/Users/zlhgl/ese5190_lab2/pico/Downloads/pico-sdk/src/rp2_common/pico_double/double_aeabi.S.obj
                0x10003aec                __wrap___aeabi_ui2d
                0x10003af4                __wrap___aeabi_i2d
 .text.__wrap___aeabi_d2iz
                0x10003b24       0x48 CMakeFiles/pio_ws2812.dir/C_/Users/zlhgl/ese5190_lab2/pico/Downloads/pico-sdk/src/rp2_common/pico_double/double_aeabi.S.obj
                0x10003b24                double2int_z
                0x10003b24                __wrap___aeabi_d2iz
 .text.__wrap___aeabi_d2uiz
                0x10003b6c       0x10 CMakeFiles/pio_ws2812.dir/C_/Users/zlhgl/ese5190_lab2/pico/Downloads/pico-sdk/src/rp2_common/pico_double/double_aeabi.S.obj
                0x10003b6c                __wrap___aeabi_d2uiz
                0x10003b6c                double2uint
 .text.missing_double_func_shim
                0x10003b7c        0xc CMakeFiles/pio_ws2812.dir/C_/Users/zlhgl/ese5190_lab2/pico/Downloads/pico-sdk/src/rp2_common/pico_double/double_init_rom.c.obj
 .text.__aeabi_double_init
                0x10003b88       0xd0 CMakeFiles/pio_ws2812.dir/C_/Users/zlhgl/ese5190_lab2/pico/Downloads/pico-sdk/src/rp2_common/pico_double/double_init_rom.c.obj
                0x10003b88                __aeabi_double_init
 .text.double_table_shim_on_use_helper
                0x10003c58       0x34 CMakeFiles/pio_ws2812.dir/C_/Users/zlhgl/ese5190_lab2/pico/Downloads/pico-sdk/src/rp2_common/pico_double/double_v1_rom_shim.S.obj
                0x10003c58                double_table_shim_on_use_helper
 .text.__aeabi_lmul
                0x10003c8c       0x32 CMakeFiles/pio_ws2812.dir/C_/Users/zlhgl/ese5190_lab2/pico/Downloads/pico-sdk/src/rp2_common/pico_int64_ops/pico_int64_ops_aeabi.S.obj
                0x10003c8c                __wrap___aeabi_lmul
 *fill*         0x10003cbe        0x2 
 .text.__wrap___aeabi_farithmetic
                0x10003cc0       0x48 CMakeFiles/pio_ws2812.dir/C_/Users/zlhgl/ese5190_lab2/pico/Downloads/pico-sdk/src/rp2_common/pico_float/float_aeabi.S.obj
                0x10003cc0                __wrap___aeabi_frsub
                0x10003cc6                __wrap___aeabi_fsub
                0x10003ccc                __wrap___aeabi_fadd
                0x10003cd2                __wrap___aeabi_fdiv
                0x10003cfa                __wrap___aeabi_fmul
 .text.__wrap___aeabi_ui2f
                0x10003d08        0xa CMakeFiles/pio_ws2812.dir/C_/Users/zlhgl/ese5190_lab2/pico/Downloads/pico-sdk/src/rp2_common/pico_float/float_aeabi.S.obj
                0x10003d08                __wrap___aeabi_ui2f
 *fill*         0x10003d12        0x2 
 .text.__wrap___aeabi_i2f
                0x10003d14       0x44 CMakeFiles/pio_ws2812.dir/C_/Users/zlhgl/ese5190_lab2/pico/Downloads/pico-sdk/src/rp2_common/pico_float/float_aeabi.S.obj
                0x10003d14                __wrap___aeabi_i2f
 .text.__wrap___aeabi_f2uiz
                0x10003d58        0xc CMakeFiles/pio_ws2812.dir/C_/Users/zlhgl/ese5190_lab2/pico/Downloads/pico-sdk/src/rp2_common/pico_float/float_aeabi.S.obj
                0x10003d58                __wrap___aeabi_f2uiz
 .text.missing_float_func_shim
                0x10003d64        0xc CMakeFiles/pio_ws2812.dir/C_/Users/zlhgl/ese5190_lab2/pico/Downloads/pico-sdk/src/rp2_common/pico_float/float_init_rom.c.obj
 .text.__aeabi_float_init
                0x10003d70       0x88 CMakeFiles/pio_ws2812.dir/C_/Users/zlhgl/ese5190_lab2/pico/Downloads/pico-sdk/src/rp2_common/pico_float/float_init_rom.c.obj
                0x10003d70                __aeabi_float_init
 .text          0x10003df8       0x10 CMakeFiles/pio_ws2812.dir/C_/Users/zlhgl/ese5190_lab2/pico/Downloads/pico-sdk/src/rp2_common/pico_mem_ops/mem_ops_aeabi.S.obj
                0x10003df8                __aeabi_mem_init
 .text.memset   0x10003e08        0xc CMakeFiles/pio_ws2812.dir/C_/Users/zlhgl/ese5190_lab2/pico/Downloads/pico-sdk/src/rp2_common/pico_mem_ops/mem_ops_aeabi.S.obj
                0x10003e08                __wrap_memset
 .text.memcpy   0x10003e14        0xc CMakeFiles/pio_ws2812.dir/C_/Users/zlhgl/ese5190_lab2/pico/Downloads/pico-sdk/src/rp2_common/pico_mem_ops/mem_ops_aeabi.S.obj
                0x10003e14                __wrap_memcpy
                0x10003e14                __wrap___aeabi_memcpy
 .text.stdio_out_chars_no_crlf
                0x10003e20        0xe CMakeFiles/pio_ws2812.dir/C_/Users/zlhgl/ese5190_lab2/pico/Downloads/pico-sdk/src/rp2_common/pico_stdio/stdio.c.obj
 *fill*         0x10003e2e        0x2 
 .text.stdio_out_chars_crlf
                0x10003e30       0x80 CMakeFiles/pio_ws2812.dir/C_/Users/zlhgl/ese5190_lab2/pico/Downloads/pico-sdk/src/rp2_common/pico_stdio/stdio.c.obj
 .text.stdio_stack_buffer_flush
                0x10003eb0       0x44 CMakeFiles/pio_ws2812.dir/C_/Users/zlhgl/ese5190_lab2/pico/Downloads/pico-sdk/src/rp2_common/pico_stdio/stdio.c.obj
 .text.stdio_buffered_printer
                0x10003ef4       0x20 CMakeFiles/pio_ws2812.dir/C_/Users/zlhgl/ese5190_lab2/pico/Downloads/pico-sdk/src/rp2_common/pico_stdio/stdio.c.obj
 .text.stdout_serialize_begin
                0x10003f14       0x30 CMakeFiles/pio_ws2812.dir/C_/Users/zlhgl/ese5190_lab2/pico/Downloads/pico-sdk/src/rp2_common/pico_stdio/stdio.c.obj
                0x10003f14                stdout_serialize_begin
 .text.stdout_serialize_end
                0x10003f44       0x10 CMakeFiles/pio_ws2812.dir/C_/Users/zlhgl/ese5190_lab2/pico/Downloads/pico-sdk/src/rp2_common/pico_stdio/stdio.c.obj
                0x10003f44                stdout_serialize_end
 .text.stdio_put_string
                0x10003f54       0x98 CMakeFiles/pio_ws2812.dir/C_/Users/zlhgl/ese5190_lab2/pico/Downloads/pico-sdk/src/rp2_common/pico_stdio/stdio.c.obj
 .text.stdio_set_driver_enabled
                0x10003fec       0x2c CMakeFiles/pio_ws2812.dir/C_/Users/zlhgl/ese5190_lab2/pico/Downloads/pico-sdk/src/rp2_common/pico_stdio/stdio.c.obj
                0x10003fec                stdio_set_driver_enabled
 .text.stdio_flush
                0x10004018       0x20 CMakeFiles/pio_ws2812.dir/C_/Users/zlhgl/ese5190_lab2/pico/Downloads/pico-sdk/src/rp2_common/pico_stdio/stdio.c.obj
                0x10004018                stdio_flush
 .text.__wrap_puts
                0x10004038       0x1e CMakeFiles/pio_ws2812.dir/C_/Users/zlhgl/ese5190_lab2/pico/Downloads/pico-sdk/src/rp2_common/pico_stdio/stdio.c.obj
                0x10004038                __wrap_puts
 *fill*         0x10004056        0x2 
 .text.__wrap_vprintf
                0x10004058       0x44 CMakeFiles/pio_ws2812.dir/C_/Users/zlhgl/ese5190_lab2/pico/Downloads/pico-sdk/src/rp2_common/pico_stdio/stdio.c.obj
                0x10004058                __wrap_vprintf
 .text.__wrap_printf
                0x1000409c       0x18 CMakeFiles/pio_ws2812.dir/C_/Users/zlhgl/ese5190_lab2/pico/Downloads/pico-sdk/src/rp2_common/pico_stdio/stdio.c.obj
                0x1000409c                __wrap_printf
 .text.stdio_init_all
                0x100040b4        0x8 CMakeFiles/pio_ws2812.dir/C_/Users/zlhgl/ese5190_lab2/pico/Downloads/pico-sdk/src/rp2_common/pico_stdio/stdio.c.obj
                0x100040b4                stdio_init_all
 .text.resetd_init
                0x100040bc        0x2 CMakeFiles/pio_ws2812.dir/C_/Users/zlhgl/ese5190_lab2/pico/Downloads/pico-sdk/src/rp2_common/pico_stdio_usb/reset_interface.c.obj
 *fill*         0x100040be        0x2 
 .text.resetd_reset
                0x100040c0        0xc CMakeFiles/pio_ws2812.dir/C_/Users/zlhgl/ese5190_lab2/pico/Downloads/pico-sdk/src/rp2_common/pico_stdio_usb/reset_interface.c.obj
 .text.resetd_open
                0x100040cc       0x34 CMakeFiles/pio_ws2812.dir/C_/Users/zlhgl/ese5190_lab2/pico/Downloads/pico-sdk/src/rp2_common/pico_stdio_usb/reset_interface.c.obj
 .text.resetd_xfer_cb
                0x10004100        0x4 CMakeFiles/pio_ws2812.dir/C_/Users/zlhgl/ese5190_lab2/pico/Downloads/pico-sdk/src/rp2_common/pico_stdio_usb/reset_interface.c.obj
 .text.reset_usb_boot
                0x10004104       0x18 CMakeFiles/pio_ws2812.dir/C_/Users/zlhgl/ese5190_lab2/pico/Downloads/pico-sdk/src/rp2_common/pico_stdio_usb/reset_interface.c.obj
 .text.resetd_control_xfer_cb
                0x1000411c       0x5c CMakeFiles/pio_ws2812.dir/C_/Users/zlhgl/ese5190_lab2/pico/Downloads/pico-sdk/src/rp2_common/pico_stdio_usb/reset_interface.c.obj
 .text.usbd_app_driver_get_cb
                0x10004178        0xc CMakeFiles/pio_ws2812.dir/C_/Users/zlhgl/ese5190_lab2/pico/Downloads/pico-sdk/src/rp2_common/pico_stdio_usb/reset_interface.c.obj
                0x10004178                usbd_app_driver_get_cb
 .text.tud_cdc_line_coding_cb
                0x10004184       0x28 CMakeFiles/pio_ws2812.dir/C_/Users/zlhgl/ese5190_lab2/pico/Downloads/pico-sdk/src/rp2_common/pico_stdio_usb/reset_interface.c.obj
                0x10004184                tud_cdc_line_coding_cb
 .text.stdio_usb_in_chars
                0x100041ac       0x70 CMakeFiles/pio_ws2812.dir/C_/Users/zlhgl/ese5190_lab2/pico/Downloads/pico-sdk/src/rp2_common/pico_stdio_usb/stdio_usb.c.obj
                0x100041ac                stdio_usb_in_chars
 .text.low_priority_worker_irq
                0x1000421c       0x20 CMakeFiles/pio_ws2812.dir/C_/Users/zlhgl/ese5190_lab2/pico/Downloads/pico-sdk/src/rp2_common/pico_stdio_usb/stdio_usb.c.obj
 .text.stdio_usb_out_chars
                0x1000423c       0xd4 CMakeFiles/pio_ws2812.dir/C_/Users/zlhgl/ese5190_lab2/pico/Downloads/pico-sdk/src/rp2_common/pico_stdio_usb/stdio_usb.c.obj
 .text.update_us_since_boot
                0x10004310       0x24 CMakeFiles/pio_ws2812.dir/C_/Users/zlhgl/ese5190_lab2/pico/Downloads/pico-sdk/src/rp2_common/pico_stdio_usb/stdio_usb.c.obj
 .text.get_absolute_time
                0x10004334       0x22 CMakeFiles/pio_ws2812.dir/C_/Users/zlhgl/ese5190_lab2/pico/Downloads/pico-sdk/src/rp2_common/pico_stdio_usb/stdio_usb.c.obj
 .text.delayed_by_us
                0x10004356       0x36 CMakeFiles/pio_ws2812.dir/C_/Users/zlhgl/ese5190_lab2/pico/Downloads/pico-sdk/src/rp2_common/pico_stdio_usb/stdio_usb.c.obj
 .text.timer_task
                0x1000438c       0x40 CMakeFiles/pio_ws2812.dir/C_/Users/zlhgl/ese5190_lab2/pico/Downloads/pico-sdk/src/rp2_common/pico_stdio_usb/stdio_usb.c.obj
 .text.usb_irq  0x100043cc       0x10 CMakeFiles/pio_ws2812.dir/C_/Users/zlhgl/ese5190_lab2/pico/Downloads/pico-sdk/src/rp2_common/pico_stdio_usb/stdio_usb.c.obj
 .text.alarm_pool_add_alarm_in_us
                0x100043dc       0x3a CMakeFiles/pio_ws2812.dir/C_/Users/zlhgl/ese5190_lab2/pico/Downloads/pico-sdk/src/rp2_common/pico_stdio_usb/stdio_usb.c.obj
 .text.add_alarm_in_us
                0x10004416       0x2e CMakeFiles/pio_ws2812.dir/C_/Users/zlhgl/ese5190_lab2/pico/Downloads/pico-sdk/src/rp2_common/pico_stdio_usb/stdio_usb.c.obj
 .text.stdio_usb_init
                0x10004444       0x98 CMakeFiles/pio_ws2812.dir/C_/Users/zlhgl/ese5190_lab2/pico/Downloads/pico-sdk/src/rp2_common/pico_stdio_usb/stdio_usb.c.obj
                0x10004444                stdio_usb_init
 .text.tud_descriptor_device_cb
                0x100044dc        0x8 CMakeFiles/pio_ws2812.dir/C_/Users/zlhgl/ese5190_lab2/pico/Downloads/pico-sdk/src/rp2_common/pico_stdio_usb/stdio_usb_descriptors.c.obj
                0x100044dc                tud_descriptor_device_cb
 .text.tud_descriptor_configuration_cb
                0x100044e4        0x8 CMakeFiles/pio_ws2812.dir/C_/Users/zlhgl/ese5190_lab2/pico/Downloads/pico-sdk/src/rp2_common/pico_stdio_usb/stdio_usb_descriptors.c.obj
                0x100044e4                tud_descriptor_configuration_cb
 .text.tud_descriptor_string_cb
                0x100044ec       0x6c CMakeFiles/pio_ws2812.dir/C_/Users/zlhgl/ese5190_lab2/pico/Downloads/pico-sdk/src/rp2_common/pico_stdio_usb/stdio_usb_descriptors.c.obj
                0x100044ec                tud_descriptor_string_cb
 .text.hw_endpoint_get_by_addr
                0x10004558       0x18 CMakeFiles/pio_ws2812.dir/C_/Users/zlhgl/ese5190_lab2/pico/Downloads/pico-sdk/lib/tinyusb/src/portable/raspberrypi/rp2040/dcd_rp2040.c.obj
 .text.reset_ep0_pid
                0x10004570       0x28 CMakeFiles/pio_ws2812.dir/C_/Users/zlhgl/ese5190_lab2/pico/Downloads/pico-sdk/lib/tinyusb/src/portable/raspberrypi/rp2040/dcd_rp2040.c.obj
 .text._hw_endpoint_alloc
                0x10004598       0x70 CMakeFiles/pio_ws2812.dir/C_/Users/zlhgl/ese5190_lab2/pico/Downloads/pico-sdk/lib/tinyusb/src/portable/raspberrypi/rp2040/dcd_rp2040.c.obj
 .text.hw_endpoint_init
                0x10004608       0x88 CMakeFiles/pio_ws2812.dir/C_/Users/zlhgl/ese5190_lab2/pico/Downloads/pico-sdk/lib/tinyusb/src/portable/raspberrypi/rp2040/dcd_rp2040.c.obj
 .text.reset_non_control_endpoints
                0x10004690       0x40 CMakeFiles/pio_ws2812.dir/C_/Users/zlhgl/ese5190_lab2/pico/Downloads/pico-sdk/lib/tinyusb/src/portable/raspberrypi/rp2040/dcd_rp2040.c.obj
 .text.hw_handle_buff_status
                0x100046d0       0x8c CMakeFiles/pio_ws2812.dir/C_/Users/zlhgl/ese5190_lab2/pico/Downloads/pico-sdk/lib/tinyusb/src/portable/raspberrypi/rp2040/dcd_rp2040.c.obj
 .text.dcd_rp2040_irq
                0x1000475c       0xc0 CMakeFiles/pio_ws2812.dir/C_/Users/zlhgl/ese5190_lab2/pico/Downloads/pico-sdk/lib/tinyusb/src/portable/raspberrypi/rp2040/dcd_rp2040.c.obj
 .text.hw_endpoint_xfer
                0x1000481c       0x14 CMakeFiles/pio_ws2812.dir/C_/Users/zlhgl/ese5190_lab2/pico/Downloads/pico-sdk/lib/tinyusb/src/portable/raspberrypi/rp2040/dcd_rp2040.c.obj
 .text.dcd_int_enable
                0x10004830       0x2c CMakeFiles/pio_ws2812.dir/C_/Users/zlhgl/ese5190_lab2/pico/Downloads/pico-sdk/lib/tinyusb/src/portable/raspberrypi/rp2040/dcd_rp2040.c.obj
                0x10004830                dcd_int_enable
 .text.dcd_set_address
                0x1000485c       0x2c CMakeFiles/pio_ws2812.dir/C_/Users/zlhgl/ese5190_lab2/pico/Downloads/pico-sdk/lib/tinyusb/src/portable/raspberrypi/rp2040/dcd_rp2040.c.obj
                0x1000485c                dcd_set_address
 .text.dcd_connect
                0x10004888       0x10 CMakeFiles/pio_ws2812.dir/C_/Users/zlhgl/ese5190_lab2/pico/Downloads/pico-sdk/lib/tinyusb/src/portable/raspberrypi/rp2040/dcd_rp2040.c.obj
                0x10004888                dcd_connect
 .text.dcd_init
                0x10004898       0x7c CMakeFiles/pio_ws2812.dir/C_/Users/zlhgl/ese5190_lab2/pico/Downloads/pico-sdk/lib/tinyusb/src/portable/raspberrypi/rp2040/dcd_rp2040.c.obj
                0x10004898                dcd_init
 .text.dcd_edpt0_status_complete
                0x10004914       0x1c CMakeFiles/pio_ws2812.dir/C_/Users/zlhgl/ese5190_lab2/pico/Downloads/pico-sdk/lib/tinyusb/src/portable/raspberrypi/rp2040/dcd_rp2040.c.obj
                0x10004914                dcd_edpt0_status_complete
 .text.dcd_edpt_open
                0x10004930       0x40 CMakeFiles/pio_ws2812.dir/C_/Users/zlhgl/ese5190_lab2/pico/Downloads/pico-sdk/lib/tinyusb/src/portable/raspberrypi/rp2040/dcd_rp2040.c.obj
                0x10004930                dcd_edpt_open
 .text.dcd_edpt_close_all
                0x10004970        0x8 CMakeFiles/pio_ws2812.dir/C_/Users/zlhgl/ese5190_lab2/pico/Downloads/pico-sdk/lib/tinyusb/src/portable/raspberrypi/rp2040/dcd_rp2040.c.obj
                0x10004970                dcd_edpt_close_all
 .text.dcd_edpt_xfer
                0x10004978       0x30 CMakeFiles/pio_ws2812.dir/C_/Users/zlhgl/ese5190_lab2/pico/Downloads/pico-sdk/lib/tinyusb/src/portable/raspberrypi/rp2040/dcd_rp2040.c.obj
                0x10004978                dcd_edpt_xfer
 .text.dcd_edpt_stall
                0x100049a8       0x2c CMakeFiles/pio_ws2812.dir/C_/Users/zlhgl/ese5190_lab2/pico/Downloads/pico-sdk/lib/tinyusb/src/portable/raspberrypi/rp2040/dcd_rp2040.c.obj
                0x100049a8                dcd_edpt_stall
 .text.dcd_edpt_clear_stall
                0x100049d4       0x20 CMakeFiles/pio_ws2812.dir/C_/Users/zlhgl/ese5190_lab2/pico/Downloads/pico-sdk/lib/tinyusb/src/portable/raspberrypi/rp2040/dcd_rp2040.c.obj
                0x100049d4                dcd_edpt_clear_stall
 .text.prepare_ep_buffer
                0x100049f4       0x6c CMakeFiles/pio_ws2812.dir/C_/Users/zlhgl/ese5190_lab2/pico/Downloads/pico-sdk/lib/tinyusb/src/portable/raspberrypi/rp2040/rp2040_usb.c.obj
 .text.sync_ep_buffer
                0x10004a60       0x78 CMakeFiles/pio_ws2812.dir/C_/Users/zlhgl/ese5190_lab2/pico/Downloads/pico-sdk/lib/tinyusb/src/portable/raspberrypi/rp2040/rp2040_usb.c.obj
 .text._hw_endpoint_xfer_sync
                0x10004ad8       0x28 CMakeFiles/pio_ws2812.dir/C_/Users/zlhgl/ese5190_lab2/pico/Downloads/pico-sdk/lib/tinyusb/src/portable/raspberrypi/rp2040/rp2040_usb.c.obj
 .text.rp2040_usb_init
                0x10004b00       0x4c CMakeFiles/pio_ws2812.dir/C_/Users/zlhgl/ese5190_lab2/pico/Downloads/pico-sdk/lib/tinyusb/src/portable/raspberrypi/rp2040/rp2040_usb.c.obj
                0x10004b00                rp2040_usb_init
 .text.hw_endpoint_reset_transfer
                0x10004b4c        0xc CMakeFiles/pio_ws2812.dir/C_/Users/zlhgl/ese5190_lab2/pico/Downloads/pico-sdk/lib/tinyusb/src/portable/raspberrypi/rp2040/rp2040_usb.c.obj
                0x10004b4c                hw_endpoint_reset_transfer
 .text._hw_endpoint_buffer_control_update32
                0x10004b58       0x58 CMakeFiles/pio_ws2812.dir/C_/Users/zlhgl/ese5190_lab2/pico/Downloads/pico-sdk/lib/tinyusb/src/portable/raspberrypi/rp2040/rp2040_usb.c.obj
                0x10004b58                _hw_endpoint_buffer_control_update32
 .text._hw_endpoint_start_next_buffer
                0x10004bb0       0x74 CMakeFiles/pio_ws2812.dir/C_/Users/zlhgl/ese5190_lab2/pico/Downloads/pico-sdk/lib/tinyusb/src/portable/raspberrypi/rp2040/rp2040_usb.c.obj
 .text.hw_endpoint_xfer_start
                0x10004c24       0x48 CMakeFiles/pio_ws2812.dir/C_/Users/zlhgl/ese5190_lab2/pico/Downloads/pico-sdk/lib/tinyusb/src/portable/raspberrypi/rp2040/rp2040_usb.c.obj
                0x10004c24                hw_endpoint_xfer_start
 .text.hw_endpoint_xfer_continue
                0x10004c6c       0x38 CMakeFiles/pio_ws2812.dir/C_/Users/zlhgl/ese5190_lab2/pico/Downloads/pico-sdk/lib/tinyusb/src/portable/raspberrypi/rp2040/rp2040_usb.c.obj
                0x10004c6c                hw_endpoint_xfer_continue
 .text.configuration_reset
                0x10004ca4       0x84 CMakeFiles/pio_ws2812.dir/C_/Users/zlhgl/ese5190_lab2/pico/Downloads/pico-sdk/lib/tinyusb/src/device/usbd.c.obj
 .text.osal_queue_receive
                0x10004d28       0x30 CMakeFiles/pio_ws2812.dir/C_/Users/zlhgl/ese5190_lab2/pico/Downloads/pico-sdk/lib/tinyusb/src/device/usbd.c.obj
 .text.usbd_reset
                0x10004d58        0xc CMakeFiles/pio_ws2812.dir/C_/Users/zlhgl/ese5190_lab2/pico/Downloads/pico-sdk/lib/tinyusb/src/device/usbd.c.obj
 .text.invoke_class_control
                0x10004d64       0x1a CMakeFiles/pio_ws2812.dir/C_/Users/zlhgl/ese5190_lab2/pico/Downloads/pico-sdk/lib/tinyusb/src/device/usbd.c.obj
 *fill*         0x10004d7e        0x2 
 .text.process_set_config
                0x10004d80      0x1b0 CMakeFiles/pio_ws2812.dir/C_/Users/zlhgl/ese5190_lab2/pico/Downloads/pico-sdk/lib/tinyusb/src/device/usbd.c.obj
 .text.process_get_descriptor
                0x10004f30       0xec CMakeFiles/pio_ws2812.dir/C_/Users/zlhgl/ese5190_lab2/pico/Downloads/pico-sdk/lib/tinyusb/src/device/usbd.c.obj
 .text.osal_queue_send
                0x1000501c       0x4c CMakeFiles/pio_ws2812.dir/C_/Users/zlhgl/ese5190_lab2/pico/Downloads/pico-sdk/lib/tinyusb/src/device/usbd.c.obj
 .text.tud_mounted
                0x10005068       0x10 CMakeFiles/pio_ws2812.dir/C_/Users/zlhgl/ese5190_lab2/pico/Downloads/pico-sdk/lib/tinyusb/src/device/usbd.c.obj
                0x10005068                tud_mounted
 .text.tud_suspended
                0x10005078       0x10 CMakeFiles/pio_ws2812.dir/C_/Users/zlhgl/ese5190_lab2/pico/Downloads/pico-sdk/lib/tinyusb/src/device/usbd.c.obj
                0x10005078                tud_suspended
 .text.tud_inited
                0x10005088        0xc CMakeFiles/pio_ws2812.dir/C_/Users/zlhgl/ese5190_lab2/pico/Downloads/pico-sdk/lib/tinyusb/src/device/usbd.c.obj
                0x10005088                tud_inited
 .text.tud_init
                0x10005094       0xcc CMakeFiles/pio_ws2812.dir/C_/Users/zlhgl/ese5190_lab2/pico/Downloads/pico-sdk/lib/tinyusb/src/device/usbd.c.obj
                0x10005094                tud_init
 .text.dcd_event_handler
                0x10005160       0xd4 CMakeFiles/pio_ws2812.dir/C_/Users/zlhgl/ese5190_lab2/pico/Downloads/pico-sdk/lib/tinyusb/src/device/usbd.c.obj
                0x10005160                dcd_event_handler
 .text.dcd_event_bus_signal
                0x10005234       0x26 CMakeFiles/pio_ws2812.dir/C_/Users/zlhgl/ese5190_lab2/pico/Downloads/pico-sdk/lib/tinyusb/src/device/usbd.c.obj
                0x10005234                dcd_event_bus_signal
 .text.dcd_event_bus_reset
                0x1000525a       0x2a CMakeFiles/pio_ws2812.dir/C_/Users/zlhgl/ese5190_lab2/pico/Downloads/pico-sdk/lib/tinyusb/src/device/usbd.c.obj
                0x1000525a                dcd_event_bus_reset
 .text.dcd_event_setup_received
                0x10005284       0x34 CMakeFiles/pio_ws2812.dir/C_/Users/zlhgl/ese5190_lab2/pico/Downloads/pico-sdk/lib/tinyusb/src/device/usbd.c.obj
                0x10005284                dcd_event_setup_received
 .text.dcd_event_xfer_complete
                0x100052b8       0x44 CMakeFiles/pio_ws2812.dir/C_/Users/zlhgl/ese5190_lab2/pico/Downloads/pico-sdk/lib/tinyusb/src/device/usbd.c.obj
                0x100052b8                dcd_event_xfer_complete
 .text.usbd_edpt_open
                0x100052fc       0x58 CMakeFiles/pio_ws2812.dir/C_/Users/zlhgl/ese5190_lab2/pico/Downloads/pico-sdk/lib/tinyusb/src/device/usbd.c.obj
                0x100052fc                usbd_edpt_open
 .text.usbd_open_edpt_pair
                0x10005354       0x8c CMakeFiles/pio_ws2812.dir/C_/Users/zlhgl/ese5190_lab2/pico/Downloads/pico-sdk/lib/tinyusb/src/device/usbd.c.obj
                0x10005354                usbd_open_edpt_pair
 .text.usbd_edpt_claim
                0x100053e0       0x8c CMakeFiles/pio_ws2812.dir/C_/Users/zlhgl/ese5190_lab2/pico/Downloads/pico-sdk/lib/tinyusb/src/device/usbd.c.obj
                0x100053e0                usbd_edpt_claim
 .text.usbd_edpt_release
                0x1000546c       0x60 CMakeFiles/pio_ws2812.dir/C_/Users/zlhgl/ese5190_lab2/pico/Downloads/pico-sdk/lib/tinyusb/src/device/usbd.c.obj
                0x1000546c                usbd_edpt_release
 .text.usbd_edpt_xfer
                0x100054cc       0x80 CMakeFiles/pio_ws2812.dir/C_/Users/zlhgl/ese5190_lab2/pico/Downloads/pico-sdk/lib/tinyusb/src/device/usbd.c.obj
                0x100054cc                usbd_edpt_xfer
 .text.usbd_edpt_stall
                0x1000554c       0x40 CMakeFiles/pio_ws2812.dir/C_/Users/zlhgl/ese5190_lab2/pico/Downloads/pico-sdk/lib/tinyusb/src/device/usbd.c.obj
                0x1000554c                usbd_edpt_stall
 .text.usbd_edpt_clear_stall
                0x1000558c       0x40 CMakeFiles/pio_ws2812.dir/C_/Users/zlhgl/ese5190_lab2/pico/Downloads/pico-sdk/lib/tinyusb/src/device/usbd.c.obj
                0x1000558c                usbd_edpt_clear_stall
 .text.usbd_edpt_stalled
                0x100055cc       0x1c CMakeFiles/pio_ws2812.dir/C_/Users/zlhgl/ese5190_lab2/pico/Downloads/pico-sdk/lib/tinyusb/src/device/usbd.c.obj
                0x100055cc                usbd_edpt_stalled
 .text.process_control_request
                0x100055e8      0x3b0 CMakeFiles/pio_ws2812.dir/C_/Users/zlhgl/ese5190_lab2/pico/Downloads/pico-sdk/lib/tinyusb/src/device/usbd.c.obj
 .text.tud_task
                0x10005998      0x1f0 CMakeFiles/pio_ws2812.dir/C_/Users/zlhgl/ese5190_lab2/pico/Downloads/pico-sdk/lib/tinyusb/src/device/usbd.c.obj
                0x10005998                tud_task
 .text._status_stage_xact
                0x10005b88       0x1a CMakeFiles/pio_ws2812.dir/C_/Users/zlhgl/ese5190_lab2/pico/Downloads/pico-sdk/lib/tinyusb/src/device/usbd_control.c.obj
 *fill*         0x10005ba2        0x2 
 .text._data_stage_xact
                0x10005ba4       0x58 CMakeFiles/pio_ws2812.dir/C_/Users/zlhgl/ese5190_lab2/pico/Downloads/pico-sdk/lib/tinyusb/src/device/usbd_control.c.obj
 .text.tud_control_status
                0x10005bfc       0x28 CMakeFiles/pio_ws2812.dir/C_/Users/zlhgl/ese5190_lab2/pico/Downloads/pico-sdk/lib/tinyusb/src/device/usbd_control.c.obj
                0x10005bfc                tud_control_status
 .text.tud_control_xfer
                0x10005c24       0x98 CMakeFiles/pio_ws2812.dir/C_/Users/zlhgl/ese5190_lab2/pico/Downloads/pico-sdk/lib/tinyusb/src/device/usbd_control.c.obj
                0x10005c24                tud_control_xfer
 .text.usbd_control_reset
                0x10005cbc       0x14 CMakeFiles/pio_ws2812.dir/C_/Users/zlhgl/ese5190_lab2/pico/Downloads/pico-sdk/lib/tinyusb/src/device/usbd_control.c.obj
                0x10005cbc                usbd_control_reset
 .text.usbd_control_set_complete_callback
                0x10005cd0        0xc CMakeFiles/pio_ws2812.dir/C_/Users/zlhgl/ese5190_lab2/pico/Downloads/pico-sdk/lib/tinyusb/src/device/usbd_control.c.obj
                0x10005cd0                usbd_control_set_complete_callback
 .text.usbd_control_set_request
                0x10005cdc       0x1c CMakeFiles/pio_ws2812.dir/C_/Users/zlhgl/ese5190_lab2/pico/Downloads/pico-sdk/lib/tinyusb/src/device/usbd_control.c.obj
                0x10005cdc                usbd_control_set_request
 .text.usbd_control_xfer_cb
                0x10005cf8       0xe8 CMakeFiles/pio_ws2812.dir/C_/Users/zlhgl/ese5190_lab2/pico/Downloads/pico-sdk/lib/tinyusb/src/device/usbd_control.c.obj
                0x10005cf8                usbd_control_xfer_cb
 .text._prep_out_transaction
                0x10005de0       0x46 CMakeFiles/pio_ws2812.dir/C_/Users/zlhgl/ese5190_lab2/pico/Downloads/pico-sdk/lib/tinyusb/src/class/cdc/cdc_device.c.obj
 *fill*         0x10005e26        0x2 
 .text.tud_cdc_n_connected
                0x10005e28       0x38 CMakeFiles/pio_ws2812.dir/C_/Users/zlhgl/ese5190_lab2/pico/Downloads/pico-sdk/lib/tinyusb/src/class/cdc/cdc_device.c.obj
                0x10005e28                tud_cdc_n_connected
 .text.tud_cdc_n_available
                0x10005e60       0x18 CMakeFiles/pio_ws2812.dir/C_/Users/zlhgl/ese5190_lab2/pico/Downloads/pico-sdk/lib/tinyusb/src/class/cdc/cdc_device.c.obj
                0x10005e60                tud_cdc_n_available
 .text.tud_cdc_n_read
                0x10005e78       0x28 CMakeFiles/pio_ws2812.dir/C_/Users/zlhgl/ese5190_lab2/pico/Downloads/pico-sdk/lib/tinyusb/src/class/cdc/cdc_device.c.obj
                0x10005e78                tud_cdc_n_read
 .text.tud_cdc_n_write_flush
                0x10005ea0       0xcc CMakeFiles/pio_ws2812.dir/C_/Users/zlhgl/ese5190_lab2/pico/Downloads/pico-sdk/lib/tinyusb/src/class/cdc/cdc_device.c.obj
                0x10005ea0                tud_cdc_n_write_flush
 .text.tud_cdc_n_write
                0x10005f6c       0x38 CMakeFiles/pio_ws2812.dir/C_/Users/zlhgl/ese5190_lab2/pico/Downloads/pico-sdk/lib/tinyusb/src/class/cdc/cdc_device.c.obj
                0x10005f6c                tud_cdc_n_write
 .text.tud_cdc_n_write_available
                0x10005fa4       0x1c CMakeFiles/pio_ws2812.dir/C_/Users/zlhgl/ese5190_lab2/pico/Downloads/pico-sdk/lib/tinyusb/src/class/cdc/cdc_device.c.obj
                0x10005fa4                tud_cdc_n_write_available
 .text.cdcd_init
                0x10005fc0       0xbc CMakeFiles/pio_ws2812.dir/C_/Users/zlhgl/ese5190_lab2/pico/Downloads/pico-sdk/lib/tinyusb/src/class/cdc/cdc_device.c.obj
                0x10005fc0                cdcd_init
 .text.cdcd_reset
                0x1000607c       0x44 CMakeFiles/pio_ws2812.dir/C_/Users/zlhgl/ese5190_lab2/pico/Downloads/pico-sdk/lib/tinyusb/src/class/cdc/cdc_device.c.obj
                0x1000607c                cdcd_reset
 .text.cdcd_open
                0x100060c0       0xf0 CMakeFiles/pio_ws2812.dir/C_/Users/zlhgl/ese5190_lab2/pico/Downloads/pico-sdk/lib/tinyusb/src/class/cdc/cdc_device.c.obj
                0x100060c0                cdcd_open
 .text.cdcd_control_xfer_cb
                0x100061b0      0x134 CMakeFiles/pio_ws2812.dir/C_/Users/zlhgl/ese5190_lab2/pico/Downloads/pico-sdk/lib/tinyusb/src/class/cdc/cdc_device.c.obj
                0x100061b0                cdcd_control_xfer_cb
 .text.cdcd_xfer_cb
                0x100062e4      0x144 CMakeFiles/pio_ws2812.dir/C_/Users/zlhgl/ese5190_lab2/pico/Downloads/pico-sdk/lib/tinyusb/src/class/cdc/cdc_device.c.obj
                0x100062e4                cdcd_xfer_cb
 .text.tusb_init
                0x10006428       0x24 CMakeFiles/pio_ws2812.dir/C_/Users/zlhgl/ese5190_lab2/pico/Downloads/pico-sdk/lib/tinyusb/src/tusb.c.obj
                0x10006428                tusb_init
 .text.tusb_inited
                0x1000644c        0xe CMakeFiles/pio_ws2812.dir/C_/Users/zlhgl/ese5190_lab2/pico/Downloads/pico-sdk/lib/tinyusb/src/tusb.c.obj
                0x1000644c                tusb_inited
 *fill*         0x1000645a        0x2 
 .text.tu_edpt_validate
                0x1000645c       0xa8 CMakeFiles/pio_ws2812.dir/C_/Users/zlhgl/ese5190_lab2/pico/Downloads/pico-sdk/lib/tinyusb/src/tusb.c.obj
                0x1000645c                tu_edpt_validate
 .text.tu_edpt_bind_driver
                0x10006504       0x2a CMakeFiles/pio_ws2812.dir/C_/Users/zlhgl/ese5190_lab2/pico/Downloads/pico-sdk/lib/tinyusb/src/tusb.c.obj
                0x10006504                tu_edpt_bind_driver
 .text.advance_pointer
                0x1000652e       0x18 CMakeFiles/pio_ws2812.dir/C_/Users/zlhgl/ese5190_lab2/pico/Downloads/pico-sdk/lib/tinyusb/src/common/tusb_fifo.c.obj
 .text.backward_pointer
                0x10006546       0x1e CMakeFiles/pio_ws2812.dir/C_/Users/zlhgl/ese5190_lab2/pico/Downloads/pico-sdk/lib/tinyusb/src/common/tusb_fifo.c.obj
 .text.get_relative_pointer
                0x10006564       0x10 CMakeFiles/pio_ws2812.dir/C_/Users/zlhgl/ese5190_lab2/pico/Downloads/pico-sdk/lib/tinyusb/src/common/tusb_fifo.c.obj
 .text._tu_fifo_peek
                0x10006574       0x50 CMakeFiles/pio_ws2812.dir/C_/Users/zlhgl/ese5190_lab2/pico/Downloads/pico-sdk/lib/tinyusb/src/common/tusb_fifo.c.obj
 .text._ff_pull_const_addr
                0x100065c4       0x4c CMakeFiles/pio_ws2812.dir/C_/Users/zlhgl/ese5190_lab2/pico/Downloads/pico-sdk/lib/tinyusb/src/common/tusb_fifo.c.obj
 .text._ff_pull_n
                0x10006610      0x10c CMakeFiles/pio_ws2812.dir/C_/Users/zlhgl/ese5190_lab2/pico/Downloads/pico-sdk/lib/tinyusb/src/common/tusb_fifo.c.obj
 .text._tu_fifo_peek_n
                0x1000671c       0x5e CMakeFiles/pio_ws2812.dir/C_/Users/zlhgl/ese5190_lab2/pico/Downloads/pico-sdk/lib/tinyusb/src/common/tusb_fifo.c.obj
 .text._tu_fifo_read_n
                0x1000677a       0x4e CMakeFiles/pio_ws2812.dir/C_/Users/zlhgl/ese5190_lab2/pico/Downloads/pico-sdk/lib/tinyusb/src/common/tusb_fifo.c.obj
 .text._ff_push_const_addr
                0x100067c8       0x40 CMakeFiles/pio_ws2812.dir/C_/Users/zlhgl/ese5190_lab2/pico/Downloads/pico-sdk/lib/tinyusb/src/common/tusb_fifo.c.obj
 .text._ff_push_n
                0x10006808      0x108 CMakeFiles/pio_ws2812.dir/C_/Users/zlhgl/ese5190_lab2/pico/Downloads/pico-sdk/lib/tinyusb/src/common/tusb_fifo.c.obj
 .text._tu_fifo_write_n
                0x10006910       0x9e CMakeFiles/pio_ws2812.dir/C_/Users/zlhgl/ese5190_lab2/pico/Downloads/pico-sdk/lib/tinyusb/src/common/tusb_fifo.c.obj
 .text.tu_fifo_config
                0x100069ae       0x72 CMakeFiles/pio_ws2812.dir/C_/Users/zlhgl/ese5190_lab2/pico/Downloads/pico-sdk/lib/tinyusb/src/common/tusb_fifo.c.obj
                0x100069ae                tu_fifo_config
 .text.tu_fifo_count
                0x10006a20       0x26 CMakeFiles/pio_ws2812.dir/C_/Users/zlhgl/ese5190_lab2/pico/Downloads/pico-sdk/lib/tinyusb/src/common/tusb_fifo.c.obj
                0x10006a20                tu_fifo_count
 .text.tu_fifo_empty
                0x10006a46        0xe CMakeFiles/pio_ws2812.dir/C_/Users/zlhgl/ese5190_lab2/pico/Downloads/pico-sdk/lib/tinyusb/src/common/tusb_fifo.c.obj
                0x10006a46                tu_fifo_empty
 .text.tu_fifo_remaining
                0x10006a54       0x20 CMakeFiles/pio_ws2812.dir/C_/Users/zlhgl/ese5190_lab2/pico/Downloads/pico-sdk/lib/tinyusb/src/common/tusb_fifo.c.obj
                0x10006a54                tu_fifo_remaining
 .text.tu_fifo_read
                0x10006a74       0x42 CMakeFiles/pio_ws2812.dir/C_/Users/zlhgl/ese5190_lab2/pico/Downloads/pico-sdk/lib/tinyusb/src/common/tusb_fifo.c.obj
                0x10006a74                tu_fifo_read
 .text.tu_fifo_read_n
                0x10006ab6        0xa CMakeFiles/pio_ws2812.dir/C_/Users/zlhgl/ese5190_lab2/pico/Downloads/pico-sdk/lib/tinyusb/src/common/tusb_fifo.c.obj
                0x10006ab6                tu_fifo_read_n
 .text.tu_fifo_write
                0x10006ac0       0x6a CMakeFiles/pio_ws2812.dir/C_/Users/zlhgl/ese5190_lab2/pico/Downloads/pico-sdk/lib/tinyusb/src/common/tusb_fifo.c.obj
                0x10006ac0                tu_fifo_write
 .text.tu_fifo_write_n
                0x10006b2a        0xa CMakeFiles/pio_ws2812.dir/C_/Users/zlhgl/ese5190_lab2/pico/Downloads/pico-sdk/lib/tinyusb/src/common/tusb_fifo.c.obj
                0x10006b2a                tu_fifo_write_n
 .text.tu_fifo_clear
                0x10006b34       0x4c CMakeFiles/pio_ws2812.dir/C_/Users/zlhgl/ese5190_lab2/pico/Downloads/pico-sdk/lib/tinyusb/src/common/tusb_fifo.c.obj
                0x10006b34                tu_fifo_clear
 .text.tu_fifo_set_overwritable
                0x10006b80       0x3c CMakeFiles/pio_ws2812.dir/C_/Users/zlhgl/ese5190_lab2/pico/Downloads/pico-sdk/lib/tinyusb/src/common/tusb_fifo.c.obj
                0x10006b80                tu_fifo_set_overwritable
 .text._retrieve_unique_id_on_boot
                0x10006bbc       0x10 CMakeFiles/pio_ws2812.dir/C_/Users/zlhgl/ese5190_lab2/pico/Downloads/pico-sdk/src/rp2_common/pico_unique_id/unique_id.c.obj
 .text.pico_get_unique_board_id_string
                0x10006bcc       0x5c CMakeFiles/pio_ws2812.dir/C_/Users/zlhgl/ese5190_lab2/pico/Downloads/pico-sdk/src/rp2_common/pico_unique_id/unique_id.c.obj
                0x10006bcc                pico_get_unique_board_id_string
 .text.flash_get_unique_id
                0x10006c28       0x46 CMakeFiles/pio_ws2812.dir/C_/Users/zlhgl/ese5190_lab2/pico/Downloads/pico-sdk/src/rp2_common/hardware_flash/flash.c.obj
                0x10006c28                flash_get_unique_id
 .text.pio_get_default_sm_config
                0x10006c6e       0x28 CMakeFiles/pio_ws2812.dir/C_/Users/zlhgl/ese5190_lab2/pico/Downloads/pico-sdk/src/rp2_common/hardware_pio/pio.c.obj
 *fill*         0x10006c96        0x2 
 .text._pio_can_add_program_at_offset
                0x10006c98       0x3c CMakeFiles/pio_ws2812.dir/C_/Users/zlhgl/ese5190_lab2/pico/Downloads/pico-sdk/src/rp2_common/hardware_pio/pio.c.obj
 .text._pio_find_offset_for_program
                0x10006cd4       0x7c CMakeFiles/pio_ws2812.dir/C_/Users/zlhgl/ese5190_lab2/pico/Downloads/pico-sdk/src/rp2_common/hardware_pio/pio.c.obj
 .text._pio_add_program_at_offset
                0x10006d50       0x7c CMakeFiles/pio_ws2812.dir/C_/Users/zlhgl/ese5190_lab2/pico/Downloads/pico-sdk/src/rp2_common/hardware_pio/pio.c.obj
 .text.pio_add_program
                0x10006dcc       0x38 CMakeFiles/pio_ws2812.dir/C_/Users/zlhgl/ese5190_lab2/pico/Downloads/pico-sdk/src/rp2_common/hardware_pio/pio.c.obj
                0x10006dcc                pio_add_program
 .text.pio_sm_set_consecutive_pindirs
                0x10006e04       0x70 CMakeFiles/pio_ws2812.dir/C_/Users/zlhgl/ese5190_lab2/pico/Downloads/pico-sdk/src/rp2_common/hardware_pio/pio.c.obj
                0x10006e04                pio_sm_set_consecutive_pindirs
 .text.pio_sm_init
                0x10006e74       0xb4 CMakeFiles/pio_ws2812.dir/C_/Users/zlhgl/ese5190_lab2/pico/Downloads/pico-sdk/src/rp2_common/hardware_pio/pio.c.obj
                0x10006e74                pio_sm_init
 .text.strlen   0x10006f28       0x5c c:/progra~2/armgnu~1/1213fb~1.2mp/bin/../lib/gcc/arm-none-eabi/12.2.0/thumb/v6-m/nofp\libg.a(libc_a-strlen-stub.o)
                0x10006f28                strlen
 *(.fini)
 .fini          0x10006f84        0x4 c:/progra~2/armgnu~1/1213fb~1.2mp/bin/../lib/gcc/arm-none-eabi/12.2.0/thumb/v6-m/nofp/crti.o
                0x10006f84                _fini
 .fini.__stub   0x10006f88       0x70 linker stubs
 *crtbegin.o(.ctors)
 *crtbegin?.o(.ctors)
 *(EXCLUDE_FILE(*crtend.o *crtend?.o) .ctors)
 *(SORT_BY_NAME(.ctors.*))
 *(.ctors)
 *crtbegin.o(.dtors)
 *crtbegin?.o(.dtors)
 *(EXCLUDE_FILE(*crtend.o *crtend?.o) .dtors)
 *(SORT_BY_NAME(.dtors.*))
 *(.dtors)
 *(.eh_frame*)
 .eh_frame      0x10006ff8        0x0 c:/progra~2/armgnu~1/1213fb~1.2mp/bin/../lib/gcc/arm-none-eabi/12.2.0/thumb/v6-m/nofp/crtbegin.o
                0x10006ff8                        . = ALIGN (0x4)

.glue_7         0x10006ff8        0x0
 .glue_7        0x10006ff8        0x0 linker stubs

.glue_7t        0x10006ff8        0x0
 .glue_7t       0x10006ff8        0x0 linker stubs

.vfp11_veneer   0x10006ff8        0x0
 .vfp11_veneer  0x10006ff8        0x0 linker stubs

.v4_bx          0x10006ff8        0x0
 .v4_bx         0x10006ff8        0x0 linker stubs

.iplt           0x10006ff8        0x0
 .iplt          0x10006ff8        0x0 c:/progra~2/armgnu~1/1213fb~1.2mp/bin/../lib/gcc/arm-none-eabi/12.2.0/thumb/v6-m/nofp/crtbegin.o

.rodata         0x10006ff8     0x19a4
 *(EXCLUDE_FILE(*libm.a: *libc.a:*lib_a-mem*.o *libgcc.a:) .rodata*)
 .rodata.main.str1.4
                0x10006ff8       0x43 CMakeFiles/pio_ws2812.dir/ws2812.c.obj
 *fill*         0x1000703b        0x1 
 .rodata.ws2812_program
                0x1000703c        0x6 CMakeFiles/pio_ws2812.dir/ws2812.c.obj
 *fill*         0x10007042        0x2 
 .rodata.ws2812_program_instructions
                0x10007044        0x8 CMakeFiles/pio_ws2812.dir/ws2812.c.obj
 .rodata.spin_lock_claim_unused.str1.4
                0x1000704c       0x1b CMakeFiles/pio_ws2812.dir/C_/Users/zlhgl/ese5190_lab2/pico/Downloads/pico-sdk/src/rp2_common/hardware_sync/sync.c.obj
 *fill*         0x10007067        0x1 
 .rodata.resolve_branch.str1.4
                0x10007068       0x6e CMakeFiles/pio_ws2812.dir/C_/Users/zlhgl/ese5190_lab2/pico/Downloads/pico-sdk/src/rp2_common/hardware_irq/irq.c.obj
 *fill*         0x100070d6        0x2 
 .rodata.make_branch.str1.4
                0x100070d8       0x30 CMakeFiles/pio_ws2812.dir/C_/Users/zlhgl/ese5190_lab2/pico/Downloads/pico-sdk/src/rp2_common/hardware_irq/irq.c.obj
 .rodata.insert_branch_and_link.str1.4
                0x10007108       0x10 CMakeFiles/pio_ws2812.dir/C_/Users/zlhgl/ese5190_lab2/pico/Downloads/pico-sdk/src/rp2_common/hardware_irq/irq.c.obj
 .rodata.irq_set_exclusive_handler.str1.4
                0x10007118       0x36 CMakeFiles/pio_ws2812.dir/C_/Users/zlhgl/ese5190_lab2/pico/Downloads/pico-sdk/src/rp2_common/hardware_irq/irq.c.obj
 *fill*         0x1000714e        0x2 
 .rodata.irq_add_shared_handler.str1.4
                0x10007150       0xc2 CMakeFiles/pio_ws2812.dir/C_/Users/zlhgl/ese5190_lab2/pico/Downloads/pico-sdk/src/rp2_common/hardware_irq/irq.c.obj
 *fill*         0x10007212        0x2 
 .rodata.irq_remove_handler.str1.4
                0x10007214       0x2a CMakeFiles/pio_ws2812.dir/C_/Users/zlhgl/ese5190_lab2/pico/Downloads/pico-sdk/src/rp2_common/hardware_irq/irq.c.obj
 *fill*         0x1000723e        0x2 
 .rodata.irq_add_tail_to_free_list.str1.4
                0x10007240       0x3a CMakeFiles/pio_ws2812.dir/C_/Users/zlhgl/ese5190_lab2/pico/Downloads/pico-sdk/src/rp2_common/hardware_irq/irq.c.obj
 *fill*         0x1000727a        0x2 
 .rodata.user_irq_claim_unused.str1.4
                0x1000727c       0x1b CMakeFiles/pio_ws2812.dir/C_/Users/zlhgl/ese5190_lab2/pico/Downloads/pico-sdk/src/rp2_common/hardware_irq/irq.c.obj
 *fill*         0x10007297        0x1 
 .rodata.__func__.0
                0x10007298       0x1a CMakeFiles/pio_ws2812.dir/C_/Users/zlhgl/ese5190_lab2/pico/Downloads/pico-sdk/src/rp2_common/hardware_irq/irq.c.obj
 *fill*         0x100072b2        0x2 
 .rodata.__func__.1
                0x100072b4       0x17 CMakeFiles/pio_ws2812.dir/C_/Users/zlhgl/ese5190_lab2/pico/Downloads/pico-sdk/src/rp2_common/hardware_irq/irq.c.obj
 *fill*         0x100072cb        0x1 
 .rodata.__func__.2
                0x100072cc       0x13 CMakeFiles/pio_ws2812.dir/C_/Users/zlhgl/ese5190_lab2/pico/Downloads/pico-sdk/src/rp2_common/hardware_irq/irq.c.obj
 *fill*         0x100072df        0x1 
 .rodata.__func__.3
                0x100072e0        0xc CMakeFiles/pio_ws2812.dir/C_/Users/zlhgl/ese5190_lab2/pico/Downloads/pico-sdk/src/rp2_common/hardware_irq/irq.c.obj
 .rodata.__func__.4
                0x100072ec        0xf CMakeFiles/pio_ws2812.dir/C_/Users/zlhgl/ese5190_lab2/pico/Downloads/pico-sdk/src/rp2_common/hardware_irq/irq.c.obj
 *fill*         0x100072fb        0x1 
 .rodata.__func__.5
                0x100072fc       0x17 CMakeFiles/pio_ws2812.dir/C_/Users/zlhgl/ese5190_lab2/pico/Downloads/pico-sdk/src/rp2_common/hardware_irq/irq.c.obj
 *fill*         0x10007313        0x1 
 .rodata.__func__.6
                0x10007314       0x1a CMakeFiles/pio_ws2812.dir/C_/Users/zlhgl/ese5190_lab2/pico/Downloads/pico-sdk/src/rp2_common/hardware_irq/irq.c.obj
 *fill*         0x1000732e        0x2 
 .rodata.get_entry.str1.4
                0x10007330       0x74 CMakeFiles/pio_ws2812.dir/C_/Users/zlhgl/ese5190_lab2/pico/Downloads/pico-sdk/src/common/pico_time/time.c.obj
 .rodata.update_us_since_boot.str1.4
                0x100073a4       0x7a CMakeFiles/pio_ws2812.dir/C_/Users/zlhgl/ese5190_lab2/pico/Downloads/pico-sdk/src/common/pico_time/time.c.obj
 *fill*         0x1000741e        0x2 
 .rodata.ph_get_node.str1.4
                0x10007420       0x7f CMakeFiles/pio_ws2812.dir/C_/Users/zlhgl/ese5190_lab2/pico/Downloads/pico-sdk/src/common/pico_time/time.c.obj
 *fill*         0x1000749f        0x1 
 .rodata.ph_add_child_node.str1.4
                0x100074a0       0x2e CMakeFiles/pio_ws2812.dir/C_/Users/zlhgl/ese5190_lab2/pico/Downloads/pico-sdk/src/common/pico_time/time.c.obj
 *fill*         0x100074ce        0x2 
 .rodata.ph_insert_node.str1.4
                0x100074d0        0x3 CMakeFiles/pio_ws2812.dir/C_/Users/zlhgl/ese5190_lab2/pico/Downloads/pico-sdk/src/common/pico_time/time.c.obj
 *fill*         0x100074d3        0x1 
 .rodata.ph_free_node.str1.4
                0x100074d4       0x22 CMakeFiles/pio_ws2812.dir/C_/Users/zlhgl/ese5190_lab2/pico/Downloads/pico-sdk/src/common/pico_time/time.c.obj
 *fill*         0x100074f6        0x2 
 .rodata.add_alarm_under_lock.str1.4
                0x100074f8       0x28 CMakeFiles/pio_ws2812.dir/C_/Users/zlhgl/ese5190_lab2/pico/Downloads/pico-sdk/src/common/pico_time/time.c.obj
 .rodata.alarm_pool_alarm_callback.str1.4
                0x10007520       0x60 CMakeFiles/pio_ws2812.dir/C_/Users/zlhgl/ese5190_lab2/pico/Downloads/pico-sdk/src/common/pico_time/time.c.obj
 .rodata.alarm_pool_get_default.str1.4
                0x10007580       0x21 CMakeFiles/pio_ws2812.dir/C_/Users/zlhgl/ese5190_lab2/pico/Downloads/pico-sdk/src/common/pico_time/time.c.obj
 *fill*         0x100075a1        0x3 
 .rodata.alarm_pool_cancel_alarm.str1.4
                0x100075a4       0x27 CMakeFiles/pio_ws2812.dir/C_/Users/zlhgl/ese5190_lab2/pico/Downloads/pico-sdk/src/common/pico_time/time.c.obj
 *fill*         0x100075cb        0x1 
 .rodata.sleep_until.str1.4
                0x100075cc       0x4d CMakeFiles/pio_ws2812.dir/C_/Users/zlhgl/ese5190_lab2/pico/Downloads/pico-sdk/src/common/pico_time/time.c.obj
 *fill*         0x10007619        0x3 
 .rodata.__func__.1
                0x1000761c       0x18 CMakeFiles/pio_ws2812.dir/C_/Users/zlhgl/ese5190_lab2/pico/Downloads/pico-sdk/src/common/pico_time/time.c.obj
 .rodata.__func__.3
                0x10007634       0x17 CMakeFiles/pio_ws2812.dir/C_/Users/zlhgl/ese5190_lab2/pico/Downloads/pico-sdk/src/common/pico_time/time.c.obj
 *fill*         0x1000764b        0x1 
 .rodata.__func__.4
                0x1000764c       0x12 CMakeFiles/pio_ws2812.dir/C_/Users/zlhgl/ese5190_lab2/pico/Downloads/pico-sdk/src/common/pico_time/time.c.obj
 *fill*         0x1000765e        0x2 
 .rodata.__func__.5
                0x10007660        0xd CMakeFiles/pio_ws2812.dir/C_/Users/zlhgl/ese5190_lab2/pico/Downloads/pico-sdk/src/common/pico_time/time.c.obj
 *fill*         0x1000766d        0x3 
 .rodata.__func__.6
                0x10007670       0x12 CMakeFiles/pio_ws2812.dir/C_/Users/zlhgl/ese5190_lab2/pico/Downloads/pico-sdk/src/common/pico_time/time.c.obj
 *fill*         0x10007682        0x2 
 .rodata.__func__.7
                0x10007684        0xf CMakeFiles/pio_ws2812.dir/C_/Users/zlhgl/ese5190_lab2/pico/Downloads/pico-sdk/src/common/pico_time/time.c.obj
 *fill*         0x10007693        0x1 
 .rodata.__func__.8
                0x10007694        0xc CMakeFiles/pio_ws2812.dir/C_/Users/zlhgl/ese5190_lab2/pico/Downloads/pico-sdk/src/common/pico_time/time.c.obj
 .rodata.__func__.9
                0x100076a0       0x15 CMakeFiles/pio_ws2812.dir/C_/Users/zlhgl/ese5190_lab2/pico/Downloads/pico-sdk/src/common/pico_time/time.c.obj
 *fill*         0x100076b5        0x3 
 .rodata.__func__.10
                0x100076b8       0x15 CMakeFiles/pio_ws2812.dir/C_/Users/zlhgl/ese5190_lab2/pico/Downloads/pico-sdk/src/common/pico_time/time.c.obj
 *fill*         0x100076cd        0x3 
 .rodata.__func__.11
                0x100076d0       0x1a CMakeFiles/pio_ws2812.dir/C_/Users/zlhgl/ese5190_lab2/pico/Downloads/pico-sdk/src/common/pico_time/time.c.obj
 *fill*         0x100076ea        0x2 
 .rodata.__func__.12
                0x100076ec        0xa CMakeFiles/pio_ws2812.dir/C_/Users/zlhgl/ese5190_lab2/pico/Downloads/pico-sdk/src/common/pico_time/time.c.obj
 *fill*         0x100076f6        0x2 
 .rodata.hardware_alarm_claim.str1.4
                0x100076f8       0x22 CMakeFiles/pio_ws2812.dir/C_/Users/zlhgl/ese5190_lab2/pico/Downloads/pico-sdk/src/rp2_common/hardware_timer/timer.c.obj
 *fill*         0x1000771a        0x2 
 .rodata.hardware_alarm_set_target.str1.4
                0x1000771c       0x7e CMakeFiles/pio_ws2812.dir/C_/Users/zlhgl/ese5190_lab2/pico/Downloads/pico-sdk/src/rp2_common/hardware_timer/timer.c.obj
 *fill*         0x1000779a        0x2 
 .rodata.__func__.0
                0x1000779c       0x1a CMakeFiles/pio_ws2812.dir/C_/Users/zlhgl/ese5190_lab2/pico/Downloads/pico-sdk/src/rp2_common/hardware_timer/timer.c.obj
 .rodata.ph_get_node.str1.4
                0x100077b6       0x7f CMakeFiles/pio_ws2812.dir/C_/Users/zlhgl/ese5190_lab2/pico/Downloads/pico-sdk/src/common/pico_util/pheap.c.obj
 .rodata.ph_add_child_node.str1.4
                0x100077b6       0x2e CMakeFiles/pio_ws2812.dir/C_/Users/zlhgl/ese5190_lab2/pico/Downloads/pico-sdk/src/common/pico_util/pheap.c.obj
 *fill*         0x100077b6        0x2 
 .rodata.ph_remove_any_head.str1.4
                0x100077b8       0xa8 CMakeFiles/pio_ws2812.dir/C_/Users/zlhgl/ese5190_lab2/pico/Downloads/pico-sdk/src/common/pico_util/pheap.c.obj
 .rodata.ph_remove_and_free_node.str1.4
                0x10007860       0x1e CMakeFiles/pio_ws2812.dir/C_/Users/zlhgl/ese5190_lab2/pico/Downloads/pico-sdk/src/common/pico_util/pheap.c.obj
                                 0x26 (size before relaxing)
 *fill*         0x1000787e        0x2 
 .rodata.__func__.0
                0x10007880       0x18 CMakeFiles/pio_ws2812.dir/C_/Users/zlhgl/ese5190_lab2/pico/Downloads/pico-sdk/src/common/pico_util/pheap.c.obj
 .rodata.__func__.1
                0x10007898       0x13 CMakeFiles/pio_ws2812.dir/C_/Users/zlhgl/ese5190_lab2/pico/Downloads/pico-sdk/src/common/pico_util/pheap.c.obj
 *fill*         0x100078ab        0x1 
 .rodata.__func__.2
                0x100078ac       0x12 CMakeFiles/pio_ws2812.dir/C_/Users/zlhgl/ese5190_lab2/pico/Downloads/pico-sdk/src/common/pico_util/pheap.c.obj
 *fill*         0x100078be        0x2 
 .rodata.__func__.3
                0x100078c0        0xc CMakeFiles/pio_ws2812.dir/C_/Users/zlhgl/ese5190_lab2/pico/Downloads/pico-sdk/src/common/pico_util/pheap.c.obj
 .rodata.update_us_since_boot.str1.4
                0x100078cc       0x7a CMakeFiles/pio_ws2812.dir/C_/Users/zlhgl/ese5190_lab2/pico/Downloads/pico-sdk/src/common/pico_sync/mutex.c.obj
 .rodata.str1.4
                0x100078cc       0xa5 CMakeFiles/pio_ws2812.dir/C_/Users/zlhgl/ese5190_lab2/pico/Downloads/pico-sdk/src/common/pico_sync/mutex.c.obj
 *fill*         0x10007971        0x3 
 .rodata.__func__.1
                0x10007974        0xb CMakeFiles/pio_ws2812.dir/C_/Users/zlhgl/ese5190_lab2/pico/Downloads/pico-sdk/src/common/pico_sync/mutex.c.obj
 *fill*         0x1000797f        0x1 
 .rodata.__func__.3
                0x10007980       0x18 CMakeFiles/pio_ws2812.dir/C_/Users/zlhgl/ese5190_lab2/pico/Downloads/pico-sdk/src/common/pico_sync/mutex.c.obj
 .rodata.__func__.4
                0x10007998       0x15 CMakeFiles/pio_ws2812.dir/C_/Users/zlhgl/ese5190_lab2/pico/Downloads/pico-sdk/src/common/pico_sync/mutex.c.obj
 *fill*         0x100079ad        0x3 
 .rodata.__assert_func.str1.4
                0x100079b0       0x3f CMakeFiles/pio_ws2812.dir/C_/Users/zlhgl/ese5190_lab2/pico/Downloads/pico-sdk/src/rp2_common/pico_runtime/runtime.c.obj
                                 0x43 (size before relaxing)
 *fill*         0x100079ef        0x1 
 .rodata.runtime_init.str1.4
                0x100079f0       0x7a CMakeFiles/pio_ws2812.dir/C_/Users/zlhgl/ese5190_lab2/pico/Downloads/pico-sdk/src/rp2_common/pico_runtime/runtime.c.obj
 *fill*         0x10007a6a        0x2 
 .rodata.panic.str1.4
                0x10007a6c       0x12 CMakeFiles/pio_ws2812.dir/C_/Users/zlhgl/ese5190_lab2/pico/Downloads/pico-sdk/src/rp2_common/pico_runtime/runtime.c.obj
 *fill*         0x10007a7e        0x2 
 .rodata.__func__.1
                0x10007a80        0xd CMakeFiles/pio_ws2812.dir/C_/Users/zlhgl/ese5190_lab2/pico/Downloads/pico-sdk/src/rp2_common/pico_runtime/runtime.c.obj
 *fill*         0x10007a8d        0x3 
 .rodata.clock_configure.str1.4
                0x10007a90       0x70 CMakeFiles/pio_ws2812.dir/C_/Users/zlhgl/ese5190_lab2/pico/Downloads/pico-sdk/src/rp2_common/hardware_clocks/clocks.c.obj
 .rodata.__func__.1
                0x10007b00       0x10 CMakeFiles/pio_ws2812.dir/C_/Users/zlhgl/ese5190_lab2/pico/Downloads/pico-sdk/src/rp2_common/hardware_clocks/clocks.c.obj
 .rodata.pll_init.str1.4
                0x10007b10      0x153 CMakeFiles/pio_ws2812.dir/C_/Users/zlhgl/ese5190_lab2/pico/Downloads/pico-sdk/src/rp2_common/hardware_pll/pll.c.obj
 *fill*         0x10007c63        0x1 
 .rodata.__func__.0
                0x10007c64        0x9 CMakeFiles/pio_ws2812.dir/C_/Users/zlhgl/ese5190_lab2/pico/Downloads/pico-sdk/src/rp2_common/hardware_pll/pll.c.obj
 *fill*         0x10007c6d        0x3 
 .rodata._ftoa.str1.4
                0x10007c70       0x15 CMakeFiles/pio_ws2812.dir/C_/Users/zlhgl/ese5190_lab2/pico/Downloads/pico-sdk/src/rp2_common/pico_printf/printf.c.obj
 *fill*         0x10007c85        0x3 
 .rodata._vsnprintf
                0x10007c88      0x19c CMakeFiles/pio_ws2812.dir/C_/Users/zlhgl/ese5190_lab2/pico/Downloads/pico-sdk/src/rp2_common/pico_printf/printf.c.obj
 *fill*         0x10007e24        0x4 
 .rodata.pow10.0
                0x10007e28       0x50 CMakeFiles/pio_ws2812.dir/C_/Users/zlhgl/ese5190_lab2/pico/Downloads/pico-sdk/src/rp2_common/pico_printf/printf.c.obj
 .rodata.missing_double_func_shim.str1.4
                0x10007e78       0x18 CMakeFiles/pio_ws2812.dir/C_/Users/zlhgl/ese5190_lab2/pico/Downloads/pico-sdk/src/rp2_common/pico_double/double_init_rom.c.obj
 .rodata.__aeabi_double_init.str1.4
                0x10007e90       0xc1 CMakeFiles/pio_ws2812.dir/C_/Users/zlhgl/ese5190_lab2/pico/Downloads/pico-sdk/src/rp2_common/pico_double/double_init_rom.c.obj
 *fill*         0x10007f51        0x3 
 .rodata.__func__.0
                0x10007f54       0x14 CMakeFiles/pio_ws2812.dir/C_/Users/zlhgl/ese5190_lab2/pico/Downloads/pico-sdk/src/rp2_common/pico_double/double_init_rom.c.obj
 .rodata.missing_float_func_shim.str1.4
                0x10007f68        0x1 CMakeFiles/pio_ws2812.dir/C_/Users/zlhgl/ese5190_lab2/pico/Downloads/pico-sdk/src/rp2_common/pico_float/float_init_rom.c.obj
 .rodata.__aeabi_float_init.str1.4
                0x10007f68       0x93 CMakeFiles/pio_ws2812.dir/C_/Users/zlhgl/ese5190_lab2/pico/Downloads/pico-sdk/src/rp2_common/pico_float/float_init_rom.c.obj
 *fill*         0x10007ffb        0x1 
 .rodata.__func__.0
                0x10007ffc       0x13 CMakeFiles/pio_ws2812.dir/C_/Users/zlhgl/ese5190_lab2/pico/Downloads/pico-sdk/src/rp2_common/pico_float/float_init_rom.c.obj
 *fill*         0x1000800f        0x1 
 .rodata.str1.4
                0x10008010       0x94 CMakeFiles/pio_ws2812.dir/C_/Users/zlhgl/ese5190_lab2/pico/Downloads/pico-sdk/src/rp2_common/pico_standard_link/binary_info.c.obj
 .rodata.__bi_81
                0x100080a4        0xc CMakeFiles/pio_ws2812.dir/C_/Users/zlhgl/ese5190_lab2/pico/Downloads/pico-sdk/src/rp2_common/pico_standard_link/binary_info.c.obj
 .rodata.__bi_75
                0x100080b0        0xc CMakeFiles/pio_ws2812.dir/C_/Users/zlhgl/ese5190_lab2/pico/Downloads/pico-sdk/src/rp2_common/pico_standard_link/binary_info.c.obj
 .rodata.__bi_69
                0x100080bc        0xc CMakeFiles/pio_ws2812.dir/C_/Users/zlhgl/ese5190_lab2/pico/Downloads/pico-sdk/src/rp2_common/pico_standard_link/binary_info.c.obj
 .rodata.__bi_44
                0x100080c8        0xc CMakeFiles/pio_ws2812.dir/C_/Users/zlhgl/ese5190_lab2/pico/Downloads/pico-sdk/src/rp2_common/pico_standard_link/binary_info.c.obj
 .rodata.crlf_str.3
                0x100080d4        0x2 CMakeFiles/pio_ws2812.dir/C_/Users/zlhgl/ese5190_lab2/pico/Downloads/pico-sdk/src/rp2_common/pico_stdio/stdio.c.obj
 *fill*         0x100080d6        0x2 
 .rodata._resetd_driver
                0x100080d8       0x18 CMakeFiles/pio_ws2812.dir/C_/Users/zlhgl/ese5190_lab2/pico/Downloads/pico-sdk/src/rp2_common/pico_stdio_usb/reset_interface.c.obj
 .rodata.update_us_since_boot.str1.4
                0x100080f0       0x7a CMakeFiles/pio_ws2812.dir/C_/Users/zlhgl/ese5190_lab2/pico/Downloads/pico-sdk/src/rp2_common/pico_stdio_usb/stdio_usb.c.obj
 .rodata.timer_task.str1.4
                0x100080f0       0x86 CMakeFiles/pio_ws2812.dir/C_/Users/zlhgl/ese5190_lab2/pico/Downloads/pico-sdk/src/rp2_common/pico_stdio_usb/stdio_usb.c.obj
 *fill*         0x10008176        0x2 
 .rodata.__func__.0
                0x10008178       0x15 CMakeFiles/pio_ws2812.dir/C_/Users/zlhgl/ese5190_lab2/pico/Downloads/pico-sdk/src/rp2_common/pico_stdio_usb/stdio_usb.c.obj
 *fill*         0x1000818d        0x3 
 .rodata.__func__.1
                0x10008190        0xb CMakeFiles/pio_ws2812.dir/C_/Users/zlhgl/ese5190_lab2/pico/Downloads/pico-sdk/src/rp2_common/pico_stdio_usb/stdio_usb.c.obj
 *fill*         0x1000819b        0x1 
 .rodata.str1.4
                0x1000819c       0x13 CMakeFiles/pio_ws2812.dir/C_/Users/zlhgl/ese5190_lab2/pico/Downloads/pico-sdk/src/rp2_common/pico_stdio_usb/stdio_usb.c.obj
 *fill*         0x100081af        0x1 
 .rodata.__bi_118.2
                0x100081b0        0xc CMakeFiles/pio_ws2812.dir/C_/Users/zlhgl/ese5190_lab2/pico/Downloads/pico-sdk/src/rp2_common/pico_stdio_usb/stdio_usb.c.obj
 .rodata.str1.4
                0x100081bc       0x2a CMakeFiles/pio_ws2812.dir/C_/Users/zlhgl/ese5190_lab2/pico/Downloads/pico-sdk/src/rp2_common/pico_stdio_usb/stdio_usb_descriptors.c.obj
 *fill*         0x100081e6        0x2 
 .rodata.usbd_desc_str
                0x100081e8       0x18 CMakeFiles/pio_ws2812.dir/C_/Users/zlhgl/ese5190_lab2/pico/Downloads/pico-sdk/src/rp2_common/pico_stdio_usb/stdio_usb_descriptors.c.obj
 .rodata.usbd_desc_cfg
                0x10008200       0x54 CMakeFiles/pio_ws2812.dir/C_/Users/zlhgl/ese5190_lab2/pico/Downloads/pico-sdk/src/rp2_common/pico_stdio_usb/stdio_usb_descriptors.c.obj
 .rodata.usbd_desc_device
                0x10008254       0x12 CMakeFiles/pio_ws2812.dir/C_/Users/zlhgl/ese5190_lab2/pico/Downloads/pico-sdk/src/rp2_common/pico_stdio_usb/stdio_usb_descriptors.c.obj
 *fill*         0x10008266        0x2 
 .rodata._hw_endpoint_alloc.str1.4
                0x10008268       0xd1 CMakeFiles/pio_ws2812.dir/C_/Users/zlhgl/ese5190_lab2/pico/Downloads/pico-sdk/lib/tinyusb/src/portable/raspberrypi/rp2040/dcd_rp2040.c.obj
 *fill*         0x10008339        0x3 
 .rodata.dcd_rp2040_irq.str1.4
                0x1000833c       0x14 CMakeFiles/pio_ws2812.dir/C_/Users/zlhgl/ese5190_lab2/pico/Downloads/pico-sdk/lib/tinyusb/src/portable/raspberrypi/rp2040/dcd_rp2040.c.obj
 .rodata.dcd_int_enable.str1.4
                0x10008350        0xc CMakeFiles/pio_ws2812.dir/C_/Users/zlhgl/ese5190_lab2/pico/Downloads/pico-sdk/lib/tinyusb/src/portable/raspberrypi/rp2040/dcd_rp2040.c.obj
 .rodata.__func__.0
                0x1000835c        0xe CMakeFiles/pio_ws2812.dir/C_/Users/zlhgl/ese5190_lab2/pico/Downloads/pico-sdk/lib/tinyusb/src/portable/raspberrypi/rp2040/dcd_rp2040.c.obj
 *fill*         0x1000836a        0x2 
 .rodata.__func__.1
                0x1000836c        0xe CMakeFiles/pio_ws2812.dir/C_/Users/zlhgl/ese5190_lab2/pico/Downloads/pico-sdk/lib/tinyusb/src/portable/raspberrypi/rp2040/dcd_rp2040.c.obj
 *fill*         0x1000837a        0x2 
 .rodata.__func__.3
                0x1000837c       0x10 CMakeFiles/pio_ws2812.dir/C_/Users/zlhgl/ese5190_lab2/pico/Downloads/pico-sdk/lib/tinyusb/src/portable/raspberrypi/rp2040/dcd_rp2040.c.obj
 .rodata.__func__.5
                0x1000838c        0xf CMakeFiles/pio_ws2812.dir/C_/Users/zlhgl/ese5190_lab2/pico/Downloads/pico-sdk/lib/tinyusb/src/portable/raspberrypi/rp2040/dcd_rp2040.c.obj
 *fill*         0x1000839b        0x1 
 .rodata.__func__.6
                0x1000839c       0x13 CMakeFiles/pio_ws2812.dir/C_/Users/zlhgl/ese5190_lab2/pico/Downloads/pico-sdk/lib/tinyusb/src/portable/raspberrypi/rp2040/dcd_rp2040.c.obj
 *fill*         0x100083af        0x1 
 .rodata.__func__.7
                0x100083b0        0x9 CMakeFiles/pio_ws2812.dir/C_/Users/zlhgl/ese5190_lab2/pico/Downloads/pico-sdk/lib/tinyusb/src/portable/raspberrypi/rp2040/dcd_rp2040.c.obj
 *fill*         0x100083b9        0x3 
 .rodata.sync_ep_buffer.str1.4
                0x100083bc       0xad CMakeFiles/pio_ws2812.dir/C_/Users/zlhgl/ese5190_lab2/pico/Downloads/pico-sdk/lib/tinyusb/src/portable/raspberrypi/rp2040/rp2040_usb.c.obj
 *fill*         0x10008469        0x3 
 .rodata._hw_endpoint_buffer_control_update32.str1.4
                0x1000846c       0x1f CMakeFiles/pio_ws2812.dir/C_/Users/zlhgl/ese5190_lab2/pico/Downloads/pico-sdk/lib/tinyusb/src/portable/raspberrypi/rp2040/rp2040_usb.c.obj
 *fill*         0x1000848b        0x1 
 .rodata.hw_endpoint_xfer_start.str1.4
                0x1000848c       0x38 CMakeFiles/pio_ws2812.dir/C_/Users/zlhgl/ese5190_lab2/pico/Downloads/pico-sdk/lib/tinyusb/src/portable/raspberrypi/rp2040/rp2040_usb.c.obj
 .rodata.hw_endpoint_xfer_continue.str1.4
                0x100084c4       0x29 CMakeFiles/pio_ws2812.dir/C_/Users/zlhgl/ese5190_lab2/pico/Downloads/pico-sdk/lib/tinyusb/src/portable/raspberrypi/rp2040/rp2040_usb.c.obj
 *fill*         0x100084ed        0x3 
 .rodata.__func__.0
                0x100084f0        0xf CMakeFiles/pio_ws2812.dir/C_/Users/zlhgl/ese5190_lab2/pico/Downloads/pico-sdk/lib/tinyusb/src/portable/raspberrypi/rp2040/rp2040_usb.c.obj
 *fill*         0x100084ff        0x1 
 .rodata.str1.4
                0x10008500        0x7 CMakeFiles/pio_ws2812.dir/C_/Users/zlhgl/ese5190_lab2/pico/Downloads/pico-sdk/lib/tinyusb/src/portable/raspberrypi/rp2040/rp2040_usb.c.obj
 *fill*         0x10008507        0x1 
 .rodata.process_set_config.str1.4
                0x10008508       0x17 CMakeFiles/pio_ws2812.dir/C_/Users/zlhgl/ese5190_lab2/pico/Downloads/pico-sdk/lib/tinyusb/src/device/usbd.c.obj
 *fill*         0x1000851f        0x1 
 .rodata.process_get_descriptor
                0x10008520       0x40 CMakeFiles/pio_ws2812.dir/C_/Users/zlhgl/ese5190_lab2/pico/Downloads/pico-sdk/lib/tinyusb/src/device/usbd.c.obj
 .rodata.process_control_request
                0x10008560       0x28 CMakeFiles/pio_ws2812.dir/C_/Users/zlhgl/ese5190_lab2/pico/Downloads/pico-sdk/lib/tinyusb/src/device/usbd.c.obj
 .rodata.tud_task
                0x10008588       0x24 CMakeFiles/pio_ws2812.dir/C_/Users/zlhgl/ese5190_lab2/pico/Downloads/pico-sdk/lib/tinyusb/src/device/usbd.c.obj
 .rodata.__func__.2
                0x100085ac        0xf CMakeFiles/pio_ws2812.dir/C_/Users/zlhgl/ese5190_lab2/pico/Downloads/pico-sdk/lib/tinyusb/src/device/usbd.c.obj
 *fill*         0x100085bb        0x1 
 .rodata.__func__.3
                0x100085bc        0xf CMakeFiles/pio_ws2812.dir/C_/Users/zlhgl/ese5190_lab2/pico/Downloads/pico-sdk/lib/tinyusb/src/device/usbd.c.obj
 *fill*         0x100085cb        0x1 
 .rodata.__func__.4
                0x100085cc       0x14 CMakeFiles/pio_ws2812.dir/C_/Users/zlhgl/ese5190_lab2/pico/Downloads/pico-sdk/lib/tinyusb/src/device/usbd.c.obj