Archive member included to satisfy reference by file (symbol)

c:/progra~2/armgnu~1/1213fb~1.2mp/bin/../lib/gcc/arm-none-eabi/12.2.0/thumb/v6-m/nofp\libgcc.a(_dvmd_tls.o)
                              CMakeFiles/pio_ws2812_parallel.dir/C_/Users/zlhgl/ese5190_lab2/pico/Downloads/pico-sdk/src/rp2_common/pico_divider/divider.S.obj (__aeabi_idiv0)
c:/progra~2/armgnu~1/1213fb~1.2mp/bin/../lib/gcc/arm-none-eabi/12.2.0/thumb/v6-m/nofp\libg.a(libc_a-calloc.o)
                              CMakeFiles/pio_ws2812_parallel.dir/C_/Users/zlhgl/ese5190_lab2/pico/Downloads/pico-sdk/src/rp2_common/pico_malloc/pico_malloc.c.obj (calloc)
c:/progra~2/armgnu~1/1213fb~1.2mp/bin/../lib/gcc/arm-none-eabi/12.2.0/thumb/v6-m/nofp\libg.a(libc_a-callocr.o)
                              c:/progra~2/armgnu~1/1213fb~1.2mp/bin/../lib/gcc/arm-none-eabi/12.2.0/thumb/v6-m/nofp\libg.a(libc_a-calloc.o) (_calloc_r)
c:/progra~2/armgnu~1/1213fb~1.2mp/bin/../lib/gcc/arm-none-eabi/12.2.0/thumb/v6-m/nofp\libg.a(libc_a-malloc.o)
                              CMakeFiles/pio_ws2812_parallel.dir/C_/Users/zlhgl/ese5190_lab2/pico/Downloads/pico-sdk/src/rp2_common/pico_malloc/pico_malloc.c.obj (malloc)
c:/progra~2/armgnu~1/1213fb~1.2mp/bin/../lib/gcc/arm-none-eabi/12.2.0/thumb/v6-m/nofp\libg.a(libc_a-mallocr.o)
                              c:/progra~2/armgnu~1/1213fb~1.2mp/bin/../lib/gcc/arm-none-eabi/12.2.0/thumb/v6-m/nofp\libg.a(libc_a-callocr.o) (_malloc_r)
c:/progra~2/armgnu~1/1213fb~1.2mp/bin/../lib/gcc/arm-none-eabi/12.2.0/thumb/v6-m/nofp\libg.a(libc_a-mlock.o)
                              c:/progra~2/armgnu~1/1213fb~1.2mp/bin/../lib/gcc/arm-none-eabi/12.2.0/thumb/v6-m/nofp\libg.a(libc_a-mallocr.o) (__malloc_lock)
c:/progra~2/armgnu~1/1213fb~1.2mp/bin/../lib/gcc/arm-none-eabi/12.2.0/thumb/v6-m/nofp\libg.a(libc_a-rand.o)
                              CMakeFiles/pio_ws2812_parallel.dir/ws2812_parallel.c.obj (rand)
c:/progra~2/armgnu~1/1213fb~1.2mp/bin/../lib/gcc/arm-none-eabi/12.2.0/thumb/v6-m/nofp\libg.a(libc_a-realloc.o)
                              CMakeFiles/pio_ws2812_parallel.dir/C_/Users/zlhgl/ese5190_lab2/pico/Downloads/pico-sdk/src/rp2_common/pico_malloc/pico_malloc.c.obj (realloc)
c:/progra~2/armgnu~1/1213fb~1.2mp/bin/../lib/gcc/arm-none-eabi/12.2.0/thumb/v6-m/nofp\libg.a(libc_a-reallocr.o)
                              c:/progra~2/armgnu~1/1213fb~1.2mp/bin/../lib/gcc/arm-none-eabi/12.2.0/thumb/v6-m/nofp\libg.a(libc_a-realloc.o) (_realloc_r)
c:/progra~2/armgnu~1/1213fb~1.2mp/bin/../lib/gcc/arm-none-eabi/12.2.0/thumb/v6-m/nofp\libg.a(libc_a-memmove.o)
                              c:/progra~2/armgnu~1/1213fb~1.2mp/bin/../lib/gcc/arm-none-eabi/12.2.0/thumb/v6-m/nofp\libg.a(libc_a-reallocr.o) (memmove)
c:/progra~2/armgnu~1/1213fb~1.2mp/bin/../lib/gcc/arm-none-eabi/12.2.0/thumb/v6-m/nofp\libg.a(libc_a-impure.o)
                              c:/progra~2/armgnu~1/1213fb~1.2mp/bin/../lib/gcc/arm-none-eabi/12.2.0/thumb/v6-m/nofp\libg.a(libc_a-calloc.o) (_impure_ptr)
c:/progra~2/armgnu~1/1213fb~1.2mp/bin/../lib/gcc/arm-none-eabi/12.2.0/thumb/v6-m/nofp\libg.a(libc_a-sbrkr.o)
                              c:/progra~2/armgnu~1/1213fb~1.2mp/bin/../lib/gcc/arm-none-eabi/12.2.0/thumb/v6-m/nofp\libg.a(libc_a-mallocr.o) (_sbrk_r)
c:/progra~2/armgnu~1/1213fb~1.2mp/bin/../lib/gcc/arm-none-eabi/12.2.0/thumb/v6-m/nofp\libg.a(libc_a-errno.o)
                              c:/progra~2/armgnu~1/1213fb~1.2mp/bin/../lib/gcc/arm-none-eabi/12.2.0/thumb/v6-m/nofp\libg.a(libc_a-callocr.o) (__errno)
c:/progra~2/armgnu~1/1213fb~1.2mp/bin/../lib/gcc/arm-none-eabi/12.2.0/thumb/v6-m/nofp\libg.a(libc_a-init.o)
                              c:/progra~2/armgnu~1/1213fb~1.2mp/bin/../lib/gcc/arm-none-eabi/12.2.0/thumb/v6-m/nofp/crt0.o (__libc_init_array)
c:/progra~2/armgnu~1/1213fb~1.2mp/bin/../lib/gcc/arm-none-eabi/12.2.0/thumb/v6-m/nofp\libg.a(libc_a-lock.o)
                              c:/progra~2/armgnu~1/1213fb~1.2mp/bin/../lib/gcc/arm-none-eabi/12.2.0/thumb/v6-m/nofp\libg.a(libc_a-mlock.o) (__retarget_lock_acquire_recursive)
c:/progra~2/armgnu~1/1213fb~1.2mp/bin/../lib/gcc/arm-none-eabi/12.2.0/thumb/v6-m/nofp\libg.a(libc_a-strlen-stub.o)
                              CMakeFiles/pio_ws2812_parallel.dir/C_/Users/zlhgl/ese5190_lab2/pico/Downloads/pico-sdk/src/rp2_common/pico_stdio/stdio.c.obj (strlen)
c:/progra~2/armgnu~1/1213fb~1.2mp/bin/../lib/gcc/arm-none-eabi/12.2.0/thumb/v6-m/nofp\libg.a(libc_a-freer.o)
                              c:/progra~2/armgnu~1/1213fb~1.2mp/bin/../lib/gcc/arm-none-eabi/12.2.0/thumb/v6-m/nofp\libg.a(libc_a-malloc.o) (_free_r)
c:/progra~2/armgnu~1/1213fb~1.2mp/bin/../lib/gcc/arm-none-eabi/12.2.0/thumb/v6-m/nofp\libg.a(libc_a-findfp.o)
                              c:/progra~2/armgnu~1/1213fb~1.2mp/bin/../lib/gcc/arm-none-eabi/12.2.0/thumb/v6-m/nofp\libg.a(libc_a-impure.o) (__sf)
c:/progra~2/armgnu~1/1213fb~1.2mp/bin/../lib/gcc/arm-none-eabi/12.2.0/thumb/v6-m/nofp\libg.a(libc_a-fwalk.o)
[...]
Memory Configuration

Name             Origin             Length             Attributes
FLASH            0x10000000         0x00200000         xr
RAM              0x20000000         0x00040000         xrw
SCRATCH_X        0x20040000         0x00001000         xrw
SCRATCH_Y        0x20041000         0x00001000         xrw
*default*        0x00000000         0xffffffff

Linker script and memory map

LOAD c:/progra~2/armgnu~1/1213fb~1.2mp/bin/../lib/gcc/arm-none-eabi/12.2.0/thumb/v6-m/nofp/crti.o
LOAD c:/progra~2/armgnu~1/1213fb~1.2mp/bin/../lib/gcc/arm-none-eabi/12.2.0/thumb/v6-m/nofp/crtbegin.o
LOAD c:/progra~2/armgnu~1/1213fb~1.2mp/bin/../lib/gcc/arm-none-eabi/12.2.0/thumb/v6-m/nofp/crt0.o

.flash_begin    0x10000000        0x0
                0x10000000                        __flash_binary_start = .

.boot2          0x10000000      0x100
                0x10000000                        __boot2_start__ = .
 *(.boot2)
 .boot2         0x10000000      0x100 C:\Users\zlhgl\AppData\Local\Temp\ccQ40BHy.o
                0x10000100                        __boot2_end__ = .
                0x00000001                        ASSERT (((__boot2_end__ - __boot2_start__) == 0x100), ERROR: Pico second stage bootloader must be 256 bytes in size)

.text           0x10000100     0x4578
                0x10000100                        __logical_binary_start = .
 *(.vectors)
 .vectors       0x10000100       0xd4 CMakeFiles/pio_ws2812_parallel.dir/C_/Users/zlhgl/ese5190_lab2/pico/Downloads/pico-sdk/src/rp2_common/pico_standard_link/crt0.S.obj
                0x10000100                __VECTOR_TABLE
                0x10000100                __vectors
                0x100001c0                isr_invalid
                0x100001c0                __default_isrs_start
                0x100001c2                isr_nmi
                0x100001c4                isr_hardfault
                0x100001c6                isr_svcall
                0x100001c8                isr_pendsv
                0x100001ca                isr_systick
                0x100001cc                isr_irq23
                0x100001cc                isr_irq18
                0x100001cc                isr_irq11
                0x100001cc                isr_irq28
                0x100001cc                isr_irq19
                0x100001cc                isr_irq0
                0x100001cc                isr_irq6
                0x100001cc                isr_irq5
                0x100001cc                isr_irq12
                0x100001cc                isr_irq22
                0x100001cc                isr_irq31
                0x100001cc                isr_irq17
                0x100001cc                isr_irq27
                0x100001cc                isr_irq30
                0x100001cc                isr_irq2
                0x100001cc                isr_irq10
                0x100001cc                isr_irq8
                0x100001cc                isr_irq24
                0x100001cc                isr_irq1
                0x100001cc                isr_irq7
                0x100001cc                isr_irq21
                0x100001cc                isr_irq20
                0x100001cc                isr_irq15
                0x100001cc                isr_irq25
                0x100001cc                isr_irq13
                0x100001cc                __unhandled_user_irq
                0x100001cc                isr_irq4
                0x100001cc                isr_irq16
                0x100001cc                isr_irq29
                0x100001cc                isr_irq26
                0x100001cc                __default_isrs_end
                0x100001cc                isr_irq3
                0x100001cc                isr_irq14
                0x100001cc                isr_irq9
                0x100001d2                unhandled_user_irq_num_in_r0
 *(.binary_info_header)
 .binary_info_header
                0x100001d4       0x14 CMakeFiles/pio_ws2812_parallel.dir/C_/Users/zlhgl/ese5190_lab2/pico/Downloads/pico-sdk/src/rp2_common/pico_standard_link/crt0.S.obj
                0x100001e8                        __binary_info_header_end = .
 *(.reset)
 .reset         0x100001e8       0xa8 CMakeFiles/pio_ws2812_parallel.dir/C_/Users/zlhgl/ese5190_lab2/pico/Downloads/pico-sdk/src/rp2_common/pico_standard_link/crt0.S.obj
                0x100001e8                _entry_point
                0x10000266                __get_current_exception
 .reset         0x10000290       0x30 CMakeFiles/pio_ws2812_parallel.dir/C_/Users/zlhgl/ese5190_lab2/pico/Downloads/pico-sdk/src/rp2_common/pico_standard_link/binary_info.c.obj
 *(.init)
 .init          0x100002c0        0x4 c:/progra~2/armgnu~1/1213fb~1.2mp/bin/../lib/gcc/arm-none-eabi/12.2.0/thumb/v6-m/nofp/crti.o
                0x100002c0                _init
 *(EXCLUDE_FILE(*libm.a: *libc.a:*lib_a-mem*.o *libgcc.a:) .text*)
 .text.register_tm_clones
                0x100002c4       0x28 c:/progra~2/armgnu~1/1213fb~1.2mp/bin/../lib/gcc/arm-none-eabi/12.2.0/thumb/v6-m/nofp/crtbegin.o
 .text.frame_dummy
                0x100002ec       0x24 c:/progra~2/armgnu~1/1213fb~1.2mp/bin/../lib/gcc/arm-none-eabi/12.2.0/thumb/v6-m/nofp/crtbegin.o
 .text.sm_config_set_clkdiv
                0x10000310       0x3c CMakeFiles/pio_ws2812_parallel.dir/ws2812_parallel.c.obj
 .text.pio_get_default_sm_config
                0x1000034c       0x28 CMakeFiles/pio_ws2812_parallel.dir/ws2812_parallel.c.obj
 .text.ws2812_parallel_program_get_default_config
                0x10000374       0x24 CMakeFiles/pio_ws2812_parallel.dir/ws2812_parallel.c.obj
 .text.put_pixel
                0x10000398       0x38 CMakeFiles/pio_ws2812_parallel.dir/ws2812_parallel.c.obj
 .text.pattern_snakes
                0x100003d0       0x4e CMakeFiles/pio_ws2812_parallel.dir/ws2812_parallel.c.obj
                0x100003d0                pattern_snakes
 .text.pattern_greys
                0x1000041e       0x30 CMakeFiles/pio_ws2812_parallel.dir/ws2812_parallel.c.obj
                0x1000041e                pattern_greys
 .text.pattern_random
                0x1000044e       0x1c CMakeFiles/pio_ws2812_parallel.dir/ws2812_parallel.c.obj
                0x1000044e                pattern_random
 .text.pattern_sparkle
                0x1000046a       0x2e CMakeFiles/pio_ws2812_parallel.dir/ws2812_parallel.c.obj
                0x1000046a                pattern_sparkle
 .text.reset_delay_complete
                0x10000498       0x1c CMakeFiles/pio_ws2812_parallel.dir/ws2812_parallel.c.obj
                0x10000498                reset_delay_complete
 .text.cancel_alarm
                0x100004b4       0x10 CMakeFiles/pio_ws2812_parallel.dir/ws2812_parallel.c.obj
 .text.update_us_since_boot
                0x100004c4       0x24 CMakeFiles/pio_ws2812_parallel.dir/ws2812_parallel.c.obj
 .text.get_absolute_time
                0x100004e8       0x22 CMakeFiles/pio_ws2812_parallel.dir/ws2812_parallel.c.obj
 .text.delayed_by_us
                0x1000050a       0x36 CMakeFiles/pio_ws2812_parallel.dir/ws2812_parallel.c.obj
 .text.alarm_pool_add_alarm_in_us
                0x10000540       0x3a CMakeFiles/pio_ws2812_parallel.dir/ws2812_parallel.c.obj
 .text.add_alarm_in_us
                0x1000057a       0x2e CMakeFiles/pio_ws2812_parallel.dir/ws2812_parallel.c.obj
 .text.dma_complete_handler
                0x100005a8       0x4c CMakeFiles/pio_ws2812_parallel.dir/ws2812_parallel.c.obj
                0x100005a8                dma_complete_handler
 .text.channel_config_set_dreq
                0x100005f4       0x30 CMakeFiles/pio_ws2812_parallel.dir/ws2812_parallel.c.obj
 .text.channel_config_set_chain_to
                0x10000624       0x30 CMakeFiles/pio_ws2812_parallel.dir/ws2812_parallel.c.obj
 .text.dma_channel_get_default_config
                0x10000654       0x74 CMakeFiles/pio_ws2812_parallel.dir/ws2812_parallel.c.obj
 .text.ws2812_parallel_program_init
                0x100006c8       0xe8 CMakeFiles/pio_ws2812_parallel.dir/ws2812_parallel.c.obj
 .text.add_error
                0x100007b0       0x50 CMakeFiles/pio_ws2812_parallel.dir/ws2812_parallel.c.obj
                0x100007b0                add_error
 .text.transform_strings
                0x10000800       0x9a CMakeFiles/pio_ws2812_parallel.dir/ws2812_parallel.c.obj
                0x10000800                transform_strings
 .text.dither_values
                0x1000089a       0x30 CMakeFiles/pio_ws2812_parallel.dir/ws2812_parallel.c.obj
                0x1000089a                dither_values
 *fill*         0x100008ca        0x2 
 .text.dma_init
                0x100008cc       0xa0 CMakeFiles/pio_ws2812_parallel.dir/ws2812_parallel.c.obj
                0x100008cc                dma_init
 .text.output_strings_dma
                0x1000096c       0x30 CMakeFiles/pio_ws2812_parallel.dir/ws2812_parallel.c.obj
                0x1000096c                output_strings_dma
 .text.main     0x1000099c      0x188 CMakeFiles/pio_ws2812_parallel.dir/ws2812_parallel.c.obj
                0x1000099c                main
 .text.gpio_set_function
                0x10000b24       0x30 CMakeFiles/pio_ws2812_parallel.dir/C_/Users/zlhgl/ese5190_lab2/pico/Downloads/pico-sdk/src/rp2_common/hardware_gpio/gpio.c.obj
                0x10000b24                gpio_set_function
 .text.hw_claim_lock
                0x10000b54       0x18 CMakeFiles/pio_ws2812_parallel.dir/C_/Users/zlhgl/ese5190_lab2/pico/Downloads/pico-sdk/src/rp2_common/hardware_claim/claim.c.obj
                0x10000b54                hw_claim_lock
 .text.hw_claim_unlock
                0x10000b6c       0x14 CMakeFiles/pio_ws2812_parallel.dir/C_/Users/zlhgl/ese5190_lab2/pico/Downloads/pico-sdk/src/rp2_common/hardware_claim/claim.c.obj
                0x10000b6c                hw_claim_unlock
 .text.hw_claim_or_assert
                0x10000b80       0x32 CMakeFiles/pio_ws2812_parallel.dir/C_/Users/zlhgl/ese5190_lab2/pico/Downloads/pico-sdk/src/rp2_common/hardware_claim/claim.c.obj
                0x10000b80                hw_claim_or_assert
 *fill*         0x10000bb2        0x2 
 .text.running_on_fpga
                0x10000bb4       0x14 CMakeFiles/pio_ws2812_parallel.dir/C_/Users/zlhgl/ese5190_lab2/pico/Downloads/pico-sdk/src/rp2_common/pico_platform/platform.c.obj
                0x10000bb4                running_on_fpga
 .text.spin_locks_reset
                0x10000bc8       0x20 CMakeFiles/pio_ws2812_parallel.dir/C_/Users/zlhgl/ese5190_lab2/pico/Downloads/pico-sdk/src/rp2_common/hardware_sync/sync.c.obj
                0x10000bc8                spin_locks_reset
 .text.next_striped_spin_lock_num
                0x10000be8       0x1c CMakeFiles/pio_ws2812_parallel.dir/C_/Users/zlhgl/ese5190_lab2/pico/Downloads/pico-sdk/src/rp2_common/hardware_sync/sync.c.obj
                0x10000be8                next_striped_spin_lock_num
 .text.set_raw_irq_handler_and_unlock
                0x10000c04       0x28 CMakeFiles/pio_ws2812_parallel.dir/C_/Users/zlhgl/ese5190_lab2/pico/Downloads/pico-sdk/src/rp2_common/hardware_irq/irq.c.obj
 .text.resolve_branch
                0x10000c2c       0x30 CMakeFiles/pio_ws2812_parallel.dir/C_/Users/zlhgl/ese5190_lab2/pico/Downloads/pico-sdk/src/rp2_common/hardware_irq/irq.c.obj
 .text.make_branch
                0x10000c5c       0x48 CMakeFiles/pio_ws2812_parallel.dir/C_/Users/zlhgl/ese5190_lab2/pico/Downloads/pico-sdk/src/rp2_common/hardware_irq/irq.c.obj
 .text.insert_branch_and_link
                0x10000ca4       0x40 CMakeFiles/pio_ws2812_parallel.dir/C_/Users/zlhgl/ese5190_lab2/pico/Downloads/pico-sdk/src/rp2_common/hardware_irq/irq.c.obj
 .text.irq_is_enabled
                0x10000ce4       0x18 CMakeFiles/pio_ws2812_parallel.dir/C_/Users/zlhgl/ese5190_lab2/pico/Downloads/pico-sdk/src/rp2_common/hardware_irq/irq.c.obj
                0x10000ce4                irq_is_enabled
 .text.irq_set_mask_enabled
                0x10000cfc       0x20 CMakeFiles/pio_ws2812_parallel.dir/C_/Users/zlhgl/ese5190_lab2/pico/Downloads/pico-sdk/src/rp2_common/hardware_irq/irq.c.obj
                0x10000cfc                irq_set_mask_enabled
 .text.irq_set_enabled
                0x10000d1c        0xe CMakeFiles/pio_ws2812_parallel.dir/C_/Users/zlhgl/ese5190_lab2/pico/Downloads/pico-sdk/src/rp2_common/hardware_irq/irq.c.obj
                0x10000d1c                irq_set_enabled
 *fill*         0x10000d2a        0x2 
 .text.irq_get_vtable_handler
                0x10000d2c       0x10 CMakeFiles/pio_ws2812_parallel.dir/C_/Users/zlhgl/ese5190_lab2/pico/Downloads/pico-sdk/src/rp2_common/hardware_irq/irq.c.obj
                0x10000d2c                irq_get_vtable_handler
 .text.irq_set_exclusive_handler
                0x10000d3c       0x54 CMakeFiles/pio_ws2812_parallel.dir/C_/Users/zlhgl/ese5190_lab2/pico/Downloads/pico-sdk/src/rp2_common/hardware_irq/irq.c.obj
                0x10000d3c                irq_set_exclusive_handler
 .text.irq_remove_handler
                0x10000d90      0x188 CMakeFiles/pio_ws2812_parallel.dir/C_/Users/zlhgl/ese5190_lab2/pico/Downloads/pico-sdk/src/rp2_common/hardware_irq/irq.c.obj
                0x10000d90                irq_remove_handler
 .text.irq_add_tail_to_free_list
                0x10000f18       0xf0 CMakeFiles/pio_ws2812_parallel.dir/C_/Users/zlhgl/ese5190_lab2/pico/Downloads/pico-sdk/src/rp2_common/hardware_irq/irq.c.obj
                0x10000f18                irq_add_tail_to_free_list
 .text.irq_init_priorities
                0x10001008       0x1c CMakeFiles/pio_ws2812_parallel.dir/C_/Users/zlhgl/ese5190_lab2/pico/Downloads/pico-sdk/src/rp2_common/hardware_irq/irq.c.obj
                0x10001008                irq_init_priorities
 .text.sem_init
                0x10001024       0x1e CMakeFiles/pio_ws2812_parallel.dir/C_/Users/zlhgl/ese5190_lab2/pico/Downloads/pico-sdk/src/common/pico_sync/sem.c.obj
                0x10001024                sem_init
 *fill*         0x10001042        0x2 
 .text.lock_init
                0x10001044       0x10 CMakeFiles/pio_ws2812_parallel.dir/C_/Users/zlhgl/ese5190_lab2/pico/Downloads/pico-sdk/src/common/pico_sync/lock_core.c.obj
                0x10001044                lock_init
 .text.get_entry
                0x10001054       0x38 CMakeFiles/pio_ws2812_parallel.dir/C_/Users/zlhgl/ese5190_lab2/pico/Downloads/pico-sdk/src/common/pico_time/time.c.obj
 .text.timer_pool_entry_comparator
                0x1000108c       0x2e CMakeFiles/pio_ws2812_parallel.dir/C_/Users/zlhgl/ese5190_lab2/pico/Downloads/pico-sdk/src/common/pico_time/time.c.obj
                0x1000108c                timer_pool_entry_comparator
 *fill*         0x100010ba        0x2 
 .text.update_us_since_boot
                0x100010bc       0x24 CMakeFiles/pio_ws2812_parallel.dir/C_/Users/zlhgl/ese5190_lab2/pico/Downloads/pico-sdk/src/common/pico_time/time.c.obj
 .text.delayed_by_us
                0x100010e0       0x36 CMakeFiles/pio_ws2812_parallel.dir/C_/Users/zlhgl/ese5190_lab2/pico/Downloads/pico-sdk/src/common/pico_time/time.c.obj
 *fill*         0x10001116        0x2 
 .text.ph_get_node
                0x10001118       0x30 CMakeFiles/pio_ws2812_parallel.dir/C_/Users/zlhgl/ese5190_lab2/pico/Downloads/pico-sdk/src/common/pico_time/time.c.obj
 .text.ph_contains_node
                0x10001148       0x1e CMakeFiles/pio_ws2812_parallel.dir/C_/Users/zlhgl/ese5190_lab2/pico/Downloads/pico-sdk/src/common/pico_time/time.c.obj
 .text.ph_new_node
                0x10001166       0x28 CMakeFiles/pio_ws2812_parallel.dir/C_/Users/zlhgl/ese5190_lab2/pico/Downloads/pico-sdk/src/common/pico_time/time.c.obj
 *fill*         0x1000118e        0x2 
 .text.ph_add_child_node
                0x10001190       0x6c CMakeFiles/pio_ws2812_parallel.dir/C_/Users/zlhgl/ese5190_lab2/pico/Downloads/pico-sdk/src/common/pico_time/time.c.obj
 .text.ph_merge_nodes
                0x100011fc       0x3e CMakeFiles/pio_ws2812_parallel.dir/C_/Users/zlhgl/ese5190_lab2/pico/Downloads/pico-sdk/src/common/pico_time/time.c.obj
 *fill*         0x1000123a        0x2 
 .text.ph_insert_node
                0x1000123c       0x3c CMakeFiles/pio_ws2812_parallel.dir/C_/Users/zlhgl/ese5190_lab2/pico/Downloads/pico-sdk/src/common/pico_time/time.c.obj
 .text.ph_free_node
                0x10001278       0x3c CMakeFiles/pio_ws2812_parallel.dir/C_/Users/zlhgl/ese5190_lab2/pico/Downloads/pico-sdk/src/common/pico_time/time.c.obj
 .text.get_entry_id_high
                0x100012b4       0x30 CMakeFiles/pio_ws2812_parallel.dir/C_/Users/zlhgl/ese5190_lab2/pico/Downloads/pico-sdk/src/common/pico_time/time.c.obj
 .text.alarm_pool_post_alloc_init
                0x100012e4       0x40 CMakeFiles/pio_ws2812_parallel.dir/C_/Users/zlhgl/ese5190_lab2/pico/Downloads/pico-sdk/src/common/pico_time/time.c.obj
 .text.get_absolute_time
                0x10001324       0x22 CMakeFiles/pio_ws2812_parallel.dir/C_/Users/zlhgl/ese5190_lab2/pico/Downloads/pico-sdk/src/common/pico_time/time.c.obj
 *fill*         0x10001346        0x2 
 .text.add_alarm_under_lock
                0x10001348       0x94 CMakeFiles/pio_ws2812_parallel.dir/C_/Users/zlhgl/ese5190_lab2/pico/Downloads/pico-sdk/src/common/pico_time/time.c.obj
 .text.alarm_pool_alarm_callback
                0x100013dc      0x20c CMakeFiles/pio_ws2812_parallel.dir/C_/Users/zlhgl/ese5190_lab2/pico/Downloads/pico-sdk/src/common/pico_time/time.c.obj
 .text.alarm_pool_init_default
                0x100015e8       0x38 CMakeFiles/pio_ws2812_parallel.dir/C_/Users/zlhgl/ese5190_lab2/pico/Downloads/pico-sdk/src/common/pico_time/time.c.obj
                0x100015e8                alarm_pool_init_default
 .text.alarm_pool_get_default
                0x10001620       0x2c CMakeFiles/pio_ws2812_parallel.dir/C_/Users/zlhgl/ese5190_lab2/pico/Downloads/pico-sdk/src/common/pico_time/time.c.obj
                0x10001620                alarm_pool_get_default
 .text.alarm_pool_add_alarm_at
                0x1000164c      0x10e CMakeFiles/pio_ws2812_parallel.dir/C_/Users/zlhgl/ese5190_lab2/pico/Downloads/pico-sdk/src/common/pico_time/time.c.obj
                0x1000164c                alarm_pool_add_alarm_at
 *fill*         0x1000175a        0x2 
 .text.alarm_pool_cancel_alarm
                0x1000175c       0xa0 CMakeFiles/pio_ws2812_parallel.dir/C_/Users/zlhgl/ese5190_lab2/pico/Downloads/pico-sdk/src/common/pico_time/time.c.obj
                0x1000175c                alarm_pool_cancel_alarm
 .text.hardware_alarm_irq_handler
                0x100017fc       0x88 CMakeFiles/pio_ws2812_parallel.dir/C_/Users/zlhgl/ese5190_lab2/pico/Downloads/pico-sdk/src/rp2_common/hardware_timer/timer.c.obj
 .text.hardware_alarm_claim
                0x10001884       0x18 CMakeFiles/pio_ws2812_parallel.dir/C_/Users/zlhgl/ese5190_lab2/pico/Downloads/pico-sdk/src/rp2_common/hardware_timer/timer.c.obj
                0x10001884                hardware_alarm_claim
 .text.time_us_64
                0x1000189c       0x18 CMakeFiles/pio_ws2812_parallel.dir/C_/Users/zlhgl/ese5190_lab2/pico/Downloads/pico-sdk/src/rp2_common/hardware_timer/timer.c.obj
                0x1000189c                time_us_64
 .text.hardware_alarm_set_callback
                0x100018b4       0x90 CMakeFiles/pio_ws2812_parallel.dir/C_/Users/zlhgl/ese5190_lab2/pico/Downloads/pico-sdk/src/rp2_common/hardware_timer/timer.c.obj
                0x100018b4                hardware_alarm_set_callback
 .text.hardware_alarm_set_target
                0x10001944       0xe8 CMakeFiles/pio_ws2812_parallel.dir/C_/Users/zlhgl/ese5190_lab2/pico/Downloads/pico-sdk/src/rp2_common/hardware_timer/timer.c.obj
                0x10001944                hardware_alarm_set_target
 .text.hardware_alarm_cancel
                0x10001a2c       0x40 CMakeFiles/pio_ws2812_parallel.dir/C_/Users/zlhgl/ese5190_lab2/pico/Downloads/pico-sdk/src/rp2_common/hardware_timer/timer.c.obj
                0x10001a2c                hardware_alarm_cancel
 .text.ph_get_node
                0x10001a6c       0x30 CMakeFiles/pio_ws2812_parallel.dir/C_/Users/zlhgl/ese5190_lab2/pico/Downloads/pico-sdk/src/common/pico_util/pheap.c.obj
 .text.ph_add_child_node
                0x10001a9c       0x6c CMakeFiles/pio_ws2812_parallel.dir/C_/Users/zlhgl/ese5190_lab2/pico/Downloads/pico-sdk/src/common/pico_util/pheap.c.obj
 .text.ph_merge_nodes
                0x10001b08       0x3e CMakeFiles/pio_ws2812_parallel.dir/C_/Users/zlhgl/ese5190_lab2/pico/Downloads/pico-sdk/src/common/pico_util/pheap.c.obj
 .text.ph_clear
                0x10001b46       0x34 CMakeFiles/pio_ws2812_parallel.dir/C_/Users/zlhgl/ese5190_lab2/pico/Downloads/pico-sdk/src/common/pico_util/pheap.c.obj
                0x10001b46                ph_clear
 .text.ph_post_alloc_init
                0x10001b7a        0xe CMakeFiles/pio_ws2812_parallel.dir/C_/Users/zlhgl/ese5190_lab2/pico/Downloads/pico-sdk/src/common/pico_util/pheap.c.obj
                0x10001b7a                ph_post_alloc_init
 .text.ph_merge_two_pass
                0x10001b88       0x5c CMakeFiles/pio_ws2812_parallel.dir/C_/Users/zlhgl/ese5190_lab2/pico/Downloads/pico-sdk/src/common/pico_util/pheap.c.obj
                0x10001b88                ph_merge_two_pass
 .text.ph_remove_any_head
                0x10001be4       0xa4 CMakeFiles/pio_ws2812_parallel.dir/C_/Users/zlhgl/ese5190_lab2/pico/Downloads/pico-sdk/src/common/pico_util/pheap.c.obj
 .text.ph_remove_head
                0x10001c88       0x14 CMakeFiles/pio_ws2812_parallel.dir/C_/Users/zlhgl/ese5190_lab2/pico/Downloads/pico-sdk/src/common/pico_util/pheap.c.obj
                0x10001c88                ph_remove_head
 .text.ph_remove_and_free_node
                0x10001c9c       0xa0 CMakeFiles/pio_ws2812_parallel.dir/C_/Users/zlhgl/ese5190_lab2/pico/Downloads/pico-sdk/src/common/pico_util/pheap.c.obj
                0x10001c9c                ph_remove_and_free_node
 .text.mutex_init
                0x10001d3c       0x1a CMakeFiles/pio_ws2812_parallel.dir/C_/Users/zlhgl/ese5190_lab2/pico/Downloads/pico-sdk/src/common/pico_sync/mutex.c.obj
                0x10001d3c                mutex_init
 .text.recursive_mutex_init
                0x10001d56       0x1e CMakeFiles/pio_ws2812_parallel.dir/C_/Users/zlhgl/ese5190_lab2/pico/Downloads/pico-sdk/src/common/pico_sync/mutex.c.obj
                0x10001d56                recursive_mutex_init
 .text.uart_set_baudrate
                0x10001d74       0x5c CMakeFiles/pio_ws2812_parallel.dir/C_/Users/zlhgl/ese5190_lab2/pico/Downloads/pico-sdk/src/rp2_common/hardware_uart/uart.c.obj
                0x10001d74                uart_set_baudrate
 .text.uart_set_translate_crlf
                0x10001dd0       0x28 CMakeFiles/pio_ws2812_parallel.dir/C_/Users/zlhgl/ese5190_lab2/pico/Downloads/pico-sdk/src/rp2_common/hardware_uart/uart.c.obj
                0x10001dd0                uart_set_translate_crlf
 .text.uart_init
                0x10001df8       0x80 CMakeFiles/pio_ws2812_parallel.dir/C_/Users/zlhgl/ese5190_lab2/pico/Downloads/pico-sdk/src/rp2_common/hardware_uart/uart.c.obj
                0x10001df8                uart_init
 .text._exit    0x10001e78        0x4 CMakeFiles/pio_ws2812_parallel.dir/C_/Users/zlhgl/ese5190_lab2/pico/Downloads/pico-sdk/src/rp2_common/pico_runtime/runtime.c.obj
                0x10001e78                _exit
 .text.exit     0x10001e7c        0x6 CMakeFiles/pio_ws2812_parallel.dir/C_/Users/zlhgl/ese5190_lab2/pico/Downloads/pico-sdk/src/rp2_common/pico_runtime/runtime.c.obj
                0x10001e7c                exit
 *fill*         0x10001e82        0x2 
 .text.__assert_func
                0x10001e84       0x38 CMakeFiles/pio_ws2812_parallel.dir/C_/Users/zlhgl/ese5190_lab2/pico/Downloads/pico-sdk/src/rp2_common/pico_runtime/runtime.c.obj
                0x10001e84                __assert_func
 .text.runtime_init
                0x10001ebc       0xf8 CMakeFiles/pio_ws2812_parallel.dir/C_/Users/zlhgl/ese5190_lab2/pico/Downloads/pico-sdk/src/rp2_common/pico_runtime/runtime.c.obj
                0x10001ebc                runtime_init
 .text.panic    0x10001fb4       0x30 CMakeFiles/pio_ws2812_parallel.dir/C_/Users/zlhgl/ese5190_lab2/pico/Downloads/pico-sdk/src/rp2_common/pico_runtime/runtime.c.obj
                0x10001fb4                panic
 .text.clock_configure
                0x10001fe4      0x104 CMakeFiles/pio_ws2812_parallel.dir/C_/Users/zlhgl/ese5190_lab2/pico/Downloads/pico-sdk/src/rp2_common/hardware_clocks/clocks.c.obj
                0x10001fe4                clock_configure
 .text.clocks_init
                0x100020e8      0x100 CMakeFiles/pio_ws2812_parallel.dir/C_/Users/zlhgl/ese5190_lab2/pico/Downloads/pico-sdk/src/rp2_common/hardware_clocks/clocks.c.obj
                0x100020e8                clocks_init
 .text.clock_get_hz
                0x100021e8        0xc CMakeFiles/pio_ws2812_parallel.dir/C_/Users/zlhgl/ese5190_lab2/pico/Downloads/pico-sdk/src/rp2_common/hardware_clocks/clocks.c.obj
                0x100021e8                clock_get_hz
 .text.pll_init
                0x100021f4      0x140 CMakeFiles/pio_ws2812_parallel.dir/C_/Users/zlhgl/ese5190_lab2/pico/Downloads/pico-sdk/src/rp2_common/hardware_pll/pll.c.obj
                0x100021f4                pll_init
 .text.watchdog_start_tick
                0x10002334       0x10 CMakeFiles/pio_ws2812_parallel.dir/C_/Users/zlhgl/ese5190_lab2/pico/Downloads/pico-sdk/src/rp2_common/hardware_watchdog/watchdog.c.obj
                0x10002334                watchdog_start_tick
 .text.xosc_init
                0x10002344       0x2c CMakeFiles/pio_ws2812_parallel.dir/C_/Users/zlhgl/ese5190_lab2/pico/Downloads/pico-sdk/src/rp2_common/hardware_xosc/xosc.c.obj
                0x10002344                xosc_init
 .text._out_null
                0x10002370        0x2 CMakeFiles/pio_ws2812_parallel.dir/C_/Users/zlhgl/ese5190_lab2/pico/Downloads/pico-sdk/src/rp2_common/pico_printf/printf.c.obj
 .text._out_fct
                0x10002372        0xe CMakeFiles/pio_ws2812_parallel.dir/C_/Users/zlhgl/ese5190_lab2/pico/Downloads/pico-sdk/src/rp2_common/pico_printf/printf.c.obj
 .text._atoi    0x10002380       0x24 CMakeFiles/pio_ws2812_parallel.dir/C_/Users/zlhgl/ese5190_lab2/pico/Downloads/pico-sdk/src/rp2_common/pico_printf/printf.c.obj
 .text._out_rev
                0x100023a4       0xae CMakeFiles/pio_ws2812_parallel.dir/C_/Users/zlhgl/ese5190_lab2/pico/Downloads/pico-sdk/src/rp2_common/pico_printf/printf.c.obj
 .text._ntoa_format
                0x10002452      0x110 CMakeFiles/pio_ws2812_parallel.dir/C_/Users/zlhgl/ese5190_lab2/pico/Downloads/pico-sdk/src/rp2_common/pico_printf/printf.c.obj
 .text._ntoa_long
                0x10002562       0xbc CMakeFiles/pio_ws2812_parallel.dir/C_/Users/zlhgl/ese5190_lab2/pico/Downloads/pico-sdk/src/rp2_common/pico_printf/printf.c.obj
 .text._ntoa_long_long
                0x1000261e      0x10e CMakeFiles/pio_ws2812_parallel.dir/C_/Users/zlhgl/ese5190_lab2/pico/Downloads/pico-sdk/src/rp2_common/pico_printf/printf.c.obj
 .text._etoa    0x1000272c      0x420 CMakeFiles/pio_ws2812_parallel.dir/C_/Users/zlhgl/ese5190_lab2/pico/Downloads/pico-sdk/src/rp2_common/pico_printf/printf.c.obj
 .text._ftoa    0x10002b4c      0x354 CMakeFiles/pio_ws2812_parallel.dir/C_/Users/zlhgl/ese5190_lab2/pico/Downloads/pico-sdk/src/rp2_common/pico_printf/printf.c.obj
 .text._vsnprintf
                0x10002ea0      0x65c CMakeFiles/pio_ws2812_parallel.dir/C_/Users/zlhgl/ese5190_lab2/pico/Downloads/pico-sdk/src/rp2_common/pico_printf/printf.c.obj
 .text.vfctprintf
                0x100034fc       0x20 CMakeFiles/pio_ws2812_parallel.dir/C_/Users/zlhgl/ese5190_lab2/pico/Downloads/pico-sdk/src/rp2_common/pico_printf/printf.c.obj
                0x100034fc                vfctprintf
 .text          0x1000351c       0x10 CMakeFiles/pio_ws2812_parallel.dir/C_/Users/zlhgl/ese5190_lab2/pico/Downloads/pico-sdk/src/rp2_common/pico_bit_ops/bit_ops_aeabi.S.obj
 .text.rom_func_lookup
                0x1000352c       0x10 CMakeFiles/pio_ws2812_parallel.dir/C_/Users/zlhgl/ese5190_lab2/pico/Downloads/pico-sdk/src/rp2_common/pico_bootrom/bootrom.c.obj
                0x1000352c                rom_func_lookup
 .text.rom_data_lookup
                0x1000353c       0x10 CMakeFiles/pio_ws2812_parallel.dir/C_/Users/zlhgl/ese5190_lab2/pico/Downloads/pico-sdk/src/rp2_common/pico_bootrom/bootrom.c.obj
                0x1000353c                rom_data_lookup
 .text.rom_funcs_lookup
                0x1000354c       0x36 CMakeFiles/pio_ws2812_parallel.dir/C_/Users/zlhgl/ese5190_lab2/pico/Downloads/pico-sdk/src/rp2_common/pico_bootrom/bootrom.c.obj
                0x1000354c                rom_funcs_lookup
 *fill*         0x10003582        0x2 
 .text.__wrap___aeabi_idiv
                0x10003584       0x50 CMakeFiles/pio_ws2812_parallel.dir/C_/Users/zlhgl/ese5190_lab2/pico/Downloads/pico-sdk/src/rp2_common/pico_divider/divider.S.obj
                0x10003584                __wrap___aeabi_idivmod
                0x10003584                divmod_s32s32
                0x10003584                div_s32s32
                0x10003584                __wrap___aeabi_idiv
                0x1000358c                divmod_s32s32_unsafe
                0x100035b8                divmod_s32s32_savestate
 .text.__wrap___aeabi_uidiv
                0x100035d4       0x4c CMakeFiles/pio_ws2812_parallel.dir/C_/Users/zlhgl/ese5190_lab2/pico/Downloads/pico-sdk/src/rp2_common/pico_divider/divider.S.obj
                0x100035d4                __wrap___aeabi_uidiv
                0x100035d4                __wrap___aeabi_uidivmod
                0x100035d4                div_u32u32
                0x100035d4                divmod_u32u32
                0x100035dc                divmod_u32u32_unsafe
                0x10003604                divmod_u32u32_savestate
 .text.__wrap___aeabi_ldiv
                0x10003620      0x434 CMakeFiles/pio_ws2812_parallel.dir/C_/Users/zlhgl/ese5190_lab2/pico/Downloads/pico-sdk/src/rp2_common/pico_divider/divider.S.obj
                0x10003620                div_s64s64
                0x10003620                divmod_s64s64
                0x10003620                __wrap___aeabi_ldivmod
                0x10003658                divmod_u64u64
                0x10003658                div_u64u64
                0x10003658                __wrap___aeabi_uldivmod
                0x10003668                divmod_u64u64_savestate
                0x10003690                divmod_s64s64_unsafe
                0x10003718                divmod_u64u64_unsafe
 .text.__wrap___aeabi_darithmetic
                0x10003a54       0x60 CMakeFiles/pio_ws2812_parallel.dir/C_/Users/zlhgl/ese5190_lab2/pico/Downloads/pico-sdk/src/rp2_common/pico_double/double_aeabi.S.obj
                0x10003a54                __wrap___aeabi_drsub
                0x10003a5a                __wrap___aeabi_dsub
                0x10003a64                __wrap___aeabi_dadd
                0x10003a6e                __wrap___aeabi_ddiv
                0x10003aa2                __wrap___aeabi_dmul
 .text.__wrap___aeabi_cdcmple
                0x10003ab4       0x6c CMakeFiles/pio_ws2812_parallel.dir/C_/Users/zlhgl/ese5190_lab2/pico/Downloads/pico-sdk/src/rp2_common/pico_double/double_aeabi.S.obj
                0x10003ab4                __wrap___aeabi_cdrcmple
                0x10003ac4                __wrap___aeabi_cdcmpeq
                0x10003ac4                __wrap___aeabi_cdcmple
 .text.__wrap___aeabi_dcmplt
                0x10003b20        0xc CMakeFiles/pio_ws2812_parallel.dir/C_/Users/zlhgl/ese5190_lab2/pico/Downloads/pico-sdk/src/rp2_common/pico_double/double_aeabi.S.obj
                0x10003b20                __wrap___aeabi_dcmplt
 .text.__wrap___aeabi_dcmple
                0x10003b2c       0x10 CMakeFiles/pio_ws2812_parallel.dir/C_/Users/zlhgl/ese5190_lab2/pico/Downloads/pico-sdk/src/rp2_common/pico_double/double_aeabi.S.obj
                0x10003b2c                __wrap___aeabi_dcmple
 .text.__wrap___aeabi_dcmpge
                0x10003b3c       0x10 CMakeFiles/pio_ws2812_parallel.dir/C_/Users/zlhgl/ese5190_lab2/pico/Downloads/pico-sdk/src/rp2_common/pico_double/double_aeabi.S.obj
                0x10003b3c                __wrap___aeabi_dcmpge
 .text.__wrap___aeabi_dcmpgt
                0x10003b4c        0xa CMakeFiles/pio_ws2812_parallel.dir/C_/Users/zlhgl/ese5190_lab2/pico/Downloads/pico-sdk/src/rp2_common/pico_double/double_aeabi.S.obj
                0x10003b4c                __wrap___aeabi_dcmpgt
 .text.__wrap___aeabi_dcmpun
                0x10003b56       0x1c CMakeFiles/pio_ws2812_parallel.dir/C_/Users/zlhgl/ese5190_lab2/pico/Downloads/pico-sdk/src/rp2_common/pico_double/double_aeabi.S.obj
                0x10003b56                __wrap___aeabi_dcmpun
 *fill*         0x10003b72        0x2 
 .text.__wrap___aeabi_i2d
                0x10003b74       0x38 CMakeFiles/pio_ws2812_parallel.dir/C_/Users/zlhgl/ese5190_lab2/pico/Downloads/pico-sdk/src/rp2_common/pico_double/double_aeabi.S.obj
                0x10003b74                __wrap___aeabi_ui2d
                0x10003b7c                __wrap___aeabi_i2d
 .text.__wrap___aeabi_d2iz
                0x10003bac       0x48 CMakeFiles/pio_ws2812_parallel.dir/C_/Users/zlhgl/ese5190_lab2/pico/Downloads/pico-sdk/src/rp2_common/pico_double/double_aeabi.S.obj
                0x10003bac                double2int_z
                0x10003bac                __wrap___aeabi_d2iz
 .text.__wrap___aeabi_d2uiz
                0x10003bf4       0x10 CMakeFiles/pio_ws2812_parallel.dir/C_/Users/zlhgl/ese5190_lab2/pico/Downloads/pico-sdk/src/rp2_common/pico_double/double_aeabi.S.obj
                0x10003bf4                __wrap___aeabi_d2uiz
                0x10003bf4                double2uint
 .text.missing_double_func_shim
                0x10003c04        0xc CMakeFiles/pio_ws2812_parallel.dir/C_/Users/zlhgl/ese5190_lab2/pico/Downloads/pico-sdk/src/rp2_common/pico_double/double_init_rom.c.obj
 .text.__aeabi_double_init
                0x10003c10       0xd0 CMakeFiles/pio_ws2812_parallel.dir/C_/Users/zlhgl/ese5190_lab2/pico/Downloads/pico-sdk/src/rp2_common/pico_double/double_init_rom.c.obj
                0x10003c10                __aeabi_double_init
 .text.double_table_shim_on_use_helper
                0x10003ce0       0x34 CMakeFiles/pio_ws2812_parallel.dir/C_/Users/zlhgl/ese5190_lab2/pico/Downloads/pico-sdk/src/rp2_common/pico_double/double_v1_rom_shim.S.obj
                0x10003ce0                double_table_shim_on_use_helper
 .text.__aeabi_lmul
                0x10003d14       0x32 CMakeFiles/pio_ws2812_parallel.dir/C_/Users/zlhgl/ese5190_lab2/pico/Downloads/pico-sdk/src/rp2_common/pico_int64_ops/pico_int64_ops_aeabi.S.obj
                0x10003d14                __wrap___aeabi_lmul
 *fill*         0x10003d46        0x2 
 .text.__wrap___aeabi_farithmetic
                0x10003d48       0x48 CMakeFiles/pio_ws2812_parallel.dir/C_/Users/zlhgl/ese5190_lab2/pico/Downloads/pico-sdk/src/rp2_common/pico_float/float_aeabi.S.obj
                0x10003d48                __wrap___aeabi_frsub
                0x10003d4e                __wrap___aeabi_fsub
                0x10003d54                __wrap___aeabi_fadd
                0x10003d5a                __wrap___aeabi_fdiv
                0x10003d82                __wrap___aeabi_fmul
 .text.__wrap___aeabi_ui2f
                0x10003d90        0xa CMakeFiles/pio_ws2812_parallel.dir/C_/Users/zlhgl/ese5190_lab2/pico/Downloads/pico-sdk/src/rp2_common/pico_float/float_aeabi.S.obj
                0x10003d90                __wrap___aeabi_ui2f
 *fill*         0x10003d9a        0x2 
 .text.__wrap___aeabi_i2f
                0x10003d9c       0x44 CMakeFiles/pio_ws2812_parallel.dir/C_/Users/zlhgl/ese5190_lab2/pico/Downloads/pico-sdk/src/rp2_common/pico_float/float_aeabi.S.obj
                0x10003d9c                __wrap___aeabi_i2f
 .text.__wrap___aeabi_f2uiz
                0x10003de0        0xc CMakeFiles/pio_ws2812_parallel.dir/C_/Users/zlhgl/ese5190_lab2/pico/Downloads/pico-sdk/src/rp2_common/pico_float/float_aeabi.S.obj
                0x10003de0                __wrap___aeabi_f2uiz
 .text.missing_float_func_shim
                0x10003dec        0xc CMakeFiles/pio_ws2812_parallel.dir/C_/Users/zlhgl/ese5190_lab2/pico/Downloads/pico-sdk/src/rp2_common/pico_float/float_init_rom.c.obj
 .text.__aeabi_float_init
                0x10003df8       0x88 CMakeFiles/pio_ws2812_parallel.dir/C_/Users/zlhgl/ese5190_lab2/pico/Downloads/pico-sdk/src/rp2_common/pico_float/float_init_rom.c.obj
                0x10003df8                __aeabi_float_init
 .text          0x10003e80       0x10 CMakeFiles/pio_ws2812_parallel.dir/C_/Users/zlhgl/ese5190_lab2/pico/Downloads/pico-sdk/src/rp2_common/pico_mem_ops/mem_ops_aeabi.S.obj
                0x10003e80                __aeabi_mem_init
 .text.memset   0x10003e90        0xc CMakeFiles/pio_ws2812_parallel.dir/C_/Users/zlhgl/ese5190_lab2/pico/Downloads/pico-sdk/src/rp2_common/pico_mem_ops/mem_ops_aeabi.S.obj
                0x10003e90                __wrap_memset
 .text.memcpy   0x10003e9c        0xc CMakeFiles/pio_ws2812_parallel.dir/C_/Users/zlhgl/ese5190_lab2/pico/Downloads/pico-sdk/src/rp2_common/pico_mem_ops/mem_ops_aeabi.S.obj
                0x10003e9c                __wrap_memcpy
                0x10003e9c                __wrap___aeabi_memcpy
 .text.stdio_out_chars_no_crlf
                0x10003ea8        0xe CMakeFiles/pio_ws2812_parallel.dir/C_/Users/zlhgl/ese5190_lab2/pico/Downloads/pico-sdk/src/rp2_common/pico_stdio/stdio.c.obj
 *fill*         0x10003eb6        0x2 
 .text.stdio_out_chars_crlf
                0x10003eb8       0x80 CMakeFiles/pio_ws2812_parallel.dir/C_/Users/zlhgl/ese5190_lab2/pico/Downloads/pico-sdk/src/rp2_common/pico_stdio/stdio.c.obj
 .text.stdio_stack_buffer_flush
                0x10003f38       0x44 CMakeFiles/pio_ws2812_parallel.dir/C_/Users/zlhgl/ese5190_lab2/pico/Downloads/pico-sdk/src/rp2_common/pico_stdio/stdio.c.obj
 .text.stdio_buffered_printer
                0x10003f7c       0x20 CMakeFiles/pio_ws2812_parallel.dir/C_/Users/zlhgl/ese5190_lab2/pico/Downloads/pico-sdk/src/rp2_common/pico_stdio/stdio.c.obj
 .text.stdout_serialize_begin
                0x10003f9c       0x30 CMakeFiles/pio_ws2812_parallel.dir/C_/Users/zlhgl/ese5190_lab2/pico/Downloads/pico-sdk/src/rp2_common/pico_stdio/stdio.c.obj
                0x10003f9c                stdout_serialize_begin
 .text.stdout_serialize_end
                0x10003fcc       0x10 CMakeFiles/pio_ws2812_parallel.dir/C_/Users/zlhgl/ese5190_lab2/pico/Downloads/pico-sdk/src/rp2_common/pico_stdio/stdio.c.obj
                0x10003fcc                stdout_serialize_end
 .text.stdio_put_string
                0x10003fdc       0x98 CMakeFiles/pio_ws2812_parallel.dir/C_/Users/zlhgl/ese5190_lab2/pico/Downloads/pico-sdk/src/rp2_common/pico_stdio/stdio.c.obj
 .text.stdio_set_driver_enabled
                0x10004074       0x2c CMakeFiles/pio_ws2812_parallel.dir/C_/Users/zlhgl/ese5190_lab2/pico/Downloads/pico-sdk/src/rp2_common/pico_stdio/stdio.c.obj
                0x10004074                stdio_set_driver_enabled
 .text.stdio_flush
                0x100040a0       0x20 CMakeFiles/pio_ws2812_parallel.dir/C_/Users/zlhgl/ese5190_lab2/pico/Downloads/pico-sdk/src/rp2_common/pico_stdio/stdio.c.obj
                0x100040a0                stdio_flush
 .text.__wrap_puts
                0x100040c0       0x1e CMakeFiles/pio_ws2812_parallel.dir/C_/Users/zlhgl/ese5190_lab2/pico/Downloads/pico-sdk/src/rp2_common/pico_stdio/stdio.c.obj
                0x100040c0                __wrap_puts
 *fill*         0x100040de        0x2 
 .text.__wrap_vprintf
                0x100040e0       0x44 CMakeFiles/pio_ws2812_parallel.dir/C_/Users/zlhgl/ese5190_lab2/pico/Downloads/pico-sdk/src/rp2_common/pico_stdio/stdio.c.obj
                0x100040e0                __wrap_vprintf
 .text.__wrap_printf
                0x10004124       0x18 CMakeFiles/pio_ws2812_parallel.dir/C_/Users/zlhgl/ese5190_lab2/pico/Downloads/pico-sdk/src/rp2_common/pico_stdio/stdio.c.obj
                0x10004124                __wrap_printf
 .text.stdio_init_all
                0x1000413c        0x8 CMakeFiles/pio_ws2812_parallel.dir/C_/Users/zlhgl/ese5190_lab2/pico/Downloads/pico-sdk/src/rp2_common/pico_stdio/stdio.c.obj
                0x1000413c                stdio_init_all
 .text.uart_putc
                0x10004144       0x60 CMakeFiles/pio_ws2812_parallel.dir/C_/Users/zlhgl/ese5190_lab2/pico/Downloads/pico-sdk/src/rp2_common/pico_stdio_uart/stdio_uart.c.obj
 .text.uart_getc
                0x100041a4       0x24 CMakeFiles/pio_ws2812_parallel.dir/C_/Users/zlhgl/ese5190_lab2/pico/Downloads/pico-sdk/src/rp2_common/pico_stdio_uart/stdio_uart.c.obj
 .text.stdio_uart_out_chars
                0x100041c8       0x20 CMakeFiles/pio_ws2812_parallel.dir/C_/Users/zlhgl/ese5190_lab2/pico/Downloads/pico-sdk/src/rp2_common/pico_stdio_uart/stdio_uart.c.obj
 .text.stdio_uart_in_chars
                0x100041e8       0x34 CMakeFiles/pio_ws2812_parallel.dir/C_/Users/zlhgl/ese5190_lab2/pico/Downloads/pico-sdk/src/rp2_common/pico_stdio_uart/stdio_uart.c.obj
                0x100041e8                stdio_uart_in_chars
 .text.stdio_uart_init_full
                0x1000421c       0x3c CMakeFiles/pio_ws2812_parallel.dir/C_/Users/zlhgl/ese5190_lab2/pico/Downloads/pico-sdk/src/rp2_common/pico_stdio_uart/stdio_uart.c.obj
                0x1000421c                stdio_uart_init_full
 .text.stdio_uart_init
                0x10004258       0x28 CMakeFiles/pio_ws2812_parallel.dir/C_/Users/zlhgl/ese5190_lab2/pico/Downloads/pico-sdk/src/rp2_common/pico_stdio_uart/stdio_uart.c.obj
                0x10004258                stdio_uart_init
 .text.pio_get_default_sm_config
                0x10004280       0x28 CMakeFiles/pio_ws2812_parallel.dir/C_/Users/zlhgl/ese5190_lab2/pico/Downloads/pico-sdk/src/rp2_common/hardware_pio/pio.c.obj
 .text._pio_can_add_program_at_offset
                0x100042a8       0x3c CMakeFiles/pio_ws2812_parallel.dir/C_/Users/zlhgl/ese5190_lab2/pico/Downloads/pico-sdk/src/rp2_common/hardware_pio/pio.c.obj
 .text._pio_find_offset_for_program
                0x100042e4       0x7c CMakeFiles/pio_ws2812_parallel.dir/C_/Users/zlhgl/ese5190_lab2/pico/Downloads/pico-sdk/src/rp2_common/hardware_pio/pio.c.obj
 .text._pio_add_program_at_offset
                0x10004360       0x7c CMakeFiles/pio_ws2812_parallel.dir/C_/Users/zlhgl/ese5190_lab2/pico/Downloads/pico-sdk/src/rp2_common/hardware_pio/pio.c.obj
 .text.pio_add_program
                0x100043dc       0x38 CMakeFiles/pio_ws2812_parallel.dir/C_/Users/zlhgl/ese5190_lab2/pico/Downloads/pico-sdk/src/rp2_common/hardware_pio/pio.c.obj
                0x100043dc                pio_add_program
 .text.pio_sm_set_consecutive_pindirs
                0x10004414       0x70 CMakeFiles/pio_ws2812_parallel.dir/C_/Users/zlhgl/ese5190_lab2/pico/Downloads/pico-sdk/src/rp2_common/hardware_pio/pio.c.obj
                0x10004414                pio_sm_set_consecutive_pindirs
 .text.pio_sm_init
                0x10004484       0xb4 CMakeFiles/pio_ws2812_parallel.dir/C_/Users/zlhgl/ese5190_lab2/pico/Downloads/pico-sdk/src/rp2_common/hardware_pio/pio.c.obj
                0x10004484                pio_sm_init
 .text.dma_channel_claim
                0x10004538       0x18 CMakeFiles/pio_ws2812_parallel.dir/C_/Users/zlhgl/ese5190_lab2/pico/Downloads/pico-sdk/src/rp2_common/hardware_dma/dma.c.obj
                0x10004538                dma_channel_claim
 .text.dma_claim_mask
                0x10004550       0x1e CMakeFiles/pio_ws2812_parallel.dir/C_/Users/zlhgl/ese5190_lab2/pico/Downloads/pico-sdk/src/rp2_common/hardware_dma/dma.c.obj
                0x10004550                dma_claim_mask
 *fill*         0x1000456e        0x2 
 .text.rand     0x10004570       0x34 c:/progra~2/armgnu~1/1213fb~1.2mp/bin/../lib/gcc/arm-none-eabi/12.2.0/thumb/v6-m/nofp\libg.a(libc_a-rand.o)
                0x10004570                rand
 .text.strlen   0x100045a4       0x5c c:/progra~2/armgnu~1/1213fb~1.2mp/bin/../lib/gcc/arm-none-eabi/12.2.0/thumb/v6-m/nofp\libg.a(libc_a-strlen-stub.o)
                0x100045a4                strlen
 *(.fini)
 .fini          0x10004600        0x4 c:/progra~2/armgnu~1/1213fb~1.2mp/bin/../lib/gcc/arm-none-eabi/12.2.0/thumb/v6-m/nofp/crti.o
                0x10004600                _fini
 *fill*         0x10004604        0x4 
 .fini.__stub   0x10004608       0x70 linker stubs
 *crtbegin.o(.ctors)
 *crtbegin?.o(.ctors)
 *(EXCLUDE_FILE(*crtend.o *crtend?.o) .ctors)
 *(SORT_BY_NAME(.ctors.*))
 *(.ctors)
 *crtbegin.o(.dtors)
 *crtbegin?.o(.dtors)
 *(EXCLUDE_FILE(*crtend.o *crtend?.o) .dtors)
 *(SORT_BY_NAME(.dtors.*))
 *(.dtors)
 *(.eh_frame*)
 .eh_frame      0x10004678        0x0 c:/progra~2/armgnu~1/1213fb~1.2mp/bin/../lib/gcc/arm-none-eabi/12.2.0/thumb/v6-m/nofp/crtbegin.o
                0x10004678                        . = ALIGN (0x4)

.glue_7         0x10004678        0x0
 .glue_7        0x10004678        0x0 linker stubs

.glue_7t        0x10004678        0x0
 .glue_7t       0x10004678        0x0 linker stubs

.vfp11_veneer   0x10004678        0x0
 .vfp11_veneer  0x10004678        0x0 linker stubs

.v4_bx          0x10004678        0x0
 .v4_bx         0x10004678        0x0 linker stubs

.iplt           0x10004678        0x0
 .iplt          0x10004678        0x0 c:/progra~2/armgnu~1/1213fb~1.2mp/bin/../lib/gcc/arm-none-eabi/12.2.0/thumb/v6-m/nofp/crtbegin.o

.rodata         0x10004678     0x118c
 *(EXCLUDE_FILE(*libm.a: *libc.a:*lib_a-mem*.o *libgcc.a:) .rodata*)
 .rodata.update_us_since_boot.str1.4
                0x10004678       0x7a CMakeFiles/pio_ws2812_parallel.dir/ws2812_parallel.c.obj
 *fill*         0x100046f2        0x2 
 .rodata.channel_config_set_dreq.str1.4
                0x100046f4       0x7b CMakeFiles/pio_ws2812_parallel.dir/ws2812_parallel.c.obj
 *fill*         0x1000476f        0x1 
 .rodata.channel_config_set_chain_to.str1.4
                0x10004770       0x1d CMakeFiles/pio_ws2812_parallel.dir/ws2812_parallel.c.obj
 *fill*         0x1000478d        0x3 
 .rodata.main.str1.4
                0x10004790       0x30 CMakeFiles/pio_ws2812_parallel.dir/ws2812_parallel.c.obj
 .rodata.__func__.2
                0x100047c0       0x1c CMakeFiles/pio_ws2812_parallel.dir/ws2812_parallel.c.obj
 .rodata.__func__.3
                0x100047dc       0x18 CMakeFiles/pio_ws2812_parallel.dir/ws2812_parallel.c.obj
 .rodata.__func__.4
                0x100047f4       0x15 CMakeFiles/pio_ws2812_parallel.dir/ws2812_parallel.c.obj
 *fill*         0x10004809        0x3 
 .rodata.str1.4
                0x1000480c       0x26 CMakeFiles/pio_ws2812_parallel.dir/ws2812_parallel.c.obj
 *fill*         0x10004832        0x2 
 .rodata.pattern_table
                0x10004834       0x20 CMakeFiles/pio_ws2812_parallel.dir/ws2812_parallel.c.obj
                0x10004834                pattern_table
 .rodata.ws2812_parallel_program
                0x10004854        0x6 CMakeFiles/pio_ws2812_parallel.dir/ws2812_parallel.c.obj
 *fill*         0x1000485a        0x2 
 .rodata.ws2812_parallel_program_instructions
                0x1000485c        0x8 CMakeFiles/pio_ws2812_parallel.dir/ws2812_parallel.c.obj
 .rodata.resolve_branch.str1.4
                0x10004864       0x6e CMakeFiles/pio_ws2812_parallel.dir/C_/Users/zlhgl/ese5190_lab2/pico/Downloads/pico-sdk/src/rp2_common/hardware_irq/irq.c.obj
 *fill*         0x100048d2        0x2 
 .rodata.make_branch.str1.4
                0x100048d4       0x30 CMakeFiles/pio_ws2812_parallel.dir/C_/Users/zlhgl/ese5190_lab2/pico/Downloads/pico-sdk/src/rp2_common/hardware_irq/irq.c.obj
 .rodata.insert_branch_and_link.str1.4
                0x10004904       0x10 CMakeFiles/pio_ws2812_parallel.dir/C_/Users/zlhgl/ese5190_lab2/pico/Downloads/pico-sdk/src/rp2_common/hardware_irq/irq.c.obj
 .rodata.irq_set_exclusive_handler.str1.4
                0x10004914       0x36 CMakeFiles/pio_ws2812_parallel.dir/C_/Users/zlhgl/ese5190_lab2/pico/Downloads/pico-sdk/src/rp2_common/hardware_irq/irq.c.obj
 *fill*         0x1000494a        0x2 
 .rodata.irq_remove_handler.str1.4
                0x1000494c       0x2a CMakeFiles/pio_ws2812_parallel.dir/C_/Users/zlhgl/ese5190_lab2/pico/Downloads/pico-sdk/src/rp2_common/hardware_irq/irq.c.obj
 *fill*         0x10004976        0x2 
 .rodata.irq_add_tail_to_free_list.str1.4
                0x10004978       0x3a CMakeFiles/pio_ws2812_parallel.dir/C_/Users/zlhgl/ese5190_lab2/pico/Downloads/pico-sdk/src/rp2_common/hardware_irq/irq.c.obj
 *fill*         0x100049b2        0x2 
 .rodata.__func__.0
                0x100049b4       0x1a CMakeFiles/pio_ws2812_parallel.dir/C_/Users/zlhgl/ese5190_lab2/pico/Downloads/pico-sdk/src/rp2_common/hardware_irq/irq.c.obj
 *fill*         0x100049ce        0x2 
 .rodata.__func__.1
                0x100049d0       0x17 CMakeFiles/pio_ws2812_parallel.dir/C_/Users/zlhgl/ese5190_lab2/pico/Downloads/pico-sdk/src/rp2_common/hardware_irq/irq.c.obj
 *fill*         0x100049e7        0x1 
 .rodata.__func__.2
                0x100049e8       0x13 CMakeFiles/pio_ws2812_parallel.dir/C_/Users/zlhgl/ese5190_lab2/pico/Downloads/pico-sdk/src/rp2_common/hardware_irq/irq.c.obj
 *fill*         0x100049fb        0x1 
 .rodata.__func__.3
                0x100049fc        0xc CMakeFiles/pio_ws2812_parallel.dir/C_/Users/zlhgl/ese5190_lab2/pico/Downloads/pico-sdk/src/rp2_common/hardware_irq/irq.c.obj
 .rodata.__func__.4
                0x10004a08        0xf CMakeFiles/pio_ws2812_parallel.dir/C_/Users/zlhgl/ese5190_lab2/pico/Downloads/pico-sdk/src/rp2_common/hardware_irq/irq.c.obj
 *fill*         0x10004a17        0x1 
 .rodata.__func__.6
                0x10004a18       0x1a CMakeFiles/pio_ws2812_parallel.dir/C_/Users/zlhgl/ese5190_lab2/pico/Downloads/pico-sdk/src/rp2_common/hardware_irq/irq.c.obj
 *fill*         0x10004a32        0x2 
 .rodata.get_entry.str1.4
                0x10004a34       0x74 CMakeFiles/pio_ws2812_parallel.dir/C_/Users/zlhgl/ese5190_lab2/pico/Downloads/pico-sdk/src/common/pico_time/time.c.obj
 .rodata.update_us_since_boot.str1.4
                0x10004aa8       0x7a CMakeFiles/pio_ws2812_parallel.dir/C_/Users/zlhgl/ese5190_lab2/pico/Downloads/pico-sdk/src/common/pico_time/time.c.obj
 .rodata.ph_get_node.str1.4
                0x10004aa8       0x7f CMakeFiles/pio_ws2812_parallel.dir/C_/Users/zlhgl/ese5190_lab2/pico/Downloads/pico-sdk/src/common/pico_time/time.c.obj
 *fill*         0x10004b27        0x1 
 .rodata.ph_add_child_node.str1.4
                0x10004b28       0x2e CMakeFiles/pio_ws2812_parallel.dir/C_/Users/zlhgl/ese5190_lab2/pico/Downloads/pico-sdk/src/common/pico_time/time.c.obj
 *fill*         0x10004b56        0x2 
 .rodata.ph_insert_node.str1.4
                0x10004b58        0x3 CMakeFiles/pio_ws2812_parallel.dir/C_/Users/zlhgl/ese5190_lab2/pico/Downloads/pico-sdk/src/common/pico_time/time.c.obj
 *fill*         0x10004b5b        0x1 
 .rodata.ph_free_node.str1.4
                0x10004b5c       0x22 CMakeFiles/pio_ws2812_parallel.dir/C_/Users/zlhgl/ese5190_lab2/pico/Downloads/pico-sdk/src/common/pico_time/time.c.obj
 *fill*         0x10004b7e        0x2 
 .rodata.add_alarm_under_lock.str1.4
                0x10004b80       0x28 CMakeFiles/pio_ws2812_parallel.dir/C_/Users/zlhgl/ese5190_lab2/pico/Downloads/pico-sdk/src/common/pico_time/time.c.obj
 .rodata.alarm_pool_alarm_callback.str1.4
                0x10004ba8       0x60 CMakeFiles/pio_ws2812_parallel.dir/C_/Users/zlhgl/ese5190_lab2/pico/Downloads/pico-sdk/src/common/pico_time/time.c.obj
 .rodata.alarm_pool_get_default.str1.4
                0x10004c08       0x21 CMakeFiles/pio_ws2812_parallel.dir/C_/Users/zlhgl/ese5190_lab2/pico/Downloads/pico-sdk/src/common/pico_time/time.c.obj
 *fill*         0x10004c29        0x3 
 .rodata.alarm_pool_cancel_alarm.str1.4
                0x10004c2c       0x27 CMakeFiles/pio_ws2812_parallel.dir/C_/Users/zlhgl/ese5190_lab2/pico/Downloads/pico-sdk/src/common/pico_time/time.c.obj
 *fill*         0x10004c53        0x1 
 .rodata.__func__.1
                0x10004c54       0x18 CMakeFiles/pio_ws2812_parallel.dir/C_/Users/zlhgl/ese5190_lab2/pico/Downloads/pico-sdk/src/common/pico_time/time.c.obj
 .rodata.__func__.3
                0x10004c6c       0x17 CMakeFiles/pio_ws2812_parallel.dir/C_/Users/zlhgl/ese5190_lab2/pico/Downloads/pico-sdk/src/common/pico_time/time.c.obj
 *fill*         0x10004c83        0x1 
 .rodata.__func__.4
                0x10004c84       0x12 CMakeFiles/pio_ws2812_parallel.dir/C_/Users/zlhgl/ese5190_lab2/pico/Downloads/pico-sdk/src/common/pico_time/time.c.obj
 *fill*         0x10004c96        0x2 
 .rodata.__func__.5
                0x10004c98        0xd CMakeFiles/pio_ws2812_parallel.dir/C_/Users/zlhgl/ese5190_lab2/pico/Downloads/pico-sdk/src/common/pico_time/time.c.obj
 *fill*         0x10004ca5        0x3 
 .rodata.__func__.6
                0x10004ca8       0x12 CMakeFiles/pio_ws2812_parallel.dir/C_/Users/zlhgl/ese5190_lab2/pico/Downloads/pico-sdk/src/common/pico_time/time.c.obj
 *fill*         0x10004cba        0x2 
 .rodata.__func__.7
                0x10004cbc        0xf CMakeFiles/pio_ws2812_parallel.dir/C_/Users/zlhgl/ese5190_lab2/pico/Downloads/pico-sdk/src/common/pico_time/time.c.obj
 *fill*         0x10004ccb        0x1 
 .rodata.__func__.8
                0x10004ccc        0xc CMakeFiles/pio_ws2812_parallel.dir/C_/Users/zlhgl/ese5190_lab2/pico/Downloads/pico-sdk/src/common/pico_time/time.c.obj
 .rodata.__func__.9
                0x10004cd8       0x15 CMakeFiles/pio_ws2812_parallel.dir/C_/Users/zlhgl/ese5190_lab2/pico/Downloads/pico-sdk/src/common/pico_time/time.c.obj
 *fill*         0x10004ced        0x3 
 .rodata.__func__.10
                0x10004cf0       0x15 CMakeFiles/pio_ws2812_parallel.dir/C_/Users/zlhgl/ese5190_lab2/pico/Downloads/pico-sdk/src/common/pico_time/time.c.obj
 *fill*         0x10004d05        0x3 
 .rodata.__func__.11
                0x10004d08       0x1a CMakeFiles/pio_ws2812_parallel.dir/C_/Users/zlhgl/ese5190_lab2/pico/Downloads/pico-sdk/src/common/pico_time/time.c.obj
 *fill*         0x10004d22        0x2 
 .rodata.__func__.12
                0x10004d24        0xa CMakeFiles/pio_ws2812_parallel.dir/C_/Users/zlhgl/ese5190_lab2/pico/Downloads/pico-sdk/src/common/pico_time/time.c.obj
 *fill*         0x10004d2e        0x2 
 .rodata.hardware_alarm_claim.str1.4
                0x10004d30       0x22 CMakeFiles/pio_ws2812_parallel.dir/C_/Users/zlhgl/ese5190_lab2/pico/Downloads/pico-sdk/src/rp2_common/hardware_timer/timer.c.obj
 *fill*         0x10004d52        0x2 
 .rodata.hardware_alarm_set_target.str1.4
                0x10004d54       0x7e CMakeFiles/pio_ws2812_parallel.dir/C_/Users/zlhgl/ese5190_lab2/pico/Downloads/pico-sdk/src/rp2_common/hardware_timer/timer.c.obj
 *fill*         0x10004dd2        0x2 
 .rodata.__func__.0
                0x10004dd4       0x1a CMakeFiles/pio_ws2812_parallel.dir/C_/Users/zlhgl/ese5190_lab2/pico/Downloads/pico-sdk/src/rp2_common/hardware_timer/timer.c.obj
 .rodata.ph_get_node.str1.4
                0x10004dee       0x7f CMakeFiles/pio_ws2812_parallel.dir/C_/Users/zlhgl/ese5190_lab2/pico/Downloads/pico-sdk/src/common/pico_util/pheap.c.obj
 .rodata.ph_add_child_node.str1.4
                0x10004dee       0x2e CMakeFiles/pio_ws2812_parallel.dir/C_/Users/zlhgl/ese5190_lab2/pico/Downloads/pico-sdk/src/common/pico_util/pheap.c.obj
 *fill*         0x10004dee        0x2 
 .rodata.ph_remove_any_head.str1.4
                0x10004df0       0xa8 CMakeFiles/pio_ws2812_parallel.dir/C_/Users/zlhgl/ese5190_lab2/pico/Downloads/pico-sdk/src/common/pico_util/pheap.c.obj
 .rodata.ph_remove_and_free_node.str1.4
                0x10004e98       0x1e CMakeFiles/pio_ws2812_parallel.dir/C_/Users/zlhgl/ese5190_lab2/pico/Downloads/pico-sdk/src/common/pico_util/pheap.c.obj
                                 0x26 (size before relaxing)
 *fill*         0x10004eb6        0x2 
 .rodata.__func__.0
                0x10004eb8       0x18 CMakeFiles/pio_ws2812_parallel.dir/C_/Users/zlhgl/ese5190_lab2/pico/Downloads/pico-sdk/src/common/pico_util/pheap.c.obj
 .rodata.__func__.1
                0x10004ed0       0x13 CMakeFiles/pio_ws2812_parallel.dir/C_/Users/zlhgl/ese5190_lab2/pico/Downloads/pico-sdk/src/common/pico_util/pheap.c.obj
 *fill*         0x10004ee3        0x1 
 .rodata.__func__.2
                0x10004ee4       0x12 CMakeFiles/pio_ws2812_parallel.dir/C_/Users/zlhgl/ese5190_lab2/pico/Downloads/pico-sdk/src/common/pico_util/pheap.c.obj
 *fill*         0x10004ef6        0x2 
 .rodata.__func__.3
                0x10004ef8        0xc CMakeFiles/pio_ws2812_parallel.dir/C_/Users/zlhgl/ese5190_lab2/pico/Downloads/pico-sdk/src/common/pico_util/pheap.c.obj
 .rodata.str1.4
                0x10004f04       0xa5 CMakeFiles/pio_ws2812_parallel.dir/C_/Users/zlhgl/ese5190_lab2/pico/Downloads/pico-sdk/src/common/pico_sync/mutex.c.obj
 *fill*         0x10004fa9        0x3 
 .rodata.__func__.1
                0x10004fac        0xb CMakeFiles/pio_ws2812_parallel.dir/C_/Users/zlhgl/ese5190_lab2/pico/Downloads/pico-sdk/src/common/pico_sync/mutex.c.obj
 *fill*         0x10004fb7        0x1 
 .rodata.__assert_func.str1.4
                0x10004fb8       0x3f CMakeFiles/pio_ws2812_parallel.dir/C_/Users/zlhgl/ese5190_lab2/pico/Downloads/pico-sdk/src/rp2_common/pico_runtime/runtime.c.obj
                                 0x43 (size before relaxing)
 *fill*         0x10004ff7        0x1 
 .rodata.runtime_init.str1.4
                0x10004ff8       0x7a CMakeFiles/pio_ws2812_parallel.dir/C_/Users/zlhgl/ese5190_lab2/pico/Downloads/pico-sdk/src/rp2_common/pico_runtime/runtime.c.obj
 *fill*         0x10005072        0x2 
 .rodata.panic.str1.4
                0x10005074       0x12 CMakeFiles/pio_ws2812_parallel.dir/C_/Users/zlhgl/ese5190_lab2/pico/Downloads/pico-sdk/src/rp2_common/pico_runtime/runtime.c.obj
 *fill*         0x10005086        0x2 
 .rodata.__func__.1
                0x10005088        0xd CMakeFiles/pio_ws2812_parallel.dir/C_/Users/zlhgl/ese5190_lab2/pico/Downloads/pico-sdk/src/rp2_common/pico_runtime/runtime.c.obj
 *fill*         0x10005095        0x3 
 .rodata.clock_configure.str1.4
                0x10005098       0x70 CMakeFiles/pio_ws2812_parallel.dir/C_/Users/zlhgl/ese5190_lab2/pico/Downloads/pico-sdk/src/rp2_common/hardware_clocks/clocks.c.obj
 .rodata.__func__.1
                0x10005108       0x10 CMakeFiles/pio_ws2812_parallel.dir/C_/Users/zlhgl/ese5190_lab2/pico/Downloads/pico-sdk/src/rp2_common/hardware_clocks/clocks.c.obj
 .rodata.pll_init.str1.4
                0x10005118      0x153 CMakeFiles/pio_ws2812_parallel.dir/C_/Users/zlhgl/ese5190_lab2/pico/Downloads/pico-sdk/src/rp2_common/hardware_pll/pll.c.obj
 *fill*         0x1000526b        0x1 
 .rodata.__func__.0
                0x1000526c        0x9 CMakeFiles/pio_ws2812_parallel.dir/C_/Users/zlhgl/ese5190_lab2/pico/Downloads/pico-sdk/src/rp2_common/hardware_pll/pll.c.obj
 *fill*         0x10005275        0x3 
 .rodata._ftoa.str1.4
                0x10005278       0x15 CMakeFiles/pio_ws2812_parallel.dir/C_/Users/zlhgl/ese5190_lab2/pico/Downloads/pico-sdk/src/rp2_common/pico_printf/printf.c.obj
 *fill*         0x1000528d        0x3 
 .rodata._vsnprintf
                0x10005290      0x19c CMakeFiles/pio_ws2812_parallel.dir/C_/Users/zlhgl/ese5190_lab2/pico/Downloads/pico-sdk/src/rp2_common/pico_printf/printf.c.obj
 *fill*         0x1000542c        0x4 
 .rodata.pow10.0
                0x10005430       0x50 CMakeFiles/pio_ws2812_parallel.dir/C_/Users/zlhgl/ese5190_lab2/pico/Downloads/pico-sdk/src/rp2_common/pico_printf/printf.c.obj
 .rodata.missing_double_func_shim.str1.4
                0x10005480       0x18 CMakeFiles/pio_ws2812_parallel.dir/C_/Users/zlhgl/ese5190_lab2/pico/Downloads/pico-sdk/src/rp2_common/pico_double/double_init_rom.c.obj
 .rodata.__aeabi_double_init.str1.4
                0x10005498       0xc1 CMakeFiles/pio_ws2812_parallel.dir/C_/Users/zlhgl/ese5190_lab2/pico/Downloads/pico-sdk/src/rp2_common/pico_double/double_init_rom.c.obj
 *fill*         0x10005559        0x3 
 .rodata.__func__.0
                0x1000555c       0x14 CMakeFiles/pio_ws2812_parallel.dir/C_/Users/zlhgl/ese5190_lab2/pico/Downloads/pico-sdk/src/rp2_common/pico_double/double_init_rom.c.obj
 .rodata.missing_float_func_shim.str1.4
                0x10005570        0x1 CMakeFiles/pio_ws2812_parallel.dir/C_/Users/zlhgl/ese5190_lab2/pico/Downloads/pico-sdk/src/rp2_common/pico_float/float_init_rom.c.obj
 .rodata.__aeabi_float_init.str1.4
                0x10005570       0x93 CMakeFiles/pio_ws2812_parallel.dir/C_/Users/zlhgl/ese5190_lab2/pico/Downloads/pico-sdk/src/rp2_common/pico_float/float_init_rom.c.obj
 *fill*         0x10005603        0x1 
 .rodata.__func__.0
                0x10005604       0x13 CMakeFiles/pio_ws2812_parallel.dir/C_/Users/zlhgl/ese5190_lab2/pico/Downloads/pico-sdk/src/rp2_common/pico_float/float_init_rom.c.obj
 *fill*         0x10005617        0x1 
 .rodata.str1.4
                0x10005618       0x9c CMakeFiles/pio_ws2812_parallel.dir/C_/Users/zlhgl/ese5190_lab2/pico/Downloads/pico-sdk/src/rp2_common/pico_standard_link/binary_info.c.obj
 .rodata.__bi_81
                0x100056b4        0xc CMakeFiles/pio_ws2812_parallel.dir/C_/Users/zlhgl/ese5190_lab2/pico/Downloads/pico-sdk/src/rp2_common/pico_standard_link/binary_info.c.obj
 .rodata.__bi_75
                0x100056c0        0xc CMakeFiles/pio_ws2812_parallel.dir/C_/Users/zlhgl/ese5190_lab2/pico/Downloads/pico-sdk/src/rp2_common/pico_standard_link/binary_info.c.obj
 .rodata.__bi_69
                0x100056cc        0xc CMakeFiles/pio_ws2812_parallel.dir/C_/Users/zlhgl/ese5190_lab2/pico/Downloads/pico-sdk/src/rp2_common/pico_standard_link/binary_info.c.obj
 .rodata.__bi_44
                0x100056d8        0xc CMakeFiles/pio_ws2812_parallel.dir/C_/Users/zlhgl/ese5190_lab2/pico/Downloads/pico-sdk/src/rp2_common/pico_standard_link/binary_info.c.obj
 .rodata.crlf_str.3
                0x100056e4        0x2 CMakeFiles/pio_ws2812_parallel.dir/C_/Users/zlhgl/ese5190_lab2/pico/Downloads/pico-sdk/src/rp2_common/pico_stdio/stdio.c.obj
 *fill*         0x100056e6        0x2 
 .rodata.str1.4
                0x100056e8       0x2c CMakeFiles/pio_ws2812_parallel.dir/C_/Users/zlhgl/ese5190_lab2/pico/Downloads/pico-sdk/src/rp2_common/pico_stdio_uart/stdio_uart.c.obj
 .rodata.__bi_28.4
                0x10005714        0xc CMakeFiles/pio_ws2812_parallel.dir/C_/Users/zlhgl/ese5190_lab2/pico/Downloads/pico-sdk/src/rp2_common/pico_stdio_uart/stdio_uart.c.obj
 .rodata.__bi_29.5
                0x10005720        0x8 CMakeFiles/pio_ws2812_parallel.dir/C_/Users/zlhgl/ese5190_lab2/pico/Downloads/pico-sdk/src/rp2_common/pico_stdio_uart/stdio_uart.c.obj
 .rodata._pio_find_offset_for_program.str1.4
                0x10005728       0x82 CMakeFiles/pio_ws2812_parallel.dir/C_/Users/zlhgl/ese5190_lab2/pico/Downloads/pico-sdk/src/rp2_common/hardware_pio/pio.c.obj
 *fill*         0x100057aa        0x2 
 .rodata._pio_add_program_at_offset.str1.4
                0x100057ac       0x11 CMakeFiles/pio_ws2812_parallel.dir/C_/Users/zlhgl/ese5190_lab2/pico/Downloads/pico-sdk/src/rp2_common/hardware_pio/pio.c.obj
 *fill*         0x100057bd        0x3 
 .rodata.__func__.1
                0x100057c0       0x1d CMakeFiles/pio_ws2812_parallel.dir/C_/Users/zlhgl/ese5190_lab2/pico/Downloads/pico-sdk/src/rp2_common/hardware_pio/pio.c.obj
 *fill*         0x100057dd        0x3 
 .rodata.dma_channel_claim.str1.4
                0x100057e0       0x22 CMakeFiles/pio_ws2812_parallel.dir/C_/Users/zlhgl/ese5190_lab2/pico/Downloads/pico-sdk/src/rp2_common/hardware_dma/dma.c.obj
                0x10005804                        . = ALIGN (0x4)
 *fill*         0x10005802        0x2 
 *(SORT_BY_ALIGNMENT(SORT_BY_NAME(.flashdata*)))
                0x10005804                        . = ALIGN (0x4)

.rel.dyn        0x10005804        0x0
 .rel.iplt      0x10005804        0x0 c:/progra~2/armgnu~1/1213fb~1.2mp/bin/../lib/gcc/arm-none-eabi/12.2.0/thumb/v6-m/nofp/crtbegin.o

.ARM.extab
 *(.ARM.extab* .gnu.linkonce.armextab.*)
                0x10005804                        __exidx_start = .

.ARM.exidx
 *(.ARM.exidx* .gnu.linkonce.armexidx.*)
                0x10005804                        __exidx_end = .
                0x10005804                        . = ALIGN (0x4)
                0x10005804                        __binary_info_start = .

.binary_info    0x10005804       0x28
 *(.binary_info.keep.*)
 .binary_info.keep.__bi_ptr81
                0x10005804        0x4 CMakeFiles/pio_ws2812_parallel.dir/C_/Users/zlhgl/ese5190_lab2/pico/Downloads/pico-sdk/src/rp2_common/pico_standard_link/binary_info.c.obj
 .binary_info.keep.__bi_ptr75
                0x10005808        0x4 CMakeFiles/pio_ws2812_parallel.dir/C_/Users/zlhgl/ese5190_lab2/pico/Downloads/pico-sdk/src/rp2_common/pico_standard_link/binary_info.c.obj
 .binary_info.keep.__bi_ptr69
                0x1000580c        0x4 CMakeFiles/pio_ws2812_parallel.dir/C_/Users/zlhgl/ese5190_lab2/pico/Downloads/pico-sdk/src/rp2_common/pico_standard_link/binary_info.c.obj
 .binary_info.keep.__bi_ptr50
                0x10005810        0x4 CMakeFiles/pio_ws2812_parallel.dir/C_/Users/zlhgl/ese5190_lab2/pico/Downloads/pico-sdk/src/rp2_common/pico_standard_link/binary_info.c.obj
 .binary_info.keep.__bi_ptr44
                0x10005814        0x4 CMakeFiles/pio_ws2812_parallel.dir/C_/Users/zlhgl/ese5190_lab2/pico/Downloads/pico-sdk/src/rp2_common/pico_standard_link/binary_info.c.obj
 .binary_info.keep.__bi_ptr38
                0x10005818        0x4 CMakeFiles/pio_ws2812_parallel.dir/C_/Users/zlhgl/ese5190_lab2/pico/Downloads/pico-sdk/src/rp2_common/pico_standard_link/binary_info.c.obj
 .binary_info.keep.__bi_ptr30
                0x1000581c        0x4 CMakeFiles/pio_ws2812_parallel.dir/C_/Users/zlhgl/ese5190_lab2/pico/Downloads/pico-sdk/src/rp2_common/pico_standard_link/binary_info.c.obj
 .binary_info.keep.__bi_ptr22
                0x10005820        0x4 CMakeFiles/pio_ws2812_parallel.dir/C_/Users/zlhgl/ese5190_lab2/pico/Downloads/pico-sdk/src/rp2_common/pico_standard_link/binary_info.c.obj
 *(.binary_info.*)
 .binary_info.__bi_ptr29
                0x10005824        0x4 CMakeFiles/pio_ws2812_parallel.dir/C_/Users/zlhgl/ese5190_lab2/pico/Downloads/pico-sdk/src/rp2_common/pico_stdio_uart/stdio_uart.c.obj
 .binary_info.__bi_ptr28
                0x10005828        0x4 CMakeFiles/pio_ws2812_parallel.dir/C_/Users/zlhgl/ese5190_lab2/pico/Downloads/pico-sdk/src/rp2_common/pico_stdio_uart/stdio_uart.c.obj
                0x1000582c                        __binary_info_end = .
                0x1000582c                        . = ALIGN (0x4)
                0x1000582c                        __etext = .

.ram_vector_table
                0x20000000       0xc0
 *(.ram_vector_table)
 .ram_vector_table
                0x20000000       0xc0 CMakeFiles/pio_ws2812_parallel.dir/C_/Users/zlhgl/ese5190_lab2/pico/Downloads/pico-sdk/src/rp2_common/pico_runtime/runtime.c.obj
                0x20000000                ram_vector_table

.data           0x200000c0      0x384 load address 0x1000582c
                0x200000c0                        __data_start__ = .
 *(vtable)
 *(.time_critical*)
 .time_critical.sem_acquire_blocking
                0x200000c0       0x40 CMakeFiles/pio_ws2812_parallel.dir/C_/Users/zlhgl/ese5190_lab2/pico/Downloads/pico-sdk/src/common/pico_sync/sem.c.obj
                0x200000c0                sem_acquire_blocking
 .time_critical.sem_release
                0x20000100       0x4a CMakeFiles/pio_ws2812_parallel.dir/C_/Users/zlhgl/ese5190_lab2/pico/Downloads/pico-sdk/src/common/pico_sync/sem.c.obj
                0x20000100                sem_release
 .time_critical.mutex_enter_blocking
                0x2000014a       0x48 CMakeFiles/pio_ws2812_parallel.dir/C_/Users/zlhgl/ese5190_lab2/pico/Downloads/pico-sdk/src/common/pico_sync/mutex.c.obj
                0x2000014a                mutex_enter_blocking
 .time_critical.mutex_try_enter
                0x20000192       0x46 CMakeFiles/pio_ws2812_parallel.dir/C_/Users/zlhgl/ese5190_lab2/pico/Downloads/pico-sdk/src/common/pico_sync/mutex.c.obj
                0x20000192                mutex_try_enter
 .time_critical.mutex_exit
                0x200001d8       0x4c CMakeFiles/pio_ws2812_parallel.dir/C_/Users/zlhgl/ese5190_lab2/pico/Downloads/pico-sdk/src/common/pico_sync/mutex.c.obj
                0x200001d8                mutex_exit
 *(.text*)
 .text          0x20000224        0x4 c:/progra~2/armgnu~1/1213fb~1.2mp/bin/../lib/gcc/arm-none-eabi/12.2.0/thumb/v6-m/nofp\libgcc.a(_dvmd_tls.o)
                0x20000224                __aeabi_idiv0
                0x20000224                __aeabi_ldiv0
 .text.__stub   0x20000228       0x10 linker stubs
                0x20000238                        . = ALIGN (0x4)
 *(.rodata*)
                0x20000238                        . = ALIGN (0x4)
 *(.data*)
 .data.strings  0x20000238        0x8 CMakeFiles/pio_ws2812_parallel.dir/ws2812_parallel.c.obj
                0x20000238                strings
 .data.string1  0x20000240        0xc CMakeFiles/pio_ws2812_parallel.dir/ws2812_parallel.c.obj
                0x20000240                string1
 .data.string0  0x2000024c        0xc CMakeFiles/pio_ws2812_parallel.dir/ws2812_parallel.c.obj
                0x2000024c                string0
 .data.striped_spin_lock_num
                0x20000258        0x1 CMakeFiles/pio_ws2812_parallel.dir/C_/Users/zlhgl/ese5190_lab2/pico/Downloads/pico-sdk/src/rp2_common/hardware_sync/sync.c.obj
 *fill*         0x20000259        0x3 
 .data          0x2000025c       0x48 CMakeFiles/pio_ws2812_parallel.dir/C_/Users/zlhgl/ese5190_lab2/pico/Downloads/pico-sdk/src/rp2_common/hardware_irq/irq_handler_chain.S.obj
                0x2000025c                irq_handler_chain_slots
                0x2000028c                irq_handler_chain_first_slot
                0x20000296                irq_handler_chain_remove_tail
 .data.default_alarm_pool
                0x200002a4       0x18 CMakeFiles/pio_ws2812_parallel.dir/C_/Users/zlhgl/ese5190_lab2/pico/Downloads/pico-sdk/src/common/pico_time/time.c.obj
 .data.default_alarm_pool_heap
                0x200002bc       0x10 CMakeFiles/pio_ws2812_parallel.dir/C_/Users/zlhgl/ese5190_lab2/pico/Downloads/pico-sdk/src/common/pico_time/time.c.obj
 *fill*         0x200002cc        0x4 
 .data.aeabi_bits_funcs
                0x200002d0       0x10 CMakeFiles/pio_ws2812_parallel.dir/C_/Users/zlhgl/ese5190_lab2/pico/Downloads/pico-sdk/src/rp2_common/pico_bit_ops/bit_ops_aeabi.S.obj
                0x200002d0                aeabi_bits_funcs
                0x200002e0                aeabi_bits_funcs_end
 .data.aeabi_mem_funcs
                0x200002e0       0x10 CMakeFiles/pio_ws2812_parallel.dir/C_/Users/zlhgl/ese5190_lab2/pico/Downloads/pico-sdk/src/rp2_common/pico_mem_ops/mem_ops_aeabi.S.obj
                0x200002e0                aeabi_mem_funcs
                0x200002f0                aeabi_mem_funcs_end
 .data.stdio_uart
                0x200002f0       0x14 CMakeFiles/pio_ws2812_parallel.dir/C_/Users/zlhgl/ese5190_lab2/pico/Downloads/pico-sdk/src/rp2_common/pico_stdio_uart/stdio_uart.c.obj
                0x200002f0                stdio_uart
 .data._impure_ptr
                0x20000304        0x4 c:/progra~2/armgnu~1/1213fb~1.2mp/bin/../lib/gcc/arm-none-eabi/12.2.0/thumb/v6-m/nofp\libg.a(libc_a-impure.o)
                0x20000304                _impure_ptr
 .data._impure_data
                0x20000308      0x120 c:/progra~2/armgnu~1/1213fb~1.2mp/bin/../lib/gcc/arm-none-eabi/12.2.0/thumb/v6-m/nofp\libg.a(libc_a-impure.o)
                0x20000308                _impure_data
                0x20000428                        . = ALIGN (0x4)
 *(.after_data.*)
                0x20000428                        . = ALIGN (0x4)
                0x20000428                        PROVIDE (__mutex_array_start = .)
 *(SORT_BY_NAME(.mutex_array.*))
 *(.mutex_array)
 .mutex_array   0x20000428        0x8 CMakeFiles/pio_ws2812_parallel.dir/C_/Users/zlhgl/ese5190_lab2/pico/Downloads/pico-sdk/src/rp2_common/pico_stdio/stdio.c.obj
                0x20000430                        PROVIDE (__mutex_array_end = .)
                0x20000430                        . = ALIGN (0x4)
                0x20000430                        PROVIDE (__preinit_array_start = .)
 *(SORT_BY_NAME(.preinit_array.*))
 .preinit_array.00001
                0x20000430        0x4 CMakeFiles/pio_ws2812_parallel.dir/C_/Users/zlhgl/ese5190_lab2/pico/Downloads/pico-sdk/src/rp2_common/pico_mem_ops/mem_ops_aeabi.S.obj
 .preinit_array.00010
                0x20000434        0x4 CMakeFiles/pio_ws2812_parallel.dir/C_/Users/zlhgl/ese5190_lab2/pico/Downloads/pico-sdk/src/rp2_common/pico_bit_ops/bit_ops_aeabi.S.obj
 .preinit_array.00020
                0x20000438        0x4 CMakeFiles/pio_ws2812_parallel.dir/C_/Users/zlhgl/ese5190_lab2/pico/Downloads/pico-sdk/src/rp2_common/pico_double/double_aeabi.S.obj
 .preinit_array.00020
                0x2000043c        0x4 CMakeFiles/pio_ws2812_parallel.dir/C_/Users/zlhgl/ese5190_lab2/pico/Downloads/pico-sdk/src/rp2_common/pico_float/float_aeabi.S.obj
 *(.preinit_array)
                0x20000440                        PROVIDE (__preinit_array_end = .)
                0x20000440                        . = ALIGN (0x4)
                0x20000440                        PROVIDE (__init_array_start = .)
 *(SORT_BY_NAME(.init_array.*))
 *(.init_array)
 .init_array    0x20000440        0x4 c:/progra~2/armgnu~1/1213fb~1.2mp/bin/../lib/gcc/arm-none-eabi/12.2.0/thumb/v6-m/nofp/crtbegin.o
                0x20000444                        PROVIDE (__init_array_end = .)
                0x20000444                        . = ALIGN (0x4)
                [!provide]                        PROVIDE (__fini_array_start = .)
 *(SORT_BY_NAME(.fini_array.*))
 *(.fini_array)
                [!provide]                        PROVIDE (__fini_array_end = .)
 *(.jcr)
                0x20000444                        . = ALIGN (0x4)
                0x20000444                        __data_end__ = .

.tm_clone_table
                0x20000444        0x0 load address 0x10005bb0
 .tm_clone_table
                0x20000444        0x0 c:/progra~2/armgnu~1/1213fb~1.2mp/bin/../lib/gcc/arm-none-eabi/12.2.0/thumb/v6-m/nofp/crtbegin.o
 .tm_clone_table
                0x20000444        0x0 c:/progra~2/armgnu~1/1213fb~1.2mp/bin/../lib/gcc/arm-none-eabi/12.2.0/thumb/v6-m/nofp/crtend.o

.igot.plt       0x20000444        0x0 load address 0x10005bb0
 .igot.plt      0x20000444        0x0 c:/progra~2/armgnu~1/1213fb~1.2mp/bin/../lib/gcc/arm-none-eabi/12.2.0/thumb/v6-m/nofp/crtbegin.o

.uninitialized_data
                0x20000444        0x0 load address 0x10005bb0
                0x20000444                        . = ALIGN (0x4)
 *(.uninitialized_data*)

.scratch_x      0x20040000        0x0 load address 0x10005bb0
                0x20040000                        __scratch_x_start__ = .
 *(.scratch_x.*)
                0x20040000                        . = ALIGN (0x4)
                0x20040000                        __scratch_x_end__ = .
                0x10005bb0                        __scratch_x_source__ = LOADADDR (.scratch_x)

.scratch_y      0x20041000        0x0 load address 0x10005bb0
                0x20041000                        __scratch_y_start__ = .
 *(.scratch_y.*)
                0x20041000                        . = ALIGN (0x4)
                0x20041000                        __scratch_y_end__ = .
                0x10005bb0                        __scratch_y_source__ = LOADADDR (.scratch_y)

.bss            0x20000448     0x9ae4
                0x20000448                        . = ALIGN (0x4)
                0x20000448                        __bss_start__ = .
 *(SORT_BY_ALIGNMENT(SORT_BY_NAME(.bss*)))
 .bss.default_alarm_pool_entries
                0x20000448      0x100 CMakeFiles/pio_ws2812_parallel.dir/C_/Users/zlhgl/ese5190_lab2/pico/Downloads/pico-sdk/src/common/pico_time/time.c.obj
 .bss.__sf      0x20000548      0x138 c:/progra~2/armgnu~1/1213fb~1.2mp/bin/../lib/gcc/arm-none-eabi/12.2.0/thumb/v6-m/nofp\libg.a(libc_a-findfp.o)
                0x20000548                __sf
 .bss._used_instruction_space
                0x20000680        0x8 CMakeFiles/pio_ws2812_parallel.dir/C_/Users/zlhgl/ese5190_lab2/pico/Downloads/pico-sdk/src/rp2_common/hardware_pio/pio.c.obj
 .bss.alarm_callbacks
                0x20000688       0x10 CMakeFiles/pio_ws2812_parallel.dir/C_/Users/zlhgl/ese5190_lab2/pico/Downloads/pico-sdk/src/rp2_common/hardware_timer/timer.c.obj
 .bss.colors    0x20000698     0x3000 CMakeFiles/pio_ws2812_parallel.dir/ws2812_parallel.c.obj
 .bss.configured_freq
                0x20003698       0x28 CMakeFiles/pio_ws2812_parallel.dir/C_/Users/zlhgl/ese5190_lab2/pico/Downloads/pico-sdk/src/rp2_common/hardware_clocks/clocks.c.obj
 .bss.current_string_out
                0x200036c0        0x4 CMakeFiles/pio_ws2812_parallel.dir/ws2812_parallel.c.obj
 .bss.default_alarm_pool_entry_ids_high
                0x200036c4       0x10 CMakeFiles/pio_ws2812_parallel.dir/C_/Users/zlhgl/ese5190_lab2/pico/Downloads/pico-sdk/src/common/pico_time/time.c.obj
 .bss.default_alarm_pool_heap_nodes
                0x200036d4       0x30 CMakeFiles/pio_ws2812_parallel.dir/C_/Users/zlhgl/ese5190_lab2/pico/Downloads/pico-sdk/src/common/pico_time/time.c.obj
 .bss.drivers   0x20003704        0x4 CMakeFiles/pio_ws2812_parallel.dir/C_/Users/zlhgl/ese5190_lab2/pico/Downloads/pico-sdk/src/rp2_common/pico_stdio/stdio.c.obj
 .bss.filter    0x20003708        0x4 CMakeFiles/pio_ws2812_parallel.dir/C_/Users/zlhgl/ese5190_lab2/pico/Downloads/pico-sdk/src/rp2_common/pico_stdio/stdio.c.obj
 .bss.fragment_start
                0x2000370c      0x404 CMakeFiles/pio_ws2812_parallel.dir/ws2812_parallel.c.obj
 .bss.object.0  0x20003b10       0x18 c:/progra~2/armgnu~1/1213fb~1.2mp/bin/../lib/gcc/arm-none-eabi/12.2.0/thumb/v6-m/nofp/crtbegin.o
 .bss.pools     0x20003b28       0x10 CMakeFiles/pio_ws2812_parallel.dir/C_/Users/zlhgl/ese5190_lab2/pico/Downloads/pico-sdk/src/common/pico_time/time.c.obj
 .bss.reset_delay_alarm_id
                0x20003b38        0x4 CMakeFiles/pio_ws2812_parallel.dir/ws2812_parallel.c.obj
                0x20003b38                reset_delay_alarm_id
 .bss.reset_delay_complete_sem
                0x20003b3c        0x8 CMakeFiles/pio_ws2812_parallel.dir/ws2812_parallel.c.obj
 .bss.sd_table  0x20003b44      0x100 CMakeFiles/pio_ws2812_parallel.dir/C_/Users/zlhgl/ese5190_lab2/pico/Downloads/pico-sdk/src/rp2_common/pico_double/double_init_rom.c.obj
                0x20003b44                sd_table
 .bss.sf_clz_func
                0x20003c44        0x4 CMakeFiles/pio_ws2812_parallel.dir/C_/Users/zlhgl/ese5190_lab2/pico/Downloads/pico-sdk/src/rp2_common/pico_double/double_init_rom.c.obj
                0x20003c44                sf_clz_func
 .bss.sf_table  0x20003c48      0x100 CMakeFiles/pio_ws2812_parallel.dir/C_/Users/zlhgl/ese5190_lab2/pico/Downloads/pico-sdk/src/rp2_common/pico_float/float_init_rom.c.obj
                0x20003c48                sf_table
 .bss.sleep_notifier
                0x20003d48        0x4 CMakeFiles/pio_ws2812_parallel.dir/C_/Users/zlhgl/ese5190_lab2/pico/Downloads/pico-sdk/src/common/pico_time/time.c.obj
 .bss.states    0x20003d4c     0x6000 CMakeFiles/pio_ws2812_parallel.dir/ws2812_parallel.c.obj
 .bss.string0_data
                0x20009d4c       0xc0 CMakeFiles/pio_ws2812_parallel.dir/ws2812_parallel.c.obj
 .bss.string1_data
                0x20009e0c      0x100 CMakeFiles/pio_ws2812_parallel.dir/ws2812_parallel.c.obj
 .bss.target_hi
                0x20009f0c       0x10 CMakeFiles/pio_ws2812_parallel.dir/C_/Users/zlhgl/ese5190_lab2/pico/Downloads/pico-sdk/src/rp2_common/hardware_timer/timer.c.obj
 .bss.uart_char_to_line_feed
                0x20009f1c        0x4 CMakeFiles/pio_ws2812_parallel.dir/C_/Users/zlhgl/ese5190_lab2/pico/Downloads/pico-sdk/src/rp2_common/hardware_uart/uart.c.obj
                0x20009f1c                uart_char_to_line_feed
 .bss.uart_instance
                0x20009f20        0x4 CMakeFiles/pio_ws2812_parallel.dir/C_/Users/zlhgl/ese5190_lab2/pico/Downloads/pico-sdk/src/rp2_common/pico_stdio_uart/stdio_uart.c.obj
 .bss._claimed  0x20009f24        0x2 CMakeFiles/pio_ws2812_parallel.dir/C_/Users/zlhgl/ese5190_lab2/pico/Downloads/pico-sdk/src/rp2_common/hardware_dma/dma.c.obj
 .bss.claimed   0x20009f26        0x1 CMakeFiles/pio_ws2812_parallel.dir/C_/Users/zlhgl/ese5190_lab2/pico/Downloads/pico-sdk/src/rp2_common/hardware_timer/timer.c.obj
 .bss.current_string_4color
                0x20009f27        0x1 CMakeFiles/pio_ws2812_parallel.dir/ws2812_parallel.c.obj
 .bss.irq_hander_chain_free_slot_head
                0x20009f28        0x1 CMakeFiles/pio_ws2812_parallel.dir/C_/Users/zlhgl/ese5190_lab2/pico/Downloads/pico-sdk/src/rp2_common/hardware_irq/irq.c.obj
 .bss.timer_callbacks_pending
                0x20009f29        0x1 CMakeFiles/pio_ws2812_parallel.dir/C_/Users/zlhgl/ese5190_lab2/pico/Downloads/pico-sdk/src/rp2_common/hardware_timer/timer.c.obj
 *(COMMON)
                0x20009f2c                        . = ALIGN (0x4)
 *fill*         0x20009f2a        0x2 
                0x20009f2c                        __bss_end__ = .

.heap           0x20009f2c      0x800
                0x20009f2c                        __end__ = .
                0x20009f2c                        end = __end__
 *(.heap*)
 .heap          0x20009f2c      0x800 CMakeFiles/pio_ws2812_parallel.dir/C_/Users/zlhgl/ese5190_lab2/pico/Downloads/pico-sdk/src/rp2_common/pico_standard_link/crt0.S.obj
                0x2000a72c                        __HeapLimit = .

.stack1_dummy
 *(.stack1*)

.stack_dummy    0x20041000      0x800
 *(.stack*)
 .stack         0x20041000      0x800 CMakeFiles/pio_ws2812_parallel.dir/C_/Users/zlhgl/ese5190_lab2/pico/Downloads/pico-sdk/src/rp2_common/pico_standard_link/crt0.S.obj

.flash_end      0x10005bb0        0x0
                0x10005bb0                        __flash_binary_end = .
                0x20040000                        __StackLimit = (ORIGIN (RAM) + LENGTH (RAM))
                0x20041000                        __StackOneTop = (ORIGIN (SCRATCH_X) + LENGTH (SCRATCH_X))
                0x20042000                        __StackTop = (ORIGIN (SCRATCH_Y) + LENGTH (SCRATCH_Y))
                0x20041000                        __StackOneBottom = (__StackOneTop - SIZEOF (.stack1_dummy))
                0x20041800                        __StackBottom = (__StackTop - SIZEOF (.stack_dummy))
                0x20042000                        PROVIDE (__stack = __StackTop)
                0x00000001                        ASSERT ((__StackLimit >= __HeapLimit), region RAM overflowed)
                0x00000001                        ASSERT (((__binary_info_header_end - __logical_binary_start) <= 0x100), Binary info must be in first 256 bytes of the binary)
LOAD CMakeFiles/pio_ws2812_parallel.dir/ws2812_parallel.c.obj
LOAD CMakeFiles/pio_ws2812_parallel.dir/C_/Users/zlhgl/ese5190_lab2/pico/Downloads/pico-sdk/src/rp2_common/pico_stdlib/stdlib.c.obj
LOAD CMakeFiles/pio_ws2812_parallel.dir/C_/Users/zlhgl/ese5190_lab2/pico/Downloads/pico-sdk/src/rp2_common/hardware_gpio/gpio.c.obj
LOAD CMakeFiles/pio_ws2812_parallel.dir/C_/Users/zlhgl/ese5190_lab2/pico/Downloads/pico-sdk/src/rp2_common/hardware_claim/claim.c.obj
LOAD CMakeFiles/pio_ws2812_parallel.dir/C_/Users/zlhgl/ese5190_lab2/pico/Downloads/pico-sdk/src/rp2_common/pico_platform/platform.c.obj
LOAD CMakeFiles/pio_ws2812_parallel.dir/C_/Users/zlhgl/ese5190_lab2/pico/Downloads/pico-sdk/src/rp2_common/hardware_sync/sync.c.obj
LOAD CMakeFiles/pio_ws2812_parallel.dir/C_/Users/zlhgl/ese5190_lab2/pico/Downloads/pico-sdk/src/rp2_common/hardware_irq/irq.c.obj
LOAD CMakeFiles/pio_ws2812_parallel.dir/C_/Users/zlhgl/ese5190_lab2/pico/Downloads/pico-sdk/src/rp2_common/hardware_irq/irq_handler_chain.S.obj
LOAD CMakeFiles/pio_ws2812_parallel.dir/C_/Users/zlhgl/ese5190_lab2/pico/Downloads/pico-sdk/src/common/pico_sync/sem.c.obj
LOAD CMakeFiles/pio_ws2812_parallel.dir/C_/Users/zlhgl/ese5190_lab2/pico/Downloads/pico-sdk/src/common/pico_sync/lock_core.c.obj
LOAD CMakeFiles/pio_ws2812_parallel.dir/C_/Users/zlhgl/ese5190_lab2/pico/Downloads/pico-sdk/src/common/pico_time/time.c.obj
LOAD CMakeFiles/pio_ws2812_parallel.dir/C_/Users/zlhgl/ese5190_lab2/pico/Downloads/pico-sdk/src/common/pico_time/timeout_helper.c.obj
LOAD CMakeFiles/pio_ws2812_parallel.dir/C_/Users/zlhgl/ese5190_lab2/pico/Downloads/pico-sdk/src/rp2_common/hardware_timer/timer.c.obj
LOAD CMakeFiles/pio_ws2812_parallel.dir/C_/Users/zlhgl/ese5190_lab2/pico/Downloads/pico-sdk/src/common/pico_util/datetime.c.obj
LOAD CMakeFiles/pio_ws2812_parallel.dir/C_/Users/zlhgl/ese5190_lab2/pico/Downloads/pico-sdk/src/common/pico_util/pheap.c.obj
LOAD CMakeFiles/pio_ws2812_parallel.dir/C_/Users/zlhgl/ese5190_lab2/pico/Downloads/pico-sdk/src/common/pico_util/queue.c.obj
LOAD CMakeFiles/pio_ws2812_parallel.dir/C_/Users/zlhgl/ese5190_lab2/pico/Downloads/pico-sdk/src/common/pico_sync/mutex.c.obj
LOAD CMakeFiles/pio_ws2812_parallel.dir/C_/Users/zlhgl/ese5190_lab2/pico/Downloads/pico-sdk/src/common/pico_sync/critical_section.c.obj
LOAD CMakeFiles/pio_ws2812_parallel.dir/C_/Users/zlhgl/ese5190_lab2/pico/Downloads/pico-sdk/src/rp2_common/hardware_uart/uart.c.obj
LOAD CMakeFiles/pio_ws2812_parallel.dir/C_/Users/zlhgl/ese5190_lab2/pico/Downloads/pico-sdk/src/rp2_common/hardware_divider/divider.S.obj
LOAD CMakeFiles/pio_ws2812_parallel.dir/C_/Users/zlhgl/ese5190_lab2/pico/Downloads/pico-sdk/src/rp2_common/pico_runtime/runtime.c.obj
LOAD CMakeFiles/pio_ws2812_parallel.dir/C_/Users/zlhgl/ese5190_lab2/pico/Downloads/pico-sdk/src/rp2_common/hardware_clocks/clocks.c.obj
LOAD CMakeFiles/pio_ws2812_parallel.dir/C_/Users/zlhgl/ese5190_lab2/pico/Downloads/pico-sdk/src/rp2_common/hardware_pll/pll.c.obj
LOAD CMakeFiles/pio_ws2812_parallel.dir/C_/Users/zlhgl/ese5190_lab2/pico/Downloads/pico-sdk/src/rp2_common/hardware_vreg/vreg.c.obj
LOAD CMakeFiles/pio_ws2812_parallel.dir/C_/Users/zlhgl/ese5190_lab2/pico/Downloads/pico-sdk/src/rp2_common/hardware_watchdog/watchdog.c.obj
LOAD CMakeFiles/pio_ws2812_parallel.dir/C_/Users/zlhgl/ese5190_lab2/pico/Downloads/pico-sdk/src/rp2_common/hardware_xosc/xosc.c.obj
LOAD CMakeFiles/pio_ws2812_parallel.dir/C_/Users/zlhgl/ese5190_lab2/pico/Downloads/pico-sdk/src/rp2_common/pico_printf/printf.c.obj
LOAD CMakeFiles/pio_ws2812_parallel.dir/C_/Users/zlhgl/ese5190_lab2/pico/Downloads/pico-sdk/src/rp2_common/pico_bit_ops/bit_ops_aeabi.S.obj
LOAD CMakeFiles/pio_ws2812_parallel.dir/C_/Users/zlhgl/ese5190_lab2/pico/Downloads/pico-sdk/src/rp2_common/pico_bootrom/bootrom.c.obj
LOAD CMakeFiles/pio_ws2812_parallel.dir/C_/Users/zlhgl/ese5190_lab2/pico/Downloads/pico-sdk/src/rp2_common/pico_divider/divider.S.obj
LOAD CMakeFiles/pio_ws2812_parallel.dir/C_/Users/zlhgl/ese5190_lab2/pico/Downloads/pico-sdk/src/rp2_common/pico_double/double_aeabi.S.obj
LOAD CMakeFiles/pio_ws2812_parallel.dir/C_/Users/zlhgl/ese5190_lab2/pico/Downloads/pico-sdk/src/rp2_common/pico_double/double_init_rom.c.obj
LOAD CMakeFiles/pio_ws2812_parallel.dir/C_/Users/zlhgl/ese5190_lab2/pico/Downloads/pico-sdk/src/rp2_common/pico_double/double_math.c.obj
LOAD CMakeFiles/pio_ws2812_parallel.dir/C_/Users/zlhgl/ese5190_lab2/pico/Downloads/pico-sdk/src/rp2_common/pico_double/double_v1_rom_shim.S.obj
LOAD CMakeFiles/pio_ws2812_parallel.dir/C_/Users/zlhgl/ese5190_lab2/pico/Downloads/pico-sdk/src/rp2_common/pico_int64_ops/pico_int64_ops_aeabi.S.obj
LOAD CMakeFiles/pio_ws2812_parallel.dir/C_/Users/zlhgl/ese5190_lab2/pico/Downloads/pico-sdk/src/rp2_common/pico_float/float_aeabi.S.obj
LOAD CMakeFiles/pio_ws2812_parallel.dir/C_/Users/zlhgl/ese5190_lab2/pico/Downloads/pico-sdk/src/rp2_common/pico_float/float_init_rom.c.obj
LOAD CMakeFiles/pio_ws2812_parallel.dir/C_/Users/zlhgl/ese5190_lab2/pico/Downloads/pico-sdk/src/rp2_common/pico_float/float_math.c.obj
LOAD CMakeFiles/pio_ws2812_parallel.dir/C_/Users/zlhgl/ese5190_lab2/pico/Downloads/pico-sdk/src/rp2_common/pico_float/float_v1_rom_shim.S.obj
LOAD CMakeFiles/pio_ws2812_parallel.dir/C_/Users/zlhgl/ese5190_lab2/pico/Downloads/pico-sdk/src/rp2_common/pico_malloc/pico_malloc.c.obj
LOAD CMakeFiles/pio_ws2812_parallel.dir/C_/Users/zlhgl/ese5190_lab2/pico/Downloads/pico-sdk/src/rp2_common/pico_mem_ops/mem_ops_aeabi.S.obj
LOAD CMakeFiles/pio_ws2812_parallel.dir/C_/Users/zlhgl/ese5190_lab2/pico/Downloads/pico-sdk/src/rp2_common/pico_standard_link/crt0.S.obj
LOAD CMakeFiles/pio_ws2812_parallel.dir/C_/Users/zlhgl/ese5190_lab2/pico/Downloads/pico-sdk/src/rp2_common/pico_standard_link/new_delete.cpp.obj
LOAD CMakeFiles/pio_ws2812_parallel.dir/C_/Users/zlhgl/ese5190_lab2/pico/Downloads/pico-sdk/src/rp2_common/pico_standard_link/binary_info.c.obj
LOAD CMakeFiles/pio_ws2812_parallel.dir/C_/Users/zlhgl/ese5190_lab2/pico/Downloads/pico-sdk/src/rp2_common/pico_stdio/stdio.c.obj
LOAD CMakeFiles/pio_ws2812_parallel.dir/C_/Users/zlhgl/ese5190_lab2/pico/Downloads/pico-sdk/src/rp2_common/pico_stdio_uart/stdio_uart.c.obj
LOAD CMakeFiles/pio_ws2812_parallel.dir/C_/Users/zlhgl/ese5190_lab2/pico/Downloads/pico-sdk/src/rp2_common/hardware_pio/pio.c.obj
LOAD CMakeFiles/pio_ws2812_parallel.dir/C_/Users/zlhgl/ese5190_lab2/pico/Downloads/pico-sdk/src/rp2_common/hardware_dma/dma.c.obj
LOAD C:\Users\zlhgl\AppData\Local\Temp\ccQ40BHy.o
LOAD c:/progra~2/armgnu~1/1213fb~1.2mp/bin/../lib/gcc/arm-none-eabi/12.2.0/thumb/v6-m/nofp\libstdc++.a
LOAD c:/progra~2/armgnu~1/1213fb~1.2mp/bin/../lib/gcc/arm-none-eabi/12.2.0/thumb/v6-m/nofp\libm.a
START GROUP
LOAD c:/progra~2/armgnu~1/1213fb~1.2mp/bin/../lib/gcc/arm-none-eabi/12.2.0/thumb/v6-m/nofp\libgcc.a
LOAD c:/progra~2/armgnu~1/1213fb~1.2mp/bin/../lib/gcc/arm-none-eabi/12.2.0/thumb/v6-m/nofp\libg.a
LOAD c:/progra~2/armgnu~1/1213fb~1.2mp/bin/../lib/gcc/arm-none-eabi/12.2.0/thumb/v6-m/nofp\libc.a
END GROUP
START GROUP
LOAD c:/progra~2/armgnu~1/1213fb~1.2mp/bin/../lib/gcc/arm-none-eabi/12.2.0/thumb/v6-m/nofp\libgcc.a
LOAD c:/progra~2/armgnu~1/1213fb~1.2mp/bin/../lib/gcc/arm-none-eabi/12.2.0/thumb/v6-m/nofp\libc.a
LOAD c:/progra~2/armgnu~1/1213fb~1.2mp/bin/../lib/gcc/arm-none-eabi/12.2.0/thumb/v6-m/nofp\libnosys.a
END GROUP
LOAD c:/progra~2/armgnu~1/1213fb~1.2mp/bin/../lib/gcc/arm-none-eabi/12.2.0/thumb/v6-m/nofp/crtend.o
LOAD c:/progra~2/armgnu~1/1213fb~1.2mp/bin/../lib/gcc/arm-none-eabi/12.2.0/thumb/v6-m/nofp/crtn.o
OUTPUT(pio_ws2812_parallel.elf elf32-littlearm)
LOAD linker stubs

.ARM.attributes
                0x00000000       0x28
 .ARM.attributes
                0x00000000       0x1e c:/progra~2/armgnu~1/1213fb~1.2mp/bin/../lib/gcc/arm-none-eabi/12.2.0/thumb/v6-m/nofp/crti.o
 .ARM.attributes
                0x0000001e       0x2c c:/progra~2/armgnu~1/1213fb~1.2mp/bin/../lib/gcc/arm-none-eabi/12.2.0/thumb/v6-m/nofp/crtbegin.o
 .ARM.attributes
                0x0000004a       0x2c CMakeFiles/pio_ws2812_parallel.dir/ws2812_parallel.c.obj
 .ARM.attributes
                0x00000076       0x2c CMakeFiles/pio_ws2812_parallel.dir/C_/Users/zlhgl/ese5190_lab2/pico/Downloads/pico-sdk/src/rp2_common/hardware_gpio/gpio.c.obj
 .ARM.attributes
                0x000000a2       0x2c CMakeFiles/pio_ws2812_parallel.dir/C_/Users/zlhgl/ese5190_lab2/pico/Downloads/pico-sdk/src/rp2_common/hardware_claim/claim.c.obj
 .ARM.attributes
                0x000000ce       0x2c CMakeFiles/pio_ws2812_parallel.dir/C_/Users/zlhgl/ese5190_lab2/pico/Downloads/pico-sdk/src/rp2_common/pico_platform/platform.c.obj
 .ARM.attributes
                0x000000fa       0x2c CMakeFiles/pio_ws2812_parallel.dir/C_/Users/zlhgl/ese5190_lab2/pico/Downloads/pico-sdk/src/rp2_common/hardware_sync/sync.c.obj
 .ARM.attributes
                0x00000126       0x2c CMakeFiles/pio_ws2812_parallel.dir/C_/Users/zlhgl/ese5190_lab2/pico/Downloads/pico-sdk/src/rp2_common/hardware_irq/irq.c.obj
 .ARM.attributes
                0x00000152       0x22 CMakeFiles/pio_ws2812_parallel.dir/C_/Users/zlhgl/ese5190_lab2/pico/Downloads/pico-sdk/src/rp2_common/hardware_irq/irq_handler_chain.S.obj
 .ARM.attributes
                0x00000174       0x2c CMakeFiles/pio_ws2812_parallel.dir/C_/Users/zlhgl/ese5190_lab2/pico/Downloads/pico-sdk/src/common/pico_sync/sem.c.obj
 .ARM.attributes
                0x000001a0       0x2c CMakeFiles/pio_ws2812_parallel.dir/C_/Users/zlhgl/ese5190_lab2/pico/Downloads/pico-sdk/src/common/pico_sync/lock_core.c.obj
 .ARM.attributes
                0x000001cc       0x2c CMakeFiles/pio_ws2812_parallel.dir/C_/Users/zlhgl/ese5190_lab2/pico/Downloads/pico-sdk/src/common/pico_time/time.c.obj
 .ARM.attributes
                0x000001f8       0x2c CMakeFiles/pio_ws2812_parallel.dir/C_/Users/zlhgl/ese5190_lab2/pico/Downloads/pico-sdk/src/rp2_common/hardware_timer/timer.c.obj
 .ARM.attributes
                0x00000224       0x2c CMakeFiles/pio_ws2812_parallel.dir/C_/Users/zlhgl/ese5190_lab2/pico/Downloads/pico-sdk/src/common/pico_util/pheap.c.obj
 .ARM.attributes
                0x00000250       0x2c CMakeFiles/pio_ws2812_parallel.dir/C_/Users/zlhgl/ese5190_lab2/pico/Downloads/pico-sdk/src/common/pico_sync/mutex.c.obj
 .ARM.attributes
                0x0000027c       0x2c CMakeFiles/pio_ws2812_parallel.dir/C_/Users/zlhgl/ese5190_lab2/pico/Downloads/pico-sdk/src/rp2_common/hardware_uart/uart.c.obj
 .ARM.attributes
                0x000002a8       0x2c CMakeFiles/pio_ws2812_parallel.dir/C_/Users/zlhgl/ese5190_lab2/pico/Downloads/pico-sdk/src/rp2_common/pico_runtime/runtime.c.obj
 .ARM.attributes
                0x000002d4       0x2c CMakeFiles/pio_ws2812_parallel.dir/C_/Users/zlhgl/ese5190_lab2/pico/Downloads/pico-sdk/src/rp2_common/hardware_clocks/clocks.c.obj
 .ARM.attributes
                0x00000300       0x2c CMakeFiles/pio_ws2812_parallel.dir/C_/Users/zlhgl/ese5190_lab2/pico/Downloads/pico-sdk/src/rp2_common/hardware_pll/pll.c.obj
 .ARM.attributes
                0x0000032c       0x2c CMakeFiles/pio_ws2812_parallel.dir/C_/Users/zlhgl/ese5190_lab2/pico/Downloads/pico-sdk/src/rp2_common/hardware_watchdog/watchdog.c.obj
 .ARM.attributes
                0x00000358       0x2c CMakeFiles/pio_ws2812_parallel.dir/C_/Users/zlhgl/ese5190_lab2/pico/Downloads/pico-sdk/src/rp2_common/hardware_xosc/xosc.c.obj
 .ARM.attributes
                0x00000384       0x2c CMakeFiles/pio_ws2812_parallel.dir/C_/Users/zlhgl/ese5190_lab2/pico/Downloads/pico-sdk/src/rp2_common/pico_printf/printf.c.obj
 .ARM.attributes
                0x000003b0       0x22 CMakeFiles/pio_ws2812_parallel.dir/C_/Users/zlhgl/ese5190_lab2/pico/Downloads/pico-sdk/src/rp2_common/pico_bit_ops/bit_ops_aeabi.S.obj
 .ARM.attributes
                0x000003d2       0x2c CMakeFiles/pio_ws2812_parallel.dir/C_/Users/zlhgl/ese5190_lab2/pico/Downloads/pico-sdk/src/rp2_common/pico_bootrom/bootrom.c.obj
 .ARM.attributes