Archive member included to satisfy reference by file (symbol)

c:/progra~2/gnutoo~1/62017-~1/bin/../lib/gcc/arm-none-eabi/6.3.1/thumb/v6-m\libgcc.a(_dvmd_tls.o)
                              CMakeFiles/hello_usb_plus_led.dir/C_/Users/pico/Downloads/pico-sdk/src/rp2_common/pico_divider/divider.S.obj (__aeabi_idiv0)
c:/progra~2/gnutoo~1/62017-~1/bin/../lib/gcc/arm-none-eabi/6.3.1/../../../../arm-none-eabi/lib/thumb/v6-m\libc.a(lib_a-calloc.o)
                              CMakeFiles/hello_usb_plus_led.dir/C_/Users/pico/Downloads/pico-sdk/src/rp2_common/pico_malloc/pico_malloc.c.obj (calloc)
c:/progra~2/gnutoo~1/62017-~1/bin/../lib/gcc/arm-none-eabi/6.3.1/../../../../arm-none-eabi/lib/thumb/v6-m\libc.a(lib_a-callocr.o)
                              c:/progra~2/gnutoo~1/62017-~1/bin/../lib/gcc/arm-none-eabi/6.3.1/../../../../arm-none-eabi/lib/thumb/v6-m\libc.a(lib_a-calloc.o) (_calloc_r)
c:/progra~2/gnutoo~1/62017-~1/bin/../lib/gcc/arm-none-eabi/6.3.1/../../../../arm-none-eabi/lib/thumb/v6-m\libc.a(lib_a-impure.o)
                              CMakeFiles/hello_usb_plus_led.dir/C_/Users/pico/Downloads/pico-sdk/src/common/pico_util/pheap.c.obj (_impure_ptr)
c:/progra~2/gnutoo~1/62017-~1/bin/../lib/gcc/arm-none-eabi/6.3.1/../../../../arm-none-eabi/lib/thumb/v6-m\libc.a(lib_a-init.o)
                              c:/progra~2/gnutoo~1/62017-~1/bin/../lib/gcc/arm-none-eabi/6.3.1/../../../../arm-none-eabi/lib/thumb/v6-m/crt0.o (__libc_init_array)
c:/progra~2/gnutoo~1/62017-~1/bin/../lib/gcc/arm-none-eabi/6.3.1/../../../../arm-none-eabi/lib/thumb/v6-m\libc.a(lib_a-malloc.o)
                              CMakeFiles/hello_usb_plus_led.dir/C_/Users/pico/Downloads/pico-sdk/src/rp2_common/pico_malloc/pico_malloc.c.obj (malloc)
c:/progra~2/gnutoo~1/62017-~1/bin/../lib/gcc/arm-none-eabi/6.3.1/../../../../arm-none-eabi/lib/thumb/v6-m\libc.a(lib_a-mallocr.o)
                              c:/progra~2/gnutoo~1/62017-~1/bin/../lib/gcc/arm-none-eabi/6.3.1/../../../../arm-none-eabi/lib/thumb/v6-m\libc.a(lib_a-callocr.o) (_malloc_r)
c:/progra~2/gnutoo~1/62017-~1/bin/../lib/gcc/arm-none-eabi/6.3.1/../../../../arm-none-eabi/lib/thumb/v6-m\libc.a(lib_a-mlock.o)
                              c:/progra~2/gnutoo~1/62017-~1/bin/../lib/gcc/arm-none-eabi/6.3.1/../../../../arm-none-eabi/lib/thumb/v6-m\libc.a(lib_a-mallocr.o) (__malloc_lock)
c:/progra~2/gnutoo~1/62017-~1/bin/../lib/gcc/arm-none-eabi/6.3.1/../../../../arm-none-eabi/lib/thumb/v6-m\libc.a(lib_a-rand.o)
                              CMakeFiles/hello_usb_plus_led.dir/ws2812.c.obj (rand)
c:/progra~2/gnutoo~1/62017-~1/bin/../lib/gcc/arm-none-eabi/6.3.1/../../../../arm-none-eabi/lib/thumb/v6-m\libc.a(lib_a-realloc.o)
                              CMakeFiles/hello_usb_plus_led.dir/C_/Users/pico/Downloads/pico-sdk/src/rp2_common/pico_malloc/pico_malloc.c.obj (realloc)
c:/progra~2/gnutoo~1/62017-~1/bin/../lib/gcc/arm-none-eabi/6.3.1/../../../../arm-none-eabi/lib/thumb/v6-m\libc.a(lib_a-reallocr.o)
                              c:/progra~2/gnutoo~1/62017-~1/bin/../lib/gcc/arm-none-eabi/6.3.1/../../../../arm-none-eabi/lib/thumb/v6-m\libc.a(lib_a-realloc.o) (_realloc_r)
c:/progra~2/gnutoo~1/62017-~1/bin/../lib/gcc/arm-none-eabi/6.3.1/../../../../arm-none-eabi/lib/thumb/v6-m\libc.a(lib_a-sbrkr.o)
                              c:/progra~2/gnutoo~1/62017-~1/bin/../lib/gcc/arm-none-eabi/6.3.1/../../../../arm-none-eabi/lib/thumb/v6-m\libc.a(lib_a-mallocr.o) (_sbrk_r)
c:/progra~2/gnutoo~1/62017-~1/bin/../lib/gcc/arm-none-eabi/6.3.1/../../../../arm-none-eabi/lib/thumb/v6-m\libc.a(lib_a-strlen-stub.o)
                              CMakeFiles/hello_usb_plus_led.dir/C_/Users/pico/Downloads/pico-sdk/src/rp2_common/pico_stdio/stdio.c.obj (strlen)
c:/progra~2/gnutoo~1/62017-~1/bin/../lib/gcc/arm-none-eabi/6.3.1/../../../../arm-none-eabi/lib/thumb/v6-m\libc.a(lib_a-wbuf.o)
                              CMakeFiles/hello_usb_plus_led.dir/C_/Users/pico/Downloads/pico-sdk/src/common/pico_util/pheap.c.obj (__swbuf_r)
c:/progra~2/gnutoo~1/62017-~1/bin/../lib/gcc/arm-none-eabi/6.3.1/../../../../arm-none-eabi/lib/thumb/v6-m\libc.a(lib_a-wsetup.o)
                              c:/progra~2/gnutoo~1/62017-~1/bin/../lib/gcc/arm-none-eabi/6.3.1/../../../../arm-none-eabi/lib/thumb/v6-m\libc.a(lib_a-wbuf.o) (__swsetup_r)
c:/progra~2/gnutoo~1/62017-~1/bin/../lib/gcc/arm-none-eabi/6.3.1/../../../../arm-none-eabi/lib/thumb/v6-m\libc.a(lib_a-fflush.o)
                              c:/progra~2/gnutoo~1/62017-~1/bin/../lib/gcc/arm-none-eabi/6.3.1/../../../../arm-none-eabi/lib/thumb/v6-m\libc.a(lib_a-wbuf.o) (_fflush_r)
c:/progra~2/gnutoo~1/62017-~1/bin/../lib/gcc/arm-none-eabi/6.3.1/../../../../arm-none-eabi/lib/thumb/v6-m\libc.a(lib_a-findfp.o)
                              c:/progra~2/gnutoo~1/62017-~1/bin/../lib/gcc/arm-none-eabi/6.3.1/../../../../arm-none-eabi/lib/thumb/v6-m\libc.a(lib_a-wbuf.o) (__sinit)
[...]
Memory Configuration

Name             Origin             Length             Attributes
FLASH            0x10000000         0x00200000         xr
RAM              0x20000000         0x00040000         xrw
SCRATCH_X        0x20040000         0x00001000         xrw
SCRATCH_Y        0x20041000         0x00001000         xrw
*default*        0x00000000         0xffffffff

Linker script and memory map

LOAD c:/progra~2/gnutoo~1/62017-~1/bin/../lib/gcc/arm-none-eabi/6.3.1/thumb/v6-m/crti.o
LOAD c:/progra~2/gnutoo~1/62017-~1/bin/../lib/gcc/arm-none-eabi/6.3.1/thumb/v6-m/crtbegin.o
LOAD c:/progra~2/gnutoo~1/62017-~1/bin/../lib/gcc/arm-none-eabi/6.3.1/../../../../arm-none-eabi/lib/thumb/v6-m/crt0.o

.flash_begin    0x10000000        0x0
                0x10000000                __flash_binary_start = .

.boot2          0x10000000      0x100
                0x10000000                __boot2_start__ = .
 *(.boot2)
 .boot2         0x10000000      0x100 C:\Users\24664\AppData\Local\Temp\ccAxngoW.o
                0x10000100                __boot2_end__ = .
                0x00000001                ASSERT (((__boot2_end__ - __boot2_start__) == 0x100), ERROR: Pico second stage bootloader must be 256 bytes in size)

.text           0x10000100     0x8650
                0x10000100                __logical_binary_start = .
 *(.vectors)
 .vectors       0x10000100       0xd4 CMakeFiles/hello_usb_plus_led.dir/C_/Users/pico/Downloads/pico-sdk/src/rp2_common/pico_standard_link/crt0.S.obj
                0x10000100                __VECTOR_TABLE
                0x10000100                __vectors
                0x100001c0                isr_invalid
                0x100001c0                __default_isrs_start
                0x100001c2                isr_nmi
                0x100001c4                isr_hardfault
                0x100001c6                isr_svcall
                0x100001c8                isr_pendsv
                0x100001ca                isr_systick
                0x100001cc                isr_irq23
                0x100001cc                isr_irq18
                0x100001cc                isr_irq11
                0x100001cc                isr_irq28
                0x100001cc                isr_irq19
                0x100001cc                isr_irq0
                0x100001cc                isr_irq6
                0x100001cc                isr_irq5
                0x100001cc                isr_irq12
                0x100001cc                isr_irq22
                0x100001cc                isr_irq31
                0x100001cc                isr_irq17
                0x100001cc                isr_irq27
                0x100001cc                isr_irq30
                0x100001cc                isr_irq2
                0x100001cc                isr_irq10
                0x100001cc                isr_irq8
                0x100001cc                isr_irq24
                0x100001cc                isr_irq1
                0x100001cc                isr_irq7
                0x100001cc                isr_irq21
                0x100001cc                isr_irq20
                0x100001cc                isr_irq15
                0x100001cc                isr_irq25
                0x100001cc                isr_irq13
                0x100001cc                __unhandled_user_irq
                0x100001cc                isr_irq4
                0x100001cc                isr_irq16
                0x100001cc                isr_irq29
                0x100001cc                isr_irq26
                0x100001cc                __default_isrs_end
                0x100001cc                isr_irq3
                0x100001cc                isr_irq14
                0x100001cc                isr_irq9
                0x100001d2                unhandled_user_irq_num_in_r0
 *(.binary_info_header)
 .binary_info_header
                0x100001d4       0x14 CMakeFiles/hello_usb_plus_led.dir/C_/Users/pico/Downloads/pico-sdk/src/rp2_common/pico_standard_link/crt0.S.obj
                0x100001e8                __binary_info_header_end = .
 *(.reset)
 .reset         0x100001e8       0xa8 CMakeFiles/hello_usb_plus_led.dir/C_/Users/pico/Downloads/pico-sdk/src/rp2_common/pico_standard_link/crt0.S.obj
                0x100001e8                _entry_point
                0x10000266                __get_current_exception
 .reset         0x10000290       0x30 CMakeFiles/hello_usb_plus_led.dir/C_/Users/pico/Downloads/pico-sdk/src/rp2_common/pico_standard_link/binary_info.c.obj
 *(.init)
 .init          0x100002c0        0x4 c:/progra~2/gnutoo~1/62017-~1/bin/../lib/gcc/arm-none-eabi/6.3.1/thumb/v6-m/crti.o
                0x100002c0                _init
 *(EXCLUDE_FILE(*libm.a: *libc.a:*lib_a-mem*.o *libgcc.a:) .text*)
 .text          0x100002c4       0x60 c:/progra~2/gnutoo~1/62017-~1/bin/../lib/gcc/arm-none-eabi/6.3.1/thumb/v6-m/crtbegin.o
 .text.startup.main
                0x10000324       0x50 CMakeFiles/hello_usb_plus_led.dir/hello_usb.c.obj
                0x10000324                main
 .text.ws2812_init
                0x10000374       0xd4 CMakeFiles/hello_usb_plus_led.dir/ws2812.c.obj
                0x10000374                ws2812_init
 .text.set_neopixel_color
                0x10000448       0x30 CMakeFiles/hello_usb_plus_led.dir/ws2812.c.obj
                0x10000448                set_neopixel_color
 .text.gpio_set_function
                0x10000478       0x30 CMakeFiles/hello_usb_plus_led.dir/C_/Users/pico/Downloads/pico-sdk/src/rp2_common/hardware_gpio/gpio.c.obj
                0x10000478                gpio_set_function
 .text.gpio_init
                0x100004a8       0x3c CMakeFiles/hello_usb_plus_led.dir/C_/Users/pico/Downloads/pico-sdk/src/rp2_common/hardware_gpio/gpio.c.obj
                0x100004a8                gpio_init
 .text.hw_claim_lock
                0x100004e4       0x18 CMakeFiles/hello_usb_plus_led.dir/C_/Users/pico/Downloads/pico-sdk/src/rp2_common/hardware_claim/claim.c.obj
                0x100004e4                hw_claim_lock
 .text.hw_claim_unlock
                0x100004fc       0x14 CMakeFiles/hello_usb_plus_led.dir/C_/Users/pico/Downloads/pico-sdk/src/rp2_common/hardware_claim/claim.c.obj
                0x100004fc                hw_claim_unlock
 .text.hw_claim_or_assert
                0x10000510       0x44 CMakeFiles/hello_usb_plus_led.dir/C_/Users/pico/Downloads/pico-sdk/src/rp2_common/hardware_claim/claim.c.obj
                0x10000510                hw_claim_or_assert
 .text.hw_claim_unused_from_range
                0x10000554       0x8c CMakeFiles/hello_usb_plus_led.dir/C_/Users/pico/Downloads/pico-sdk/src/rp2_common/hardware_claim/claim.c.obj
                0x10000554                hw_claim_unused_from_range
 .text.running_on_fpga
                0x100005e0       0x10 CMakeFiles/hello_usb_plus_led.dir/C_/Users/pico/Downloads/pico-sdk/src/rp2_common/pico_platform/platform.c.obj
                0x100005e0                running_on_fpga
 .text.spin_locks_reset
                0x100005f0       0x1c CMakeFiles/hello_usb_plus_led.dir/C_/Users/pico/Downloads/pico-sdk/src/rp2_common/hardware_sync/sync.c.obj
                0x100005f0                spin_locks_reset
 .text.next_striped_spin_lock_num
                0x1000060c       0x18 CMakeFiles/hello_usb_plus_led.dir/C_/Users/pico/Downloads/pico-sdk/src/rp2_common/hardware_sync/sync.c.obj
                0x1000060c                next_striped_spin_lock_num
 .text.spin_lock_claim_unused
                0x10000624       0x20 CMakeFiles/hello_usb_plus_led.dir/C_/Users/pico/Downloads/pico-sdk/src/rp2_common/hardware_sync/sync.c.obj
                0x10000624                spin_lock_claim_unused
 .text.irq_set_enabled
                0x10000644       0x24 CMakeFiles/hello_usb_plus_led.dir/C_/Users/pico/Downloads/pico-sdk/src/rp2_common/hardware_irq/irq.c.obj
                0x10000644                irq_set_enabled
 .text.irq_set_pending
                0x10000668       0x10 CMakeFiles/hello_usb_plus_led.dir/C_/Users/pico/Downloads/pico-sdk/src/rp2_common/hardware_irq/irq.c.obj
                0x10000668                irq_set_pending
 .text.irq_has_shared_handler
                0x10000678       0x2c CMakeFiles/hello_usb_plus_led.dir/C_/Users/pico/Downloads/pico-sdk/src/rp2_common/hardware_irq/irq.c.obj
                0x10000678                irq_has_shared_handler
 .text.irq_get_vtable_handler
                0x100006a4       0x10 CMakeFiles/hello_usb_plus_led.dir/C_/Users/pico/Downloads/pico-sdk/src/rp2_common/hardware_irq/irq.c.obj
                0x100006a4                irq_get_vtable_handler
 .text.irq_set_exclusive_handler
                0x100006b4       0x54 CMakeFiles/hello_usb_plus_led.dir/C_/Users/pico/Downloads/pico-sdk/src/rp2_common/hardware_irq/irq.c.obj
                0x100006b4                irq_set_exclusive_handler
 .text.irq_add_shared_handler
                0x10000708      0x1cc CMakeFiles/hello_usb_plus_led.dir/C_/Users/pico/Downloads/pico-sdk/src/rp2_common/hardware_irq/irq.c.obj
                0x10000708                irq_add_shared_handler
 .text.irq_remove_handler
                0x100008d4      0x1b8 CMakeFiles/hello_usb_plus_led.dir/C_/Users/pico/Downloads/pico-sdk/src/rp2_common/hardware_irq/irq.c.obj
                0x100008d4                irq_remove_handler
 .text.irq_add_tail_to_free_list
                0x10000a8c       0xb4 CMakeFiles/hello_usb_plus_led.dir/C_/Users/pico/Downloads/pico-sdk/src/rp2_common/hardware_irq/irq.c.obj
                0x10000a8c                irq_add_tail_to_free_list
 .text.irq_init_priorities
                0x10000b40       0x48 CMakeFiles/hello_usb_plus_led.dir/C_/Users/pico/Downloads/pico-sdk/src/rp2_common/hardware_irq/irq.c.obj
                0x10000b40                irq_init_priorities
 .text.user_irq_claim_unused
                0x10000b88       0x30 CMakeFiles/hello_usb_plus_led.dir/C_/Users/pico/Downloads/pico-sdk/src/rp2_common/hardware_irq/irq.c.obj
                0x10000b88                user_irq_claim_unused
 .text.lock_init
                0x10000bb8       0x10 CMakeFiles/hello_usb_plus_led.dir/C_/Users/pico/Downloads/pico-sdk/src/common/pico_sync/lock_core.c.obj
                0x10000bb8                lock_init
 .text.timer_pool_entry_comparator
                0x10000bc8       0x34 CMakeFiles/hello_usb_plus_led.dir/C_/Users/pico/Downloads/pico-sdk/src/common/pico_time/time.c.obj
                0x10000bc8                timer_pool_entry_comparator
 .text.sleep_until_callback
                0x10000bfc       0x30 CMakeFiles/hello_usb_plus_led.dir/C_/Users/pico/Downloads/pico-sdk/src/common/pico_time/time.c.obj
 .text.add_alarm_under_lock
                0x10000c2c      0x124 CMakeFiles/hello_usb_plus_led.dir/C_/Users/pico/Downloads/pico-sdk/src/common/pico_time/time.c.obj
 .text.alarm_pool_alarm_callback
                0x10000d50      0x1dc CMakeFiles/hello_usb_plus_led.dir/C_/Users/pico/Downloads/pico-sdk/src/common/pico_time/time.c.obj
 .text.alarm_pool_init_default
                0x10000f2c       0x64 CMakeFiles/hello_usb_plus_led.dir/C_/Users/pico/Downloads/pico-sdk/src/common/pico_time/time.c.obj
                0x10000f2c                alarm_pool_init_default
 .text.alarm_pool_get_default
                0x10000f90        0x8 CMakeFiles/hello_usb_plus_led.dir/C_/Users/pico/Downloads/pico-sdk/src/common/pico_time/time.c.obj
                0x10000f90                alarm_pool_get_default
 .text.alarm_pool_add_alarm_at
                0x10000f98      0x1a0 CMakeFiles/hello_usb_plus_led.dir/C_/Users/pico/Downloads/pico-sdk/src/common/pico_time/time.c.obj
                0x10000f98                alarm_pool_add_alarm_at
 .text.sleep_until
                0x10001138      0x1e4 CMakeFiles/hello_usb_plus_led.dir/C_/Users/pico/Downloads/pico-sdk/src/common/pico_time/time.c.obj
                0x10001138                sleep_until
 .text.sleep_ms
                0x1000131c       0x38 CMakeFiles/hello_usb_plus_led.dir/C_/Users/pico/Downloads/pico-sdk/src/common/pico_time/time.c.obj
                0x1000131c                sleep_ms
 .text.best_effort_wfe_or_timeout
                0x10001354      0x1c8 CMakeFiles/hello_usb_plus_led.dir/C_/Users/pico/Downloads/pico-sdk/src/common/pico_time/time.c.obj
                0x10001354                best_effort_wfe_or_timeout
 .text.hardware_alarm_irq_handler
                0x1000151c       0xa0 CMakeFiles/hello_usb_plus_led.dir/C_/Users/pico/Downloads/pico-sdk/src/rp2_common/hardware_timer/timer.c.obj
 .text.hardware_alarm_claim
                0x100015bc       0x18 CMakeFiles/hello_usb_plus_led.dir/C_/Users/pico/Downloads/pico-sdk/src/rp2_common/hardware_timer/timer.c.obj
                0x100015bc                hardware_alarm_claim
 .text.time_us_64
                0x100015d4       0x18 CMakeFiles/hello_usb_plus_led.dir/C_/Users/pico/Downloads/pico-sdk/src/rp2_common/hardware_timer/timer.c.obj
                0x100015d4                time_us_64
 .text.busy_wait_us
                0x100015ec       0x54 CMakeFiles/hello_usb_plus_led.dir/C_/Users/pico/Downloads/pico-sdk/src/rp2_common/hardware_timer/timer.c.obj
                0x100015ec                busy_wait_us
 .text.busy_wait_until
                0x10001640       0x20 CMakeFiles/hello_usb_plus_led.dir/C_/Users/pico/Downloads/pico-sdk/src/rp2_common/hardware_timer/timer.c.obj
                0x10001640                busy_wait_until
 .text.hardware_alarm_set_callback
                0x10001660       0x8c CMakeFiles/hello_usb_plus_led.dir/C_/Users/pico/Downloads/pico-sdk/src/rp2_common/hardware_timer/timer.c.obj
                0x10001660                hardware_alarm_set_callback
 .text.hardware_alarm_set_target
                0x100016ec       0xdc CMakeFiles/hello_usb_plus_led.dir/C_/Users/pico/Downloads/pico-sdk/src/rp2_common/hardware_timer/timer.c.obj
                0x100016ec                hardware_alarm_set_target
 .text.hardware_alarm_cancel
                0x100017c8       0x40 CMakeFiles/hello_usb_plus_led.dir/C_/Users/pico/Downloads/pico-sdk/src/rp2_common/hardware_timer/timer.c.obj
                0x100017c8                hardware_alarm_cancel
 .text.ph_merge_two_pass.part.3
                0x10001808      0x18c CMakeFiles/hello_usb_plus_led.dir/C_/Users/pico/Downloads/pico-sdk/src/common/pico_util/pheap.c.obj
 .text.ph_post_alloc_init
                0x10001994       0x3c CMakeFiles/hello_usb_plus_led.dir/C_/Users/pico/Downloads/pico-sdk/src/common/pico_util/pheap.c.obj
                0x10001994                ph_post_alloc_init
 .text.ph_remove_head
                0x100019d0      0x158 CMakeFiles/hello_usb_plus_led.dir/C_/Users/pico/Downloads/pico-sdk/src/common/pico_util/pheap.c.obj
                0x100019d0                ph_remove_head
 .text.ph_remove_and_free_node
                0x10001b28      0x254 CMakeFiles/hello_usb_plus_led.dir/C_/Users/pico/Downloads/pico-sdk/src/common/pico_util/pheap.c.obj
                0x10001b28                ph_remove_and_free_node
 .text.mutex_init
                0x10001d7c       0x1c CMakeFiles/hello_usb_plus_led.dir/C_/Users/pico/Downloads/pico-sdk/src/common/pico_sync/mutex.c.obj
                0x10001d7c                mutex_init
 .text.recursive_mutex_init
                0x10001d98       0x20 CMakeFiles/hello_usb_plus_led.dir/C_/Users/pico/Downloads/pico-sdk/src/common/pico_sync/mutex.c.obj
                0x10001d98                recursive_mutex_init
 .text.critical_section_init
                0x10001db8       0x20 CMakeFiles/hello_usb_plus_led.dir/C_/Users/pico/Downloads/pico-sdk/src/common/pico_sync/critical_section.c.obj
                0x10001db8                critical_section_init
 .text.runtime_init
                0x10001dd8       0xf4 CMakeFiles/hello_usb_plus_led.dir/C_/Users/pico/Downloads/pico-sdk/src/rp2_common/pico_runtime/runtime.c.obj
                0x10001dd8                runtime_init
 .text._sbrk    0x10001ecc       0x34 CMakeFiles/hello_usb_plus_led.dir/C_/Users/pico/Downloads/pico-sdk/src/rp2_common/pico_runtime/runtime.c.obj
                0x10001ecc                _sbrk
 .text.exit     0x10001f00        0x4 CMakeFiles/hello_usb_plus_led.dir/C_/Users/pico/Downloads/pico-sdk/src/rp2_common/pico_runtime/runtime.c.obj
                0x10001f00                exit
 .text.panic    0x10001f04       0x30 CMakeFiles/hello_usb_plus_led.dir/C_/Users/pico/Downloads/pico-sdk/src/rp2_common/pico_runtime/runtime.c.obj
                0x10001f04                panic
 .text.hard_assertion_failure
                0x10001f34        0xc CMakeFiles/hello_usb_plus_led.dir/C_/Users/pico/Downloads/pico-sdk/src/rp2_common/pico_runtime/runtime.c.obj
                0x10001f34                hard_assertion_failure
 .text.clocks_init
                0x10001f40      0x2c8 CMakeFiles/hello_usb_plus_led.dir/C_/Users/pico/Downloads/pico-sdk/src/rp2_common/hardware_clocks/clocks.c.obj
                0x10001f40                clocks_init
 .text.clock_get_hz
                0x10002208        0xc CMakeFiles/hello_usb_plus_led.dir/C_/Users/pico/Downloads/pico-sdk/src/rp2_common/hardware_clocks/clocks.c.obj
                0x10002208                clock_get_hz
 .text.pll_init
                0x10002214       0x9c CMakeFiles/hello_usb_plus_led.dir/C_/Users/pico/Downloads/pico-sdk/src/rp2_common/hardware_pll/pll.c.obj
                0x10002214                pll_init
 .text.watchdog_start_tick
                0x100022b0       0x10 CMakeFiles/hello_usb_plus_led.dir/C_/Users/pico/Downloads/pico-sdk/src/rp2_common/hardware_watchdog/watchdog.c.obj
                0x100022b0                watchdog_start_tick
 .text.watchdog_reboot
                0x100022c0       0x94 CMakeFiles/hello_usb_plus_led.dir/C_/Users/pico/Downloads/pico-sdk/src/rp2_common/hardware_watchdog/watchdog.c.obj
                0x100022c0                watchdog_reboot
 .text.xosc_init
                0x10002354       0x28 CMakeFiles/hello_usb_plus_led.dir/C_/Users/pico/Downloads/pico-sdk/src/rp2_common/hardware_xosc/xosc.c.obj
                0x10002354                xosc_init
 .text._out_null
                0x1000237c        0x4 CMakeFiles/hello_usb_plus_led.dir/C_/Users/pico/Downloads/pico-sdk/src/rp2_common/pico_printf/printf.c.obj
 .text._out_fct
                0x10002380       0x10 CMakeFiles/hello_usb_plus_led.dir/C_/Users/pico/Downloads/pico-sdk/src/rp2_common/pico_printf/printf.c.obj
 .text._out_char
                0x10002390       0x3c CMakeFiles/hello_usb_plus_led.dir/C_/Users/pico/Downloads/pico-sdk/src/rp2_common/pico_printf/printf.c.obj
 .text._ntoa_format
                0x100023cc      0x214 CMakeFiles/hello_usb_plus_led.dir/C_/Users/pico/Downloads/pico-sdk/src/rp2_common/pico_printf/printf.c.obj
 .text._ftoa    0x100025e0      0x6c4 CMakeFiles/hello_usb_plus_led.dir/C_/Users/pico/Downloads/pico-sdk/src/rp2_common/pico_printf/printf.c.obj
 .text._etoa.part.1
                0x10002ca4      0x3e0 CMakeFiles/hello_usb_plus_led.dir/C_/Users/pico/Downloads/pico-sdk/src/rp2_common/pico_printf/printf.c.obj
 .text._vsnprintf
                0x10003084      0xb30 CMakeFiles/hello_usb_plus_led.dir/C_/Users/pico/Downloads/pico-sdk/src/rp2_common/pico_printf/printf.c.obj
 .text.vfctprintf
                0x10003bb4       0x20 CMakeFiles/hello_usb_plus_led.dir/C_/Users/pico/Downloads/pico-sdk/src/rp2_common/pico_printf/printf.c.obj
                0x10003bb4                vfctprintf
 .text.weak_raw_vprintf
                0x10003bd4       0x30 CMakeFiles/hello_usb_plus_led.dir/C_/Users/pico/Downloads/pico-sdk/src/rp2_common/pico_printf/printf.c.obj
                0x10003bd4                weak_raw_vprintf
 .text          0x10003c04       0x10 CMakeFiles/hello_usb_plus_led.dir/C_/Users/pico/Downloads/pico-sdk/src/rp2_common/pico_bit_ops/bit_ops_aeabi.S.obj
 .text.rom_func_lookup
                0x10003c14       0x10 CMakeFiles/hello_usb_plus_led.dir/C_/Users/pico/Downloads/pico-sdk/src/rp2_common/pico_bootrom/bootrom.c.obj
                0x10003c14                rom_func_lookup
 .text.rom_data_lookup
                0x10003c24       0x10 CMakeFiles/hello_usb_plus_led.dir/C_/Users/pico/Downloads/pico-sdk/src/rp2_common/pico_bootrom/bootrom.c.obj
                0x10003c24                rom_data_lookup
 .text.rom_funcs_lookup
                0x10003c34       0x44 CMakeFiles/hello_usb_plus_led.dir/C_/Users/pico/Downloads/pico-sdk/src/rp2_common/pico_bootrom/bootrom.c.obj
                0x10003c34                rom_funcs_lookup
 .text.__wrap___aeabi_idiv
                0x10003c78       0x50 CMakeFiles/hello_usb_plus_led.dir/C_/Users/pico/Downloads/pico-sdk/src/rp2_common/pico_divider/divider.S.obj
                0x10003c78                __wrap___aeabi_idivmod
                0x10003c78                divmod_s32s32
                0x10003c78                div_s32s32
                0x10003c78                __wrap___aeabi_idiv
                0x10003c80                divmod_s32s32_unsafe
                0x10003cac                divmod_s32s32_savestate
 .text.__wrap___aeabi_uidiv
                0x10003cc8       0x4c CMakeFiles/hello_usb_plus_led.dir/C_/Users/pico/Downloads/pico-sdk/src/rp2_common/pico_divider/divider.S.obj
                0x10003cc8                __wrap___aeabi_uidiv
                0x10003cc8                __wrap___aeabi_uidivmod
                0x10003cc8                div_u32u32
                0x10003cc8                divmod_u32u32
                0x10003cd0                divmod_u32u32_unsafe
                0x10003cf8                divmod_u32u32_savestate
 .text.__wrap___aeabi_ldiv
                0x10003d14      0x434 CMakeFiles/hello_usb_plus_led.dir/C_/Users/pico/Downloads/pico-sdk/src/rp2_common/pico_divider/divider.S.obj
                0x10003d14                div_s64s64
                0x10003d14                divmod_s64s64
                0x10003d14                __wrap___aeabi_ldivmod
                0x10003d4c                divmod_u64u64
                0x10003d4c                div_u64u64
                0x10003d4c                __wrap___aeabi_uldivmod
                0x10003d5c                divmod_u64u64_savestate
                0x10003d84                divmod_s64s64_unsafe
                0x10003e0c                divmod_u64u64_unsafe
 .text.__wrap___aeabi_darithmetic
                0x10004148       0x60 CMakeFiles/hello_usb_plus_led.dir/C_/Users/pico/Downloads/pico-sdk/src/rp2_common/pico_double/double_aeabi.S.obj
                0x10004148                __wrap___aeabi_drsub
                0x1000414e                __wrap___aeabi_dsub
                0x10004158                __wrap___aeabi_dadd
                0x10004162                __wrap___aeabi_ddiv
                0x10004196                __wrap___aeabi_dmul
 .text.__wrap___aeabi_cdcmple
                0x100041a8       0x6c CMakeFiles/hello_usb_plus_led.dir/C_/Users/pico/Downloads/pico-sdk/src/rp2_common/pico_double/double_aeabi.S.obj
                0x100041a8                __wrap___aeabi_cdrcmple
                0x100041b8                __wrap___aeabi_cdcmpeq
                0x100041b8                __wrap___aeabi_cdcmple
 .text.__wrap___aeabi_dcmplt
                0x10004214        0xc CMakeFiles/hello_usb_plus_led.dir/C_/Users/pico/Downloads/pico-sdk/src/rp2_common/pico_double/double_aeabi.S.obj
                0x10004214                __wrap___aeabi_dcmplt
 .text.__wrap___aeabi_dcmpge
                0x10004220       0x10 CMakeFiles/hello_usb_plus_led.dir/C_/Users/pico/Downloads/pico-sdk/src/rp2_common/pico_double/double_aeabi.S.obj
                0x10004220                __wrap___aeabi_dcmpge
 .text.__wrap___aeabi_dcmpgt
                0x10004230        0xa CMakeFiles/hello_usb_plus_led.dir/C_/Users/pico/Downloads/pico-sdk/src/rp2_common/pico_double/double_aeabi.S.obj
                0x10004230                __wrap___aeabi_dcmpgt
 .text.__wrap___aeabi_dcmpun
                0x1000423a       0x1c CMakeFiles/hello_usb_plus_led.dir/C_/Users/pico/Downloads/pico-sdk/src/rp2_common/pico_double/double_aeabi.S.obj
                0x1000423a                __wrap___aeabi_dcmpun
 *fill*         0x10004256        0x2 
 .text.__wrap___aeabi_i2d
                0x10004258       0x38 CMakeFiles/hello_usb_plus_led.dir/C_/Users/pico/Downloads/pico-sdk/src/rp2_common/pico_double/double_aeabi.S.obj
                0x10004258                __wrap___aeabi_ui2d
                0x10004260                __wrap___aeabi_i2d
 .text.__wrap___aeabi_d2iz
                0x10004290       0x48 CMakeFiles/hello_usb_plus_led.dir/C_/Users/pico/Downloads/pico-sdk/src/rp2_common/pico_double/double_aeabi.S.obj
                0x10004290                double2int_z
                0x10004290                __wrap___aeabi_d2iz
 .text.__wrap___aeabi_d2uiz
                0x100042d8       0x10 CMakeFiles/hello_usb_plus_led.dir/C_/Users/pico/Downloads/pico-sdk/src/rp2_common/pico_double/double_aeabi.S.obj
                0x100042d8                __wrap___aeabi_d2uiz
                0x100042d8                double2uint
 .text.missing_double_func_shim
                0x100042e8        0xc CMakeFiles/hello_usb_plus_led.dir/C_/Users/pico/Downloads/pico-sdk/src/rp2_common/pico_double/double_init_rom.c.obj
 .text.__aeabi_double_init
                0x100042f4       0x64 CMakeFiles/hello_usb_plus_led.dir/C_/Users/pico/Downloads/pico-sdk/src/rp2_common/pico_double/double_init_rom.c.obj
                0x100042f4                __aeabi_double_init
 .text.double_table_shim_on_use_helper
                0x10004358       0x2c CMakeFiles/hello_usb_plus_led.dir/C_/Users/pico/Downloads/pico-sdk/src/rp2_common/pico_double/double_v1_rom_shim.S.obj
                0x10004358                double_table_shim_on_use_helper
 .text.__aeabi_lmul
                0x10004384       0x32 CMakeFiles/hello_usb_plus_led.dir/C_/Users/pico/Downloads/pico-sdk/src/rp2_common/pico_int64_ops/pico_int64_ops_aeabi.S.obj
                0x10004384                __wrap___aeabi_lmul
 *fill*         0x100043b6        0x2 
 .text.__wrap___aeabi_farithmetic
                0x100043b8       0x48 CMakeFiles/hello_usb_plus_led.dir/C_/Users/pico/Downloads/pico-sdk/src/rp2_common/pico_float/float_aeabi.S.obj
                0x100043b8                __wrap___aeabi_frsub
                0x100043be                __wrap___aeabi_fsub
                0x100043c4                __wrap___aeabi_fadd
                0x100043ca                __wrap___aeabi_fdiv
                0x100043f2                __wrap___aeabi_fmul
 .text.__wrap___aeabi_ui2f
                0x10004400        0xa CMakeFiles/hello_usb_plus_led.dir/C_/Users/pico/Downloads/pico-sdk/src/rp2_common/pico_float/float_aeabi.S.obj
                0x10004400                __wrap___aeabi_ui2f
 *fill*         0x1000440a        0x2 
 .text.__wrap___aeabi_i2f
                0x1000440c       0x44 CMakeFiles/hello_usb_plus_led.dir/C_/Users/pico/Downloads/pico-sdk/src/rp2_common/pico_float/float_aeabi.S.obj
                0x1000440c                __wrap___aeabi_i2f
 .text.__wrap___aeabi_f2uiz
                0x10004450        0xc CMakeFiles/hello_usb_plus_led.dir/C_/Users/pico/Downloads/pico-sdk/src/rp2_common/pico_float/float_aeabi.S.obj
                0x10004450                __wrap___aeabi_f2uiz
 .text.missing_float_func_shim
                0x1000445c        0xc CMakeFiles/hello_usb_plus_led.dir/C_/Users/pico/Downloads/pico-sdk/src/rp2_common/pico_float/float_init_rom.c.obj
 .text.__aeabi_float_init
                0x10004468       0x60 CMakeFiles/hello_usb_plus_led.dir/C_/Users/pico/Downloads/pico-sdk/src/rp2_common/pico_float/float_init_rom.c.obj
                0x10004468                __aeabi_float_init
 .text          0x100044c8       0x10 CMakeFiles/hello_usb_plus_led.dir/C_/Users/pico/Downloads/pico-sdk/src/rp2_common/pico_mem_ops/mem_ops_aeabi.S.obj
                0x100044c8                __aeabi_mem_init
 .text.memset   0x100044d8        0xc CMakeFiles/hello_usb_plus_led.dir/C_/Users/pico/Downloads/pico-sdk/src/rp2_common/pico_mem_ops/mem_ops_aeabi.S.obj
                0x100044d8                __wrap_memset
 .text.memcpy   0x100044e4        0xc CMakeFiles/hello_usb_plus_led.dir/C_/Users/pico/Downloads/pico-sdk/src/rp2_common/pico_mem_ops/mem_ops_aeabi.S.obj
                0x100044e4                __wrap_memcpy
                0x100044e4                __wrap___aeabi_memcpy
 .text.stdio_out_chars_crlf
                0x100044f0       0xbc CMakeFiles/hello_usb_plus_led.dir/C_/Users/pico/Downloads/pico-sdk/src/rp2_common/pico_stdio/stdio.c.obj
 .text.stdio_buffered_printer
                0x100045ac       0x64 CMakeFiles/hello_usb_plus_led.dir/C_/Users/pico/Downloads/pico-sdk/src/rp2_common/pico_stdio/stdio.c.obj
 .text.__wrap_puts
                0x10004610       0xdc CMakeFiles/hello_usb_plus_led.dir/C_/Users/pico/Downloads/pico-sdk/src/rp2_common/pico_stdio/stdio.c.obj
                0x10004610                __wrap_puts
 .text._read    0x100046ec       0x90 CMakeFiles/hello_usb_plus_led.dir/C_/Users/pico/Downloads/pico-sdk/src/rp2_common/pico_stdio/stdio.c.obj
                0x100046ec                _read
 .text._write   0x1000477c       0xac CMakeFiles/hello_usb_plus_led.dir/C_/Users/pico/Downloads/pico-sdk/src/rp2_common/pico_stdio/stdio.c.obj
                0x1000477c                _write
 .text.stdio_set_driver_enabled
                0x10004828       0x30 CMakeFiles/hello_usb_plus_led.dir/C_/Users/pico/Downloads/pico-sdk/src/rp2_common/pico_stdio/stdio.c.obj
                0x10004828                stdio_set_driver_enabled
 .text.__wrap_vprintf
                0x10004858       0xd0 CMakeFiles/hello_usb_plus_led.dir/C_/Users/pico/Downloads/pico-sdk/src/rp2_common/pico_stdio/stdio.c.obj
                0x10004858                __wrap_vprintf
 .text.__wrap_printf
                0x10004928       0x18 CMakeFiles/hello_usb_plus_led.dir/C_/Users/pico/Downloads/pico-sdk/src/rp2_common/pico_stdio/stdio.c.obj
                0x10004928                __wrap_printf
 .text.stdio_init_all
                0x10004940        0x8 CMakeFiles/hello_usb_plus_led.dir/C_/Users/pico/Downloads/pico-sdk/src/rp2_common/pico_stdio/stdio.c.obj
                0x10004940                stdio_init_all
 .text.resetd_init
                0x10004948        0x4 CMakeFiles/hello_usb_plus_led.dir/C_/Users/pico/Downloads/pico-sdk/src/rp2_common/pico_stdio_usb/reset_interface.c.obj
 .text.resetd_reset
                0x1000494c        0xc CMakeFiles/hello_usb_plus_led.dir/C_/Users/pico/Downloads/pico-sdk/src/rp2_common/pico_stdio_usb/reset_interface.c.obj
 .text.resetd_xfer_cb
                0x10004958        0x4 CMakeFiles/hello_usb_plus_led.dir/C_/Users/pico/Downloads/pico-sdk/src/rp2_common/pico_stdio_usb/reset_interface.c.obj
 .text.resetd_open
                0x1000495c       0x28 CMakeFiles/hello_usb_plus_led.dir/C_/Users/pico/Downloads/pico-sdk/src/rp2_common/pico_stdio_usb/reset_interface.c.obj
 .text.resetd_control_xfer_cb
                0x10004984       0x64 CMakeFiles/hello_usb_plus_led.dir/C_/Users/pico/Downloads/pico-sdk/src/rp2_common/pico_stdio_usb/reset_interface.c.obj
 .text.usbd_app_driver_get_cb
                0x100049e8        0xc CMakeFiles/hello_usb_plus_led.dir/C_/Users/pico/Downloads/pico-sdk/src/rp2_common/pico_stdio_usb/reset_interface.c.obj
                0x100049e8                usbd_app_driver_get_cb
 .text.tud_cdc_line_coding_cb
                0x100049f4       0x34 CMakeFiles/hello_usb_plus_led.dir/C_/Users/pico/Downloads/pico-sdk/src/rp2_common/pico_stdio_usb/reset_interface.c.obj
                0x100049f4                tud_cdc_line_coding_cb
 .text.stdio_usb_in_chars
                0x10004a28       0x68 CMakeFiles/hello_usb_plus_led.dir/C_/Users/pico/Downloads/pico-sdk/src/rp2_common/pico_stdio_usb/stdio_usb.c.obj
                0x10004a28                stdio_usb_in_chars
 .text.timer_task
                0x10004a90       0x18 CMakeFiles/hello_usb_plus_led.dir/C_/Users/pico/Downloads/pico-sdk/src/rp2_common/pico_stdio_usb/stdio_usb.c.obj
 .text.usb_irq  0x10004aa8       0x10 CMakeFiles/hello_usb_plus_led.dir/C_/Users/pico/Downloads/pico-sdk/src/rp2_common/pico_stdio_usb/stdio_usb.c.obj
 .text.low_priority_worker_irq
                0x10004ab8       0x20 CMakeFiles/hello_usb_plus_led.dir/C_/Users/pico/Downloads/pico-sdk/src/rp2_common/pico_stdio_usb/stdio_usb.c.obj
 .text.stdio_usb_out_chars
                0x10004ad8       0xf0 CMakeFiles/hello_usb_plus_led.dir/C_/Users/pico/Downloads/pico-sdk/src/rp2_common/pico_stdio_usb/stdio_usb.c.obj
 .text.stdio_usb_init
                0x10004bc8       0xb0 CMakeFiles/hello_usb_plus_led.dir/C_/Users/pico/Downloads/pico-sdk/src/rp2_common/pico_stdio_usb/stdio_usb.c.obj
                0x10004bc8                stdio_usb_init
 .text.tud_descriptor_device_cb
                0x10004c78        0x8 CMakeFiles/hello_usb_plus_led.dir/C_/Users/pico/Downloads/pico-sdk/src/rp2_common/pico_stdio_usb/stdio_usb_descriptors.c.obj
                0x10004c78                tud_descriptor_device_cb
 .text.tud_descriptor_configuration_cb
                0x10004c80        0x8 CMakeFiles/hello_usb_plus_led.dir/C_/Users/pico/Downloads/pico-sdk/src/rp2_common/pico_stdio_usb/stdio_usb_descriptors.c.obj
                0x10004c80                tud_descriptor_configuration_cb
 .text.tud_descriptor_string_cb
                0x10004c88       0x70 CMakeFiles/hello_usb_plus_led.dir/C_/Users/pico/Downloads/pico-sdk/src/rp2_common/pico_stdio_usb/stdio_usb_descriptors.c.obj
                0x10004c88                tud_descriptor_string_cb
 .text.dcd_rp2040_irq
                0x10004cf8      0x234 CMakeFiles/hello_usb_plus_led.dir/C_/Users/pico/Downloads/pico-sdk/lib/tinyusb/src/portable/raspberrypi/rp2040/dcd_rp2040.c.obj
 .text.dcd_int_enable
                0x10004f2c        0xc CMakeFiles/hello_usb_plus_led.dir/C_/Users/pico/Downloads/pico-sdk/lib/tinyusb/src/portable/raspberrypi/rp2040/dcd_rp2040.c.obj
                0x10004f2c                dcd_int_enable
 .text.dcd_set_address
                0x10004f38       0x14 CMakeFiles/hello_usb_plus_led.dir/C_/Users/pico/Downloads/pico-sdk/lib/tinyusb/src/portable/raspberrypi/rp2040/dcd_rp2040.c.obj
                0x10004f38                dcd_set_address
 .text.dcd_connect
                0x10004f4c       0x10 CMakeFiles/hello_usb_plus_led.dir/C_/Users/pico/Downloads/pico-sdk/lib/tinyusb/src/portable/raspberrypi/rp2040/dcd_rp2040.c.obj
                0x10004f4c                dcd_connect
 .text.dcd_init
                0x10004f5c      0x148 CMakeFiles/hello_usb_plus_led.dir/C_/Users/pico/Downloads/pico-sdk/lib/tinyusb/src/portable/raspberrypi/rp2040/dcd_rp2040.c.obj
                0x10004f5c                dcd_init
 .text.dcd_edpt0_status_complete
                0x100050a4       0x1c CMakeFiles/hello_usb_plus_led.dir/C_/Users/pico/Downloads/pico-sdk/lib/tinyusb/src/portable/raspberrypi/rp2040/dcd_rp2040.c.obj
                0x100050a4                dcd_edpt0_status_complete
 .text.dcd_edpt_open
                0x100050c0      0x10c CMakeFiles/hello_usb_plus_led.dir/C_/Users/pico/Downloads/pico-sdk/lib/tinyusb/src/portable/raspberrypi/rp2040/dcd_rp2040.c.obj
                0x100050c0                dcd_edpt_open
 .text.dcd_edpt_close_all
                0x100051cc       0xbc CMakeFiles/hello_usb_plus_led.dir/C_/Users/pico/Downloads/pico-sdk/lib/tinyusb/src/portable/raspberrypi/rp2040/dcd_rp2040.c.obj
                0x100051cc                dcd_edpt_close_all
 .text.dcd_edpt_xfer
                0x10005288       0x24 CMakeFiles/hello_usb_plus_led.dir/C_/Users/pico/Downloads/pico-sdk/lib/tinyusb/src/portable/raspberrypi/rp2040/dcd_rp2040.c.obj
                0x10005288                dcd_edpt_xfer
 .text.dcd_edpt_stall
                0x100052ac       0x38 CMakeFiles/hello_usb_plus_led.dir/C_/Users/pico/Downloads/pico-sdk/lib/tinyusb/src/portable/raspberrypi/rp2040/dcd_rp2040.c.obj
                0x100052ac                dcd_edpt_stall
 .text.dcd_edpt_clear_stall
                0x100052e4       0x2c CMakeFiles/hello_usb_plus_led.dir/C_/Users/pico/Downloads/pico-sdk/lib/tinyusb/src/portable/raspberrypi/rp2040/dcd_rp2040.c.obj
                0x100052e4                dcd_edpt_clear_stall
 .text.rp2040_usb_init
                0x10005310       0x4c CMakeFiles/hello_usb_plus_led.dir/C_/Users/pico/Downloads/pico-sdk/lib/tinyusb/src/portable/raspberrypi/rp2040/rp2040_usb.c.obj
                0x10005310                rp2040_usb_init
 .text.hw_endpoint_reset_transfer
                0x1000535c        0xc CMakeFiles/hello_usb_plus_led.dir/C_/Users/pico/Downloads/pico-sdk/lib/tinyusb/src/portable/raspberrypi/rp2040/rp2040_usb.c.obj
                0x1000535c                hw_endpoint_reset_transfer
 .text._hw_endpoint_buffer_control_update32
                0x10005368       0x58 CMakeFiles/hello_usb_plus_led.dir/C_/Users/pico/Downloads/pico-sdk/lib/tinyusb/src/portable/raspberrypi/rp2040/rp2040_usb.c.obj
                0x10005368                _hw_endpoint_buffer_control_update32
 .text.hw_endpoint_xfer_start
                0x100053c0      0x154 CMakeFiles/hello_usb_plus_led.dir/C_/Users/pico/Downloads/pico-sdk/lib/tinyusb/src/portable/raspberrypi/rp2040/rp2040_usb.c.obj
                0x100053c0                hw_endpoint_xfer_start
 .text.hw_endpoint_xfer_continue
                0x10005514      0x1f8 CMakeFiles/hello_usb_plus_led.dir/C_/Users/pico/Downloads/pico-sdk/lib/tinyusb/src/portable/raspberrypi/rp2040/rp2040_usb.c.obj
                0x10005514                hw_endpoint_xfer_continue
 .text.tud_mounted
                0x1000570c       0x10 CMakeFiles/hello_usb_plus_led.dir/C_/Users/pico/Downloads/pico-sdk/lib/tinyusb/src/device/usbd.c.obj
                0x1000570c                tud_mounted
 .text.tud_suspended
                0x1000571c       0x10 CMakeFiles/hello_usb_plus_led.dir/C_/Users/pico/Downloads/pico-sdk/lib/tinyusb/src/device/usbd.c.obj
                0x1000571c                tud_suspended
 .text.tud_inited
                0x1000572c        0xc CMakeFiles/hello_usb_plus_led.dir/C_/Users/pico/Downloads/pico-sdk/lib/tinyusb/src/device/usbd.c.obj
                0x1000572c                tud_inited
 .text.tud_init
                0x10005738       0xd8 CMakeFiles/hello_usb_plus_led.dir/C_/Users/pico/Downloads/pico-sdk/lib/tinyusb/src/device/usbd.c.obj
                0x10005738                tud_init
 .text.tud_task
                0x10005810      0x950 CMakeFiles/hello_usb_plus_led.dir/C_/Users/pico/Downloads/pico-sdk/lib/tinyusb/src/device/usbd.c.obj
                0x10005810                tud_task
 .text.dcd_event_bus_signal
                0x10006160      0x120 CMakeFiles/hello_usb_plus_led.dir/C_/Users/pico/Downloads/pico-sdk/lib/tinyusb/src/device/usbd.c.obj
                0x10006160                dcd_event_bus_signal
 .text.dcd_event_bus_reset
                0x10006280       0x54 CMakeFiles/hello_usb_plus_led.dir/C_/Users/pico/Downloads/pico-sdk/lib/tinyusb/src/device/usbd.c.obj
                0x10006280                dcd_event_bus_reset
 .text.dcd_event_setup_received
                0x100062d4       0x5c CMakeFiles/hello_usb_plus_led.dir/C_/Users/pico/Downloads/pico-sdk/lib/tinyusb/src/device/usbd.c.obj
                0x100062d4                dcd_event_setup_received
 .text.dcd_event_xfer_complete
                0x10006330       0x68 CMakeFiles/hello_usb_plus_led.dir/C_/Users/pico/Downloads/pico-sdk/lib/tinyusb/src/device/usbd.c.obj
                0x10006330                dcd_event_xfer_complete
 .text.usbd_open_edpt_pair
                0x10006398       0xb0 CMakeFiles/hello_usb_plus_led.dir/C_/Users/pico/Downloads/pico-sdk/lib/tinyusb/src/device/usbd.c.obj
                0x10006398                usbd_open_edpt_pair
 .text.usbd_edpt_open
                0x10006448       0x30 CMakeFiles/hello_usb_plus_led.dir/C_/Users/pico/Downloads/pico-sdk/lib/tinyusb/src/device/usbd.c.obj
                0x10006448                usbd_edpt_open
 .text.usbd_edpt_claim
                0x10006478       0x5c CMakeFiles/hello_usb_plus_led.dir/C_/Users/pico/Downloads/pico-sdk/lib/tinyusb/src/device/usbd.c.obj
                0x10006478                usbd_edpt_claim
 .text.usbd_edpt_release
                0x100064d4       0x4c CMakeFiles/hello_usb_plus_led.dir/C_/Users/pico/Downloads/pico-sdk/lib/tinyusb/src/device/usbd.c.obj
                0x100064d4                usbd_edpt_release
 .text.usbd_edpt_xfer
                0x10006520       0x48 CMakeFiles/hello_usb_plus_led.dir/C_/Users/pico/Downloads/pico-sdk/lib/tinyusb/src/device/usbd.c.obj
                0x10006520                usbd_edpt_xfer
 .text.tud_control_status
                0x10006568       0x30 CMakeFiles/hello_usb_plus_led.dir/C_/Users/pico/Downloads/pico-sdk/lib/tinyusb/src/device/usbd_control.c.obj
                0x10006568                tud_control_status
 .text.tud_control_xfer
                0x10006598       0xac CMakeFiles/hello_usb_plus_led.dir/C_/Users/pico/Downloads/pico-sdk/lib/tinyusb/src/device/usbd_control.c.obj
                0x10006598                tud_control_xfer
 .text.usbd_control_reset
                0x10006644       0x14 CMakeFiles/hello_usb_plus_led.dir/C_/Users/pico/Downloads/pico-sdk/lib/tinyusb/src/device/usbd_control.c.obj
                0x10006644                usbd_control_reset
 .text.usbd_control_set_complete_callback
                0x10006658        0xc CMakeFiles/hello_usb_plus_led.dir/C_/Users/pico/Downloads/pico-sdk/lib/tinyusb/src/device/usbd_control.c.obj
                0x10006658                usbd_control_set_complete_callback
 .text.usbd_control_set_request
                0x10006664       0x1c CMakeFiles/hello_usb_plus_led.dir/C_/Users/pico/Downloads/pico-sdk/lib/tinyusb/src/device/usbd_control.c.obj
                0x10006664                usbd_control_set_request
 .text.usbd_control_xfer_cb
                0x10006680       0xf8 CMakeFiles/hello_usb_plus_led.dir/C_/Users/pico/Downloads/pico-sdk/lib/tinyusb/src/device/usbd_control.c.obj
                0x10006680                usbd_control_xfer_cb
 .text.tud_cdc_n_connected
                0x10006778       0x30 CMakeFiles/hello_usb_plus_led.dir/C_/Users/pico/Downloads/pico-sdk/lib/tinyusb/src/class/cdc/cdc_device.c.obj
                0x10006778                tud_cdc_n_connected
 .text.tud_cdc_n_available
                0x100067a8       0x1c CMakeFiles/hello_usb_plus_led.dir/C_/Users/pico/Downloads/pico-sdk/lib/tinyusb/src/class/cdc/cdc_device.c.obj
                0x100067a8                tud_cdc_n_available
 .text.tud_cdc_n_read
                0x100067c4       0x70 CMakeFiles/hello_usb_plus_led.dir/C_/Users/pico/Downloads/pico-sdk/lib/tinyusb/src/class/cdc/cdc_device.c.obj
                0x100067c4                tud_cdc_n_read
 .text.tud_cdc_n_write
                0x10006834       0x90 CMakeFiles/hello_usb_plus_led.dir/C_/Users/pico/Downloads/pico-sdk/lib/tinyusb/src/class/cdc/cdc_device.c.obj
                0x10006834                tud_cdc_n_write
 .text.tud_cdc_n_write_flush
                0x100068c4       0x78 CMakeFiles/hello_usb_plus_led.dir/C_/Users/pico/Downloads/pico-sdk/lib/tinyusb/src/class/cdc/cdc_device.c.obj
                0x100068c4                tud_cdc_n_write_flush
 .text.tud_cdc_n_write_available
                0x1000693c       0x1c CMakeFiles/hello_usb_plus_led.dir/C_/Users/pico/Downloads/pico-sdk/lib/tinyusb/src/class/cdc/cdc_device.c.obj
                0x1000693c                tud_cdc_n_write_available
 .text.cdcd_init
                0x10006958       0x7c CMakeFiles/hello_usb_plus_led.dir/C_/Users/pico/Downloads/pico-sdk/lib/tinyusb/src/class/cdc/cdc_device.c.obj
                0x10006958                cdcd_init
 .text.cdcd_reset
                0x100069d4       0x2c CMakeFiles/hello_usb_plus_led.dir/C_/Users/pico/Downloads/pico-sdk/lib/tinyusb/src/class/cdc/cdc_device.c.obj
                0x100069d4                cdcd_reset
 .text.cdcd_open
                0x10006a00       0xe8 CMakeFiles/hello_usb_plus_led.dir/C_/Users/pico/Downloads/pico-sdk/lib/tinyusb/src/class/cdc/cdc_device.c.obj
                0x10006a00                cdcd_open
 .text.cdcd_control_xfer_cb
                0x10006ae8       0xe0 CMakeFiles/hello_usb_plus_led.dir/C_/Users/pico/Downloads/pico-sdk/lib/tinyusb/src/class/cdc/cdc_device.c.obj
                0x10006ae8                cdcd_control_xfer_cb
 .text.cdcd_xfer_cb
                0x10006bc8      0x194 CMakeFiles/hello_usb_plus_led.dir/C_/Users/pico/Downloads/pico-sdk/lib/tinyusb/src/class/cdc/cdc_device.c.obj
                0x10006bc8                cdcd_xfer_cb
 .text.tusb_init
                0x10006d5c        0xc CMakeFiles/hello_usb_plus_led.dir/C_/Users/pico/Downloads/pico-sdk/lib/tinyusb/src/tusb.c.obj
                0x10006d5c                tusb_init
 .text.tusb_inited
                0x10006d68        0x8 CMakeFiles/hello_usb_plus_led.dir/C_/Users/pico/Downloads/pico-sdk/lib/tinyusb/src/tusb.c.obj
                0x10006d68                tusb_inited
 .text.tu_edpt_validate
                0x10006d70       0x74 CMakeFiles/hello_usb_plus_led.dir/C_/Users/pico/Downloads/pico-sdk/lib/tinyusb/src/tusb.c.obj
                0x10006d70                tu_edpt_validate
 .text.tu_edpt_bind_driver
                0x10006de4       0x3c CMakeFiles/hello_usb_plus_led.dir/C_/Users/pico/Downloads/pico-sdk/lib/tinyusb/src/tusb.c.obj
                0x10006de4                tu_edpt_bind_driver
 .text.tu_fifo_config
                0x10006e20       0x78 CMakeFiles/hello_usb_plus_led.dir/C_/Users/pico/Downloads/pico-sdk/lib/tinyusb/src/common/tusb_fifo.c.obj
                0x10006e20                tu_fifo_config
 .text.tu_fifo_count
                0x10006e98       0x24 CMakeFiles/hello_usb_plus_led.dir/C_/Users/pico/Downloads/pico-sdk/lib/tinyusb/src/common/tusb_fifo.c.obj
                0x10006e98                tu_fifo_count
 .text.tu_fifo_empty
                0x10006ebc       0x10 CMakeFiles/hello_usb_plus_led.dir/C_/Users/pico/Downloads/pico-sdk/lib/tinyusb/src/common/tusb_fifo.c.obj
                0x10006ebc                tu_fifo_empty
 .text.tu_fifo_remaining
                0x10006ecc       0x20 CMakeFiles/hello_usb_plus_led.dir/C_/Users/pico/Downloads/pico-sdk/lib/tinyusb/src/common/tusb_fifo.c.obj
                0x10006ecc                tu_fifo_remaining
 .text.tu_fifo_read
                0x10006eec       0x9c CMakeFiles/hello_usb_plus_led.dir/C_/Users/pico/Downloads/pico-sdk/lib/tinyusb/src/common/tusb_fifo.c.obj
                0x10006eec                tu_fifo_read
 .text.tu_fifo_read_n
                0x10006f88       0xfc CMakeFiles/hello_usb_plus_led.dir/C_/Users/pico/Downloads/pico-sdk/lib/tinyusb/src/common/tusb_fifo.c.obj
                0x10006f88                tu_fifo_read_n
 .text.tu_fifo_write
                0x10007084       0x88 CMakeFiles/hello_usb_plus_led.dir/C_/Users/pico/Downloads/pico-sdk/lib/tinyusb/src/common/tusb_fifo.c.obj
                0x10007084                tu_fifo_write
 .text.tu_fifo_write_n
                0x1000710c       0xec CMakeFiles/hello_usb_plus_led.dir/C_/Users/pico/Downloads/pico-sdk/lib/tinyusb/src/common/tusb_fifo.c.obj
                0x1000710c                tu_fifo_write_n
 .text.tu_fifo_clear
                0x100071f8       0x4c CMakeFiles/hello_usb_plus_led.dir/C_/Users/pico/Downloads/pico-sdk/lib/tinyusb/src/common/tusb_fifo.c.obj
                0x100071f8                tu_fifo_clear
 .text.tu_fifo_set_overwritable
                0x10007244       0x3c CMakeFiles/hello_usb_plus_led.dir/C_/Users/pico/Downloads/pico-sdk/lib/tinyusb/src/common/tusb_fifo.c.obj
                0x10007244                tu_fifo_set_overwritable
 .text.startup._retrieve_unique_id_on_boot
                0x10007280       0x10 CMakeFiles/hello_usb_plus_led.dir/C_/Users/pico/Downloads/pico-sdk/src/rp2_common/pico_unique_id/unique_id.c.obj
 .text.pico_get_unique_board_id_string
                0x10007290      0x1c0 CMakeFiles/hello_usb_plus_led.dir/C_/Users/pico/Downloads/pico-sdk/src/rp2_common/pico_unique_id/unique_id.c.obj
                0x10007290                pico_get_unique_board_id_string
 .text.flash_get_unique_id
                0x10007450       0x3c CMakeFiles/hello_usb_plus_led.dir/C_/Users/pico/Downloads/pico-sdk/src/rp2_common/hardware_flash/flash.c.obj
                0x10007450                flash_get_unique_id
 .text.pio_add_program
                0x1000748c       0xd0 CMakeFiles/hello_usb_plus_led.dir/C_/Users/pico/Downloads/pico-sdk/src/rp2_common/hardware_pio/pio.c.obj
                0x1000748c                pio_add_program
 .text.pio_sm_set_consecutive_pindirs
                0x1000755c       0x90 CMakeFiles/hello_usb_plus_led.dir/C_/Users/pico/Downloads/pico-sdk/src/rp2_common/hardware_pio/pio.c.obj
                0x1000755c                pio_sm_set_consecutive_pindirs
 .text.pio_sm_init
                0x100075ec       0x90 CMakeFiles/hello_usb_plus_led.dir/C_/Users/pico/Downloads/pico-sdk/src/rp2_common/hardware_pio/pio.c.obj
                0x100075ec                pio_sm_init
 .text._malloc_r
                0x1000767c      0x568 c:/progra~2/gnutoo~1/62017-~1/bin/../lib/gcc/arm-none-eabi/6.3.1/../../../../arm-none-eabi/lib/thumb/v6-m\libc.a(lib_a-mallocr.o)
                0x1000767c                _malloc_r
 .text.__malloc_lock
                0x10007be4       0x10 c:/progra~2/gnutoo~1/62017-~1/bin/../lib/gcc/arm-none-eabi/6.3.1/../../../../arm-none-eabi/lib/thumb/v6-m\libc.a(lib_a-mlock.o)
                0x10007be4                __malloc_lock
 .text.__malloc_unlock
                0x10007bf4       0x10 c:/progra~2/gnutoo~1/62017-~1/bin/../lib/gcc/arm-none-eabi/6.3.1/../../../../arm-none-eabi/lib/thumb/v6-m\libc.a(lib_a-mlock.o)
                0x10007bf4                __malloc_unlock
 .text._sbrk_r  0x10007c04       0x24 c:/progra~2/gnutoo~1/62017-~1/bin/../lib/gcc/arm-none-eabi/6.3.1/../../../../arm-none-eabi/lib/thumb/v6-m\libc.a(lib_a-sbrkr.o)
                0x10007c04                _sbrk_r
 .text.strlen   0x10007c28       0x64 c:/progra~2/gnutoo~1/62017-~1/bin/../lib/gcc/arm-none-eabi/6.3.1/../../../../arm-none-eabi/lib/thumb/v6-m\libc.a(lib_a-strlen-stub.o)
                0x10007c28                strlen
 .text.__swbuf_r
                0x10007c8c       0xbc c:/progra~2/gnutoo~1/62017-~1/bin/../lib/gcc/arm-none-eabi/6.3.1/../../../../arm-none-eabi/lib/thumb/v6-m\libc.a(lib_a-wbuf.o)
                0x10007c8c                __swbuf_r
 .text.__swsetup_r
                0x10007d48       0xd4 c:/progra~2/gnutoo~1/62017-~1/bin/../lib/gcc/arm-none-eabi/6.3.1/../../../../arm-none-eabi/lib/thumb/v6-m\libc.a(lib_a-wsetup.o)
                0x10007d48                __swsetup_r
 .text.__sflush_r
                0x10007e1c      0x150 c:/progra~2/gnutoo~1/62017-~1/bin/../lib/gcc/arm-none-eabi/6.3.1/../../../../arm-none-eabi/lib/thumb/v6-m\libc.a(lib_a-fflush.o)
                0x10007e1c                __sflush_r
 .text._fflush_r
                0x10007f6c       0x54 c:/progra~2/gnutoo~1/62017-~1/bin/../lib/gcc/arm-none-eabi/6.3.1/../../../../arm-none-eabi/lib/thumb/v6-m\libc.a(lib_a-fflush.o)
                0x10007f6c                _fflush_r
 .text._cleanup_r
                0x10007fc0       0x10 c:/progra~2/gnutoo~1/62017-~1/bin/../lib/gcc/arm-none-eabi/6.3.1/../../../../arm-none-eabi/lib/thumb/v6-m\libc.a(lib_a-findfp.o)
                0x10007fc0                _cleanup_r
 .text.std.isra.0
                0x10007fd0       0x50 c:/progra~2/gnutoo~1/62017-~1/bin/../lib/gcc/arm-none-eabi/6.3.1/../../../../arm-none-eabi/lib/thumb/v6-m\libc.a(lib_a-findfp.o)
 .text.__sinit  0x10008020       0x60 c:/progra~2/gnutoo~1/62017-~1/bin/../lib/gcc/arm-none-eabi/6.3.1/../../../../arm-none-eabi/lib/thumb/v6-m\libc.a(lib_a-findfp.o)
                0x10008020                __sinit
 .text.__sfp_lock_acquire
                0x10008080       0x10 c:/progra~2/gnutoo~1/62017-~1/bin/../lib/gcc/arm-none-eabi/6.3.1/../../../../arm-none-eabi/lib/thumb/v6-m\libc.a(lib_a-findfp.o)
                0x10008080                __sfp_lock_acquire
 .text.__sfp_lock_release
                0x10008090       0x10 c:/progra~2/gnutoo~1/62017-~1/bin/../lib/gcc/arm-none-eabi/6.3.1/../../../../arm-none-eabi/lib/thumb/v6-m\libc.a(lib_a-findfp.o)
                0x10008090                __sfp_lock_release
 .text._malloc_trim_r
                0x100080a0       0xa0 c:/progra~2/gnutoo~1/62017-~1/bin/../lib/gcc/arm-none-eabi/6.3.1/../../../../arm-none-eabi/lib/thumb/v6-m\libc.a(lib_a-freer.o)
                0x100080a0                _malloc_trim_r
 .text._free_r  0x10008140      0x1bc c:/progra~2/gnutoo~1/62017-~1/bin/../lib/gcc/arm-none-eabi/6.3.1/../../../../arm-none-eabi/lib/thumb/v6-m\libc.a(lib_a-freer.o)
                0x10008140                _free_r
 .text._fwalk_reent
                0x100082fc       0x4c c:/progra~2/gnutoo~1/62017-~1/bin/../lib/gcc/arm-none-eabi/6.3.1/../../../../arm-none-eabi/lib/thumb/v6-m\libc.a(lib_a-fwalk.o)
                0x100082fc                _fwalk_reent
 .text.__retarget_lock_init_recursive
                0x10008348        0x4 c:/progra~2/gnutoo~1/62017-~1/bin/../lib/gcc/arm-none-eabi/6.3.1/../../../../arm-none-eabi/lib/thumb/v6-m\libc.a(lib_a-lock.o)
                0x10008348                __retarget_lock_init_recursive
 .text.__retarget_lock_close_recursive
                0x1000834c        0x4 c:/progra~2/gnutoo~1/62017-~1/bin/../lib/gcc/arm-none-eabi/6.3.1/../../../../arm-none-eabi/lib/thumb/v6-m\libc.a(lib_a-lock.o)
                0x1000834c                __retarget_lock_close_recursive
 .text.__retarget_lock_acquire_recursive
                0x10008350        0x4 c:/progra~2/gnutoo~1/62017-~1/bin/../lib/gcc/arm-none-eabi/6.3.1/../../../../arm-none-eabi/lib/thumb/v6-m\libc.a(lib_a-lock.o)
                0x10008350                __retarget_lock_acquire_recursive
 .text.__retarget_lock_release_recursive
                0x10008354        0x4 c:/progra~2/gnutoo~1/62017-~1/bin/../lib/gcc/arm-none-eabi/6.3.1/../../../../arm-none-eabi/lib/thumb/v6-m\libc.a(lib_a-lock.o)
                0x10008354                __retarget_lock_release_recursive
 .text.__swhatbuf_r
                0x10008358       0x60 c:/progra~2/gnutoo~1/62017-~1/bin/../lib/gcc/arm-none-eabi/6.3.1/../../../../arm-none-eabi/lib/thumb/v6-m\libc.a(lib_a-makebuf.o)
                0x10008358                __swhatbuf_r
 .text.__smakebuf_r
                0x100083b8       0x90 c:/progra~2/gnutoo~1/62017-~1/bin/../lib/gcc/arm-none-eabi/6.3.1/../../../../arm-none-eabi/lib/thumb/v6-m\libc.a(lib_a-makebuf.o)
                0x100083b8                __smakebuf_r
 .text.__sread  0x10008448       0x28 c:/progra~2/gnutoo~1/62017-~1/bin/../lib/gcc/arm-none-eabi/6.3.1/../../../../arm-none-eabi/lib/thumb/v6-m\libc.a(lib_a-stdio.o)
                0x10008448                __sread
 .text.__swrite
                0x10008470       0x3c c:/progra~2/gnutoo~1/62017-~1/bin/../lib/gcc/arm-none-eabi/6.3.1/../../../../arm-none-eabi/lib/thumb/v6-m\libc.a(lib_a-stdio.o)
                0x10008470                __swrite
 .text.__sseek  0x100084ac       0x2c c:/progra~2/gnutoo~1/62017-~1/bin/../lib/gcc/arm-none-eabi/6.3.1/../../../../arm-none-eabi/lib/thumb/v6-m\libc.a(lib_a-stdio.o)
                0x100084ac                __sseek
 .text.__sclose
                0x100084d8        0xc c:/progra~2/gnutoo~1/62017-~1/bin/../lib/gcc/arm-none-eabi/6.3.1/../../../../arm-none-eabi/lib/thumb/v6-m\libc.a(lib_a-stdio.o)
                0x100084d8                __sclose
 .text._write_r
                0x100084e4       0x28 c:/progra~2/gnutoo~1/62017-~1/bin/../lib/gcc/arm-none-eabi/6.3.1/../../../../arm-none-eabi/lib/thumb/v6-m\libc.a(lib_a-writer.o)
                0x100084e4                _write_r
 .text._close_r
                0x1000850c       0x24 c:/progra~2/gnutoo~1/62017-~1/bin/../lib/gcc/arm-none-eabi/6.3.1/../../../../arm-none-eabi/lib/thumb/v6-m\libc.a(lib_a-closer.o)
                0x1000850c                _close_r
 .text._fclose_r
                0x10008530       0xcc c:/progra~2/gnutoo~1/62017-~1/bin/../lib/gcc/arm-none-eabi/6.3.1/../../../../arm-none-eabi/lib/thumb/v6-m\libc.a(lib_a-fclose.o)
                0x10008530                _fclose_r
 .text._fstat_r
                0x100085fc       0x28 c:/progra~2/gnutoo~1/62017-~1/bin/../lib/gcc/arm-none-eabi/6.3.1/../../../../arm-none-eabi/lib/thumb/v6-m\libc.a(lib_a-fstatr.o)
                0x100085fc                _fstat_r
 .text._isatty_r
                0x10008624       0x24 c:/progra~2/gnutoo~1/62017-~1/bin/../lib/gcc/arm-none-eabi/6.3.1/../../../../arm-none-eabi/lib/thumb/v6-m\libc.a(lib_a-isattyr.o)
                0x10008624                _isatty_r
 .text._lseek_r
                0x10008648       0x28 c:/progra~2/gnutoo~1/62017-~1/bin/../lib/gcc/arm-none-eabi/6.3.1/../../../../arm-none-eabi/lib/thumb/v6-m\libc.a(lib_a-lseekr.o)
                0x10008648                _lseek_r
 .text._read_r  0x10008670       0x28 c:/progra~2/gnutoo~1/62017-~1/bin/../lib/gcc/arm-none-eabi/6.3.1/../../../../arm-none-eabi/lib/thumb/v6-m\libc.a(lib_a-readr.o)
                0x10008670                _read_r
 .text._close   0x10008698       0x10 c:/progra~2/gnutoo~1/62017-~1/bin/../lib/gcc/arm-none-eabi/6.3.1/../../../../arm-none-eabi/lib/thumb/v6-m\libnosys.a(close.o)
                0x10008698                _close
 .text._fstat   0x100086a8       0x10 c:/progra~2/gnutoo~1/62017-~1/bin/../lib/gcc/arm-none-eabi/6.3.1/../../../../arm-none-eabi/lib/thumb/v6-m\libnosys.a(fstat.o)
                0x100086a8                _fstat
 .text._isatty  0x100086b8       0x10 c:/progra~2/gnutoo~1/62017-~1/bin/../lib/gcc/arm-none-eabi/6.3.1/../../../../arm-none-eabi/lib/thumb/v6-m\libnosys.a(isatty.o)
                0x100086b8                _isatty
 .text._lseek   0x100086c8       0x10 c:/progra~2/gnutoo~1/62017-~1/bin/../lib/gcc/arm-none-eabi/6.3.1/../../../../arm-none-eabi/lib/thumb/v6-m\libnosys.a(lseek.o)
                0x100086c8                _lseek
 *(.fini)
 .fini          0x100086d8        0x4 c:/progra~2/gnutoo~1/62017-~1/bin/../lib/gcc/arm-none-eabi/6.3.1/thumb/v6-m/crti.o
                0x100086d8                _fini
 *fill*         0x100086dc        0x4 
 .fini.__stub   0x100086e0       0x70 linker stubs
 *crtbegin.o(.ctors)
 *crtbegin?.o(.ctors)
 *(EXCLUDE_FILE(*crtend.o *crtend?.o) .ctors)
 *(SORT(.ctors.*))
 *(.ctors)
 *crtbegin.o(.dtors)
 *crtbegin?.o(.dtors)
 *(EXCLUDE_FILE(*crtend.o *crtend?.o) .dtors)
 *(SORT(.dtors.*))
 *(.dtors)
 *(.eh_frame*)
 .eh_frame      0x10008750        0x0 c:/progra~2/gnutoo~1/62017-~1/bin/../lib/gcc/arm-none-eabi/6.3.1/thumb/v6-m/crtbegin.o
                0x10008750                . = ALIGN (0x4)

.glue_7         0x10008750        0x0
 .glue_7        0x10008750        0x0 linker stubs

.glue_7t        0x10008750        0x0
 .glue_7t       0x10008750        0x0 linker stubs

.vfp11_veneer   0x10008750        0x0
 .vfp11_veneer  0x10008750        0x0 linker stubs

.v4_bx          0x10008750        0x0
 .v4_bx         0x10008750        0x0 linker stubs

.iplt           0x10008750        0x0
 .iplt          0x10008750        0x0 c:/progra~2/gnutoo~1/62017-~1/bin/../lib/gcc/arm-none-eabi/6.3.1/thumb/v6-m/crtbegin.o

.rodata         0x10008750      0x60c
 *(EXCLUDE_FILE(*libm.a: *libc.a:*lib_a-mem*.o *libgcc.a:) .rodata*)
 .rodata.main.str1.4
                0x10008750       0x3f CMakeFiles/hello_usb_plus_led.dir/hello_usb.c.obj
 .rodata.ws2812_init.str1.4
                0x1000878f       0x20 CMakeFiles/hello_usb_plus_led.dir/ws2812.c.obj
 *fill*         0x1000878f        0x1 
 .rodata.ws2812_program
                0x10008790        0x6 CMakeFiles/hello_usb_plus_led.dir/ws2812.c.obj
 *fill*         0x10008796        0x2 
 .rodata.ws2812_program_instructions
                0x10008798        0x8 CMakeFiles/hello_usb_plus_led.dir/ws2812.c.obj
 .rodata.spin_lock_claim_unused.str1.4
                0x100087a0       0x1b CMakeFiles/hello_usb_plus_led.dir/C_/Users/pico/Downloads/pico-sdk/src/rp2_common/hardware_sync/sync.c.obj
 *fill*         0x100087bb        0x1 
 .rodata.user_irq_claim_unused.str1.4
                0x100087bc       0x1b CMakeFiles/hello_usb_plus_led.dir/C_/Users/pico/Downloads/pico-sdk/src/rp2_common/hardware_irq/irq.c.obj
 *fill*         0x100087d7        0x1 
 .rodata.at_the_end_of_time
                0x100087d8        0x8 CMakeFiles/hello_usb_plus_led.dir/C_/Users/pico/Downloads/pico-sdk/src/common/pico_time/time.c.obj
                0x100087d8                at_the_end_of_time
 .rodata.hardware_alarm_claim.str1.4
                0x100087e0       0x22 CMakeFiles/hello_usb_plus_led.dir/C_/Users/pico/Downloads/pico-sdk/src/rp2_common/hardware_timer/timer.c.obj
 *fill*         0x10008802        0x2 
 .rodata.hard_assertion_failure.str1.4
                0x10008804        0xc CMakeFiles/hello_usb_plus_led.dir/C_/Users/pico/Downloads/pico-sdk/src/rp2_common/pico_runtime/runtime.c.obj
 .rodata.panic.str1.4
                0x10008810       0x12 CMakeFiles/hello_usb_plus_led.dir/C_/Users/pico/Downloads/pico-sdk/src/rp2_common/pico_runtime/runtime.c.obj
 *fill*         0x10008822        0x2 
 .rodata._vsnprintf
                0x10008824      0x1e0 CMakeFiles/hello_usb_plus_led.dir/C_/Users/pico/Downloads/pico-sdk/src/rp2_common/pico_printf/printf.c.obj
 .rodata._ftoa.str1.4
                0x10008a04       0x15 CMakeFiles/hello_usb_plus_led.dir/C_/Users/pico/Downloads/pico-sdk/src/rp2_common/pico_printf/printf.c.obj
 *fill*         0x10008a19        0x7 
 .rodata.pow10.5388
                0x10008a20       0x50 CMakeFiles/hello_usb_plus_led.dir/C_/Users/pico/Downloads/pico-sdk/src/rp2_common/pico_printf/printf.c.obj
 .rodata.missing_double_func_shim.str1.4
                0x10008a70       0x18 CMakeFiles/hello_usb_plus_led.dir/C_/Users/pico/Downloads/pico-sdk/src/rp2_common/pico_double/double_init_rom.c.obj
 .rodata.missing_float_func_shim.str1.4
                0x10008a88       0x18 CMakeFiles/hello_usb_plus_led.dir/C_/Users/pico/Downloads/pico-sdk/src/rp2_common/pico_float/float_init_rom.c.obj
                                  0x1 (size before relaxing)
 .rodata.__bi_44
                0x10008a88        0xc CMakeFiles/hello_usb_plus_led.dir/C_/Users/pico/Downloads/pico-sdk/src/rp2_common/pico_standard_link/binary_info.c.obj
 .rodata.__bi_69
                0x10008a94        0xc CMakeFiles/hello_usb_plus_led.dir/C_/Users/pico/Downloads/pico-sdk/src/rp2_common/pico_standard_link/binary_info.c.obj
 .rodata.__bi_75
                0x10008aa0        0xc CMakeFiles/hello_usb_plus_led.dir/C_/Users/pico/Downloads/pico-sdk/src/rp2_common/pico_standard_link/binary_info.c.obj
 .rodata.__bi_81
                0x10008aac        0xc CMakeFiles/hello_usb_plus_led.dir/C_/Users/pico/Downloads/pico-sdk/src/rp2_common/pico_standard_link/binary_info.c.obj
 .rodata.str1.4
                0x10008ab8       0x9c CMakeFiles/hello_usb_plus_led.dir/C_/Users/pico/Downloads/pico-sdk/src/rp2_common/pico_standard_link/binary_info.c.obj
 .rodata.crlf_str.5834
                0x10008b54        0x2 CMakeFiles/hello_usb_plus_led.dir/C_/Users/pico/Downloads/pico-sdk/src/rp2_common/pico_stdio/stdio.c.obj
 *fill*         0x10008b56        0x2 
 .rodata._resetd_driver
                0x10008b58       0x18 CMakeFiles/hello_usb_plus_led.dir/C_/Users/pico/Downloads/pico-sdk/src/rp2_common/pico_stdio_usb/reset_interface.c.obj
 .rodata.__bi_118.7128
                0x10008b70        0xc CMakeFiles/hello_usb_plus_led.dir/C_/Users/pico/Downloads/pico-sdk/src/rp2_common/pico_stdio_usb/stdio_usb.c.obj
 .rodata.str1.4
                0x10008b7c       0x13 CMakeFiles/hello_usb_plus_led.dir/C_/Users/pico/Downloads/pico-sdk/src/rp2_common/pico_stdio_usb/stdio_usb.c.obj
 *fill*         0x10008b8f        0x1 
 .rodata.str1.4
                0x10008b90       0x2a CMakeFiles/hello_usb_plus_led.dir/C_/Users/pico/Downloads/pico-sdk/src/rp2_common/pico_stdio_usb/stdio_usb_descriptors.c.obj
 *fill*         0x10008bba        0x2 
 .rodata.usbd_desc_cfg
                0x10008bbc       0x54 CMakeFiles/hello_usb_plus_led.dir/C_/Users/pico/Downloads/pico-sdk/src/rp2_common/pico_stdio_usb/stdio_usb_descriptors.c.obj
 .rodata.usbd_desc_device
                0x10008c10       0x12 CMakeFiles/hello_usb_plus_led.dir/C_/Users/pico/Downloads/pico-sdk/src/rp2_common/pico_stdio_usb/stdio_usb_descriptors.c.obj
 *fill*         0x10008c22        0x2 
 .rodata.usbd_desc_str
                0x10008c24       0x18 CMakeFiles/hello_usb_plus_led.dir/C_/Users/pico/Downloads/pico-sdk/src/rp2_common/pico_stdio_usb/stdio_usb_descriptors.c.obj
 .rodata.dcd_rp2040_irq.str1.4
                0x10008c3c       0x14 CMakeFiles/hello_usb_plus_led.dir/C_/Users/pico/Downloads/pico-sdk/lib/tinyusb/src/portable/raspberrypi/rp2040/dcd_rp2040.c.obj
 .rodata._hw_endpoint_buffer_control_update32.str1.4
                0x10008c50       0x1f CMakeFiles/hello_usb_plus_led.dir/C_/Users/pico/Downloads/pico-sdk/lib/tinyusb/src/portable/raspberrypi/rp2040/rp2040_usb.c.obj
 *fill*         0x10008c6f        0x1 
 .rodata.hw_endpoint_xfer_continue.str1.4
                0x10008c70       0x29 CMakeFiles/hello_usb_plus_led.dir/C_/Users/pico/Downloads/pico-sdk/lib/tinyusb/src/portable/raspberrypi/rp2040/rp2040_usb.c.obj
 *fill*         0x10008c99        0x3 
 .rodata.str1.4
                0x10008c9c        0x7 CMakeFiles/hello_usb_plus_led.dir/C_/Users/pico/Downloads/pico-sdk/lib/tinyusb/src/portable/raspberrypi/rp2040/rp2040_usb.c.obj
 *fill*         0x10008ca3        0x1 
 .rodata.tud_task
                0x10008ca4       0x8c CMakeFiles/hello_usb_plus_led.dir/C_/Users/pico/Downloads/pico-sdk/lib/tinyusb/src/device/usbd.c.obj
 .rodata._usbd_driver
                0x10008d30       0x18 CMakeFiles/hello_usb_plus_led.dir/C_/Users/pico/Downloads/pico-sdk/lib/tinyusb/src/device/usbd.c.obj
 .rodata.pio_add_program.str1.4
                0x10008d48       0x14 CMakeFiles/hello_usb_plus_led.dir/C_/Users/pico/Downloads/pico-sdk/src/rp2_common/hardware_pio/pio.c.obj
                                 0x11 (size before relaxing)
                0x10008d5c                . = ALIGN (0x4)
 *(SORT(.flashdata*))
                0x10008d5c                . = ALIGN (0x4)

.rel.dyn        0x10008d5c        0x0
 .rel.iplt      0x10008d5c        0x0 c:/progra~2/gnutoo~1/62017-~1/bin/../lib/gcc/arm-none-eabi/6.3.1/thumb/v6-m/crtbegin.o

.ARM.extab
 *(.ARM.extab* .gnu.linkonce.armextab.*)
                0x10008d5c                __exidx_start = .

.ARM.exidx
 *(.ARM.exidx* .gnu.linkonce.armexidx.*)
                0x10008d5c                __exidx_end = .
                0x10008d5c                . = ALIGN (0x4)
                0x10008d5c                __binary_info_start = .

.binary_info    0x10008d5c       0x24
 *(.binary_info.keep.*)
 .binary_info.keep.__bi_ptr22
                0x10008d5c        0x4 CMakeFiles/hello_usb_plus_led.dir/C_/Users/pico/Downloads/pico-sdk/src/rp2_common/pico_standard_link/binary_info.c.obj
 .binary_info.keep.__bi_ptr30
                0x10008d60        0x4 CMakeFiles/hello_usb_plus_led.dir/C_/Users/pico/Downloads/pico-sdk/src/rp2_common/pico_standard_link/binary_info.c.obj
 .binary_info.keep.__bi_ptr38
                0x10008d64        0x4 CMakeFiles/hello_usb_plus_led.dir/C_/Users/pico/Downloads/pico-sdk/src/rp2_common/pico_standard_link/binary_info.c.obj
 .binary_info.keep.__bi_ptr44
                0x10008d68        0x4 CMakeFiles/hello_usb_plus_led.dir/C_/Users/pico/Downloads/pico-sdk/src/rp2_common/pico_standard_link/binary_info.c.obj
 .binary_info.keep.__bi_ptr50
                0x10008d6c        0x4 CMakeFiles/hello_usb_plus_led.dir/C_/Users/pico/Downloads/pico-sdk/src/rp2_common/pico_standard_link/binary_info.c.obj
 .binary_info.keep.__bi_ptr69
                0x10008d70        0x4 CMakeFiles/hello_usb_plus_led.dir/C_/Users/pico/Downloads/pico-sdk/src/rp2_common/pico_standard_link/binary_info.c.obj
 .binary_info.keep.__bi_ptr75
                0x10008d74        0x4 CMakeFiles/hello_usb_plus_led.dir/C_/Users/pico/Downloads/pico-sdk/src/rp2_common/pico_standard_link/binary_info.c.obj
 .binary_info.keep.__bi_ptr81
                0x10008d78        0x4 CMakeFiles/hello_usb_plus_led.dir/C_/Users/pico/Downloads/pico-sdk/src/rp2_common/pico_standard_link/binary_info.c.obj
 *(.binary_info.*)
 .binary_info.__bi_ptr118
                0x10008d7c        0x4 CMakeFiles/hello_usb_plus_led.dir/C_/Users/pico/Downloads/pico-sdk/src/rp2_common/pico_stdio_usb/stdio_usb.c.obj
                0x10008d80                __binary_info_end = .
                0x10008d80                . = ALIGN (0x4)
                0x10008d80                __etext = .

.ram_vector_table
                0x20000000       0xc0
 *(.ram_vector_table)
 .ram_vector_table
                0x20000000       0xc0 CMakeFiles/hello_usb_plus_led.dir/C_/Users/pico/Downloads/pico-sdk/src/rp2_common/pico_runtime/runtime.c.obj
                0x20000000                ram_vector_table

.data           0x200000c0      0xbf0 load address 0x10008d80
                0x200000c0                __data_start__ = .
 *(vtable)
 *(.time_critical*)
 .time_critical.mutex_enter_blocking
                0x200000c0       0x48 CMakeFiles/hello_usb_plus_led.dir/C_/Users/pico/Downloads/pico-sdk/src/common/pico_sync/mutex.c.obj
                0x200000c0                mutex_enter_blocking
 .time_critical.mutex_try_enter
                0x20000108       0x48 CMakeFiles/hello_usb_plus_led.dir/C_/Users/pico/Downloads/pico-sdk/src/common/pico_sync/mutex.c.obj
                0x20000108                mutex_try_enter
 .time_critical.mutex_enter_timeout_ms
                0x20000150       0xa4 CMakeFiles/hello_usb_plus_led.dir/C_/Users/pico/Downloads/pico-sdk/src/common/pico_sync/mutex.c.obj
                0x20000150                mutex_enter_timeout_ms
 .time_critical.mutex_exit
                0x200001f4       0x28 CMakeFiles/hello_usb_plus_led.dir/C_/Users/pico/Downloads/pico-sdk/src/common/pico_sync/mutex.c.obj
                0x200001f4                mutex_exit
 .time_critical.flash_init_boot2_copyout
                0x2000021c       0x34 CMakeFiles/hello_usb_plus_led.dir/C_/Users/pico/Downloads/pico-sdk/src/rp2_common/hardware_flash/flash.c.obj
 .time_critical.flash_enable_xip_via_boot2
                0x20000250       0x10 CMakeFiles/hello_usb_plus_led.dir/C_/Users/pico/Downloads/pico-sdk/src/rp2_common/hardware_flash/flash.c.obj
 .time_critical.flash_cs_force
                0x20000260       0x38 CMakeFiles/hello_usb_plus_led.dir/C_/Users/pico/Downloads/pico-sdk/src/rp2_common/hardware_flash/flash.c.obj
 .time_critical.flash_do_cmd
                0x20000298       0xac CMakeFiles/hello_usb_plus_led.dir/C_/Users/pico/Downloads/pico-sdk/src/rp2_common/hardware_flash/flash.c.obj
                0x20000298                flash_do_cmd
 *(.text*)
 .text          0x20000344        0x4 c:/progra~2/gnutoo~1/62017-~1/bin/../lib/gcc/arm-none-eabi/6.3.1/thumb/v6-m\libgcc.a(_dvmd_tls.o)
                0x20000344                __aeabi_idiv0
                0x20000344                __aeabi_ldiv0
 .text.__stub   0x20000348       0x30 linker stubs
                0x20000378                . = ALIGN (0x4)
 *(.rodata*)
                0x20000378                . = ALIGN (0x4)
 *(.data*)
 .data.striped_spin_lock_num
                0x20000378        0x1 CMakeFiles/hello_usb_plus_led.dir/C_/Users/pico/Downloads/pico-sdk/src/rp2_common/hardware_sync/sync.c.obj
 *fill*         0x20000379        0x3 
 .data          0x2000037c       0x48 CMakeFiles/hello_usb_plus_led.dir/C_/Users/pico/Downloads/pico-sdk/src/rp2_common/hardware_irq/irq_handler_chain.S.obj
                0x2000037c                irq_handler_chain_slots
                0x200003ac                irq_handler_chain_first_slot
                0x200003b6                irq_handler_chain_remove_tail
 .data.default_alarm_pool
                0x200003c4       0x18 CMakeFiles/hello_usb_plus_led.dir/C_/Users/pico/Downloads/pico-sdk/src/common/pico_time/time.c.obj
 .data.default_alarm_pool_heap
                0x200003dc       0x10 CMakeFiles/hello_usb_plus_led.dir/C_/Users/pico/Downloads/pico-sdk/src/common/pico_time/time.c.obj
 *fill*         0x200003ec        0x4 
 .data.aeabi_bits_funcs
                0x200003f0       0x10 CMakeFiles/hello_usb_plus_led.dir/C_/Users/pico/Downloads/pico-sdk/src/rp2_common/pico_bit_ops/bit_ops_aeabi.S.obj
                0x200003f0                aeabi_bits_funcs
                0x20000400                aeabi_bits_funcs_end
 .data.aeabi_mem_funcs
                0x20000400       0x10 CMakeFiles/hello_usb_plus_led.dir/C_/Users/pico/Downloads/pico-sdk/src/rp2_common/pico_mem_ops/mem_ops_aeabi.S.obj
                0x20000400                aeabi_mem_funcs
                0x20000410                aeabi_mem_funcs_end
 .data.stdio_usb
                0x20000410       0x14 CMakeFiles/hello_usb_plus_led.dir/C_/Users/pico/Downloads/pico-sdk/src/rp2_common/pico_stdio_usb/stdio_usb.c.obj
                0x20000410                stdio_usb
 .data.ep_dir_string
                0x20000424        0x8 CMakeFiles/hello_usb_plus_led.dir/C_/Users/pico/Downloads/pico-sdk/lib/tinyusb/src/portable/raspberrypi/rp2040/rp2040_usb.c.obj
                0x20000424                ep_dir_string
 .data._usbd_qdef
                0x2000042c       0x24 CMakeFiles/hello_usb_plus_led.dir/C_/Users/pico/Downloads/pico-sdk/lib/tinyusb/src/device/usbd.c.obj
                0x2000042c                _usbd_qdef
 .data._impure_ptr
                0x20000450        0x4 c:/progra~2/gnutoo~1/62017-~1/bin/../lib/gcc/arm-none-eabi/6.3.1/../../../../arm-none-eabi/lib/thumb/v6-m\libc.a(lib_a-impure.o)
                0x20000450                _impure_ptr
 *fill*         0x20000454        0x4 
 .data.impure_data
                0x20000458      0x428 c:/progra~2/gnutoo~1/62017-~1/bin/../lib/gcc/arm-none-eabi/6.3.1/../../../../arm-none-eabi/lib/thumb/v6-m\libc.a(lib_a-impure.o)
 .data.__malloc_av_
                0x20000880      0x408 c:/progra~2/gnutoo~1/62017-~1/bin/../lib/gcc/arm-none-eabi/6.3.1/../../../../arm-none-eabi/lib/thumb/v6-m\libc.a(lib_a-mallocr.o)
                0x20000880                __malloc_av_
 .data.__malloc_sbrk_base
                0x20000c88        0x4 c:/progra~2/gnutoo~1/62017-~1/bin/../lib/gcc/arm-none-eabi/6.3.1/../../../../arm-none-eabi/lib/thumb/v6-m\libc.a(lib_a-mallocr.o)
                0x20000c88                __malloc_sbrk_base
 .data.__malloc_trim_threshold
                0x20000c8c        0x4 c:/progra~2/gnutoo~1/62017-~1/bin/../lib/gcc/arm-none-eabi/6.3.1/../../../../arm-none-eabi/lib/thumb/v6-m\libc.a(lib_a-mallocr.o)
                0x20000c8c                __malloc_trim_threshold
                0x20000c90                . = ALIGN (0x4)
 *(.after_data.*)
                0x20000c90                . = ALIGN (0x4)
                0x20000c90                PROVIDE (__mutex_array_start, .)
 *(SORT(.mutex_array.*))
 *(.mutex_array)
 .mutex_array   0x20000c90        0x8 CMakeFiles/hello_usb_plus_led.dir/C_/Users/pico/Downloads/pico-sdk/src/rp2_common/pico_stdio/stdio.c.obj
                0x20000c98                PROVIDE (__mutex_array_end, .)
                0x20000c98                . = ALIGN (0x4)
                0x20000c98                PROVIDE (__preinit_array_start, .)
 *(SORT(.preinit_array.*))
 .preinit_array.00001
                0x20000c98        0x4 CMakeFiles/hello_usb_plus_led.dir/C_/Users/pico/Downloads/pico-sdk/src/rp2_common/pico_mem_ops/mem_ops_aeabi.S.obj
 .preinit_array.00010
                0x20000c9c        0x4 CMakeFiles/hello_usb_plus_led.dir/C_/Users/pico/Downloads/pico-sdk/src/rp2_common/pico_bit_ops/bit_ops_aeabi.S.obj
 .preinit_array.00020
                0x20000ca0        0x4 CMakeFiles/hello_usb_plus_led.dir/C_/Users/pico/Downloads/pico-sdk/src/rp2_common/pico_double/double_aeabi.S.obj
 .preinit_array.00020
                0x20000ca4        0x4 CMakeFiles/hello_usb_plus_led.dir/C_/Users/pico/Downloads/pico-sdk/src/rp2_common/pico_float/float_aeabi.S.obj
 *(.preinit_array)
                0x20000ca8                PROVIDE (__preinit_array_end, .)
                0x20000ca8                . = ALIGN (0x4)
                0x20000ca8                PROVIDE (__init_array_start, .)
 *(SORT(.init_array.*))
 *(.init_array)
 .init_array    0x20000ca8        0x4 c:/progra~2/gnutoo~1/62017-~1/bin/../lib/gcc/arm-none-eabi/6.3.1/thumb/v6-m/crtbegin.o
 .init_array    0x20000cac        0x4 CMakeFiles/hello_usb_plus_led.dir/C_/Users/pico/Downloads/pico-sdk/src/rp2_common/pico_unique_id/unique_id.c.obj
                0x20000cb0                PROVIDE (__init_array_end, .)
                0x20000cb0                . = ALIGN (0x4)
                [!provide]                PROVIDE (__fini_array_start, .)
 *(SORT(.fini_array.*))
 *(.fini_array)
                [!provide]                PROVIDE (__fini_array_end, .)
 *(.jcr)
 .jcr           0x20000cb0        0x0 c:/progra~2/gnutoo~1/62017-~1/bin/../lib/gcc/arm-none-eabi/6.3.1/thumb/v6-m/crtbegin.o
                0x20000cb0                . = ALIGN (0x4)
                0x20000cb0                __data_end__ = .

.igot.plt       0x20000cb0        0x0 load address 0x10009970
 .igot.plt      0x20000cb0        0x0 c:/progra~2/gnutoo~1/62017-~1/bin/../lib/gcc/arm-none-eabi/6.3.1/thumb/v6-m/crtbegin.o

.uninitialized_data
                0x20000cb0        0x0 load address 0x10009970
                0x20000cb0                . = ALIGN (0x4)
 *(.uninitialized_data*)

.scratch_x      0x20040000        0x0 load address 0x10009970
                0x20040000                __scratch_x_start__ = .
 *(.scratch_x.*)
                0x20040000                . = ALIGN (0x4)
                0x20040000                __scratch_x_end__ = .
                0x10009970                __scratch_x_source__ = LOADADDR (.scratch_x)

.scratch_y      0x20041000        0x0 load address 0x10009970
                0x20041000                __scratch_y_start__ = .
 *(.scratch_y.*)
                0x20041000                . = ALIGN (0x4)
                0x20041000                __scratch_y_end__ = .
                0x10009970                __scratch_y_source__ = LOADADDR (.scratch_y)

.bss            0x20000cb0      0xdf0
                0x20000cb0                . = ALIGN (0x4)
                0x20000cb0                __bss_start__ = .
 *(SORT(.bss*))
 .bss.default_alarm_pool_entries
                0x20000cb0      0x100 CMakeFiles/hello_usb_plus_led.dir/C_/Users/pico/Downloads/pico-sdk/src/common/pico_time/time.c.obj
 .bss.last_avail_time.7107
                0x20000db0        0x8 CMakeFiles/hello_usb_plus_led.dir/C_/Users/pico/Downloads/pico-sdk/src/rp2_common/pico_stdio_usb/stdio_usb.c.obj
 .bss           0x20000db8       0x1c c:/progra~2/gnutoo~1/62017-~1/bin/../lib/gcc/arm-none-eabi/6.3.1/thumb/v6-m/crtbegin.o
 .bss.__malloc_current_mallinfo
                0x20000dd4       0x28 c:/progra~2/gnutoo~1/62017-~1/bin/../lib/gcc/arm-none-eabi/6.3.1/../../../../arm-none-eabi/lib/thumb/v6-m\libc.a(lib_a-mallocr.o)
                0x20000dd4                __malloc_current_mallinfo
 .bss.__malloc_max_sbrked_mem
                0x20000dfc        0x4 c:/progra~2/gnutoo~1/62017-~1/bin/../lib/gcc/arm-none-eabi/6.3.1/../../../../arm-none-eabi/lib/thumb/v6-m\libc.a(lib_a-mallocr.o)
                0x20000dfc                __malloc_max_sbrked_mem
 .bss.__malloc_max_total_mem
                0x20000e00        0x4 c:/progra~2/gnutoo~1/62017-~1/bin/../lib/gcc/arm-none-eabi/6.3.1/../../../../arm-none-eabi/lib/thumb/v6-m\libc.a(lib_a-mallocr.o)
                0x20000e00                __malloc_max_total_mem
 .bss.__malloc_top_pad
                0x20000e04        0x4 c:/progra~2/gnutoo~1/62017-~1/bin/../lib/gcc/arm-none-eabi/6.3.1/../../../../arm-none-eabi/lib/thumb/v6-m\libc.a(lib_a-mallocr.o)
                0x20000e04                __malloc_top_pad
 .bss._app_driver
                0x20000e08        0x4 CMakeFiles/hello_usb_plus_led.dir/C_/Users/pico/Downloads/pico-sdk/lib/tinyusb/src/device/usbd.c.obj
 .bss._cdcd_itf
                0x20000e0c      0x2d8 CMakeFiles/hello_usb_plus_led.dir/C_/Users/pico/Downloads/pico-sdk/lib/tinyusb/src/class/cdc/cdc_device.c.obj
 .bss._ctrl_xfer
                0x200010e4       0x14 CMakeFiles/hello_usb_plus_led.dir/C_/Users/pico/Downloads/pico-sdk/lib/tinyusb/src/device/usbd_control.c.obj
 .bss._ubsd_mutexdef
                0x200010f8        0x8 CMakeFiles/hello_usb_plus_led.dir/C_/Users/pico/Downloads/pico-sdk/lib/tinyusb/src/device/usbd.c.obj
 .bss._usbd_ctrl_buf
                0x20001100       0x40 CMakeFiles/hello_usb_plus_led.dir/C_/Users/pico/Downloads/pico-sdk/lib/tinyusb/src/device/usbd_control.c.obj
 .bss._usbd_dev
                0x20001140       0x53 CMakeFiles/hello_usb_plus_led.dir/C_/Users/pico/Downloads/pico-sdk/lib/tinyusb/src/device/usbd.c.obj
 *fill*         0x20001193        0x1 
 .bss._usbd_mutex
                0x20001194        0x4 CMakeFiles/hello_usb_plus_led.dir/C_/Users/pico/Downloads/pico-sdk/lib/tinyusb/src/device/usbd.c.obj
 .bss._usbd_q   0x20001198        0x4 CMakeFiles/hello_usb_plus_led.dir/C_/Users/pico/Downloads/pico-sdk/lib/tinyusb/src/device/usbd.c.obj
 .bss._used_instruction_space
                0x2000119c        0x8 CMakeFiles/hello_usb_plus_led.dir/C_/Users/pico/Downloads/pico-sdk/src/rp2_common/hardware_pio/pio.c.obj
 .bss.alarm_callbacks
                0x200011a4       0x10 CMakeFiles/hello_usb_plus_led.dir/C_/Users/pico/Downloads/pico-sdk/src/rp2_common/hardware_timer/timer.c.obj
 .bss.boot2_copyout
                0x200011b4      0x100 CMakeFiles/hello_usb_plus_led.dir/C_/Users/pico/Downloads/pico-sdk/src/rp2_common/hardware_flash/flash.c.obj
 .bss.claimed   0x200012b4        0x4 CMakeFiles/hello_usb_plus_led.dir/C_/Users/pico/Downloads/pico-sdk/src/rp2_common/hardware_sync/sync.c.obj
 .bss.configured_freq
                0x200012b8       0x28 CMakeFiles/hello_usb_plus_led.dir/C_/Users/pico/Downloads/pico-sdk/src/rp2_common/hardware_clocks/clocks.c.obj
 .bss.default_alarm_pool_entry_ids_high
                0x200012e0       0x10 CMakeFiles/hello_usb_plus_led.dir/C_/Users/pico/Downloads/pico-sdk/src/common/pico_time/time.c.obj
 .bss.default_alarm_pool_heap_nodes
                0x200012f0       0x30 CMakeFiles/hello_usb_plus_led.dir/C_/Users/pico/Downloads/pico-sdk/src/common/pico_time/time.c.obj
 .bss.desc_str.6992
                0x20001320       0x28 CMakeFiles/hello_usb_plus_led.dir/C_/Users/pico/Downloads/pico-sdk/src/rp2_common/pico_stdio_usb/stdio_usb_descriptors.c.obj
 .bss.drivers   0x20001348        0x4 CMakeFiles/hello_usb_plus_led.dir/C_/Users/pico/Downloads/pico-sdk/src/rp2_common/pico_stdio/stdio.c.obj
 .bss.filter    0x2000134c        0x4 CMakeFiles/hello_usb_plus_led.dir/C_/Users/pico/Downloads/pico-sdk/src/rp2_common/pico_stdio/stdio.c.obj
 .bss.heap_end.5809
                0x20001350        0x4 CMakeFiles/hello_usb_plus_led.dir/C_/Users/pico/Downloads/pico-sdk/src/rp2_common/pico_runtime/runtime.c.obj
 .bss.hw_endpoints
                0x20001354      0x400 CMakeFiles/hello_usb_plus_led.dir/C_/Users/pico/Downloads/pico-sdk/lib/tinyusb/src/portable/raspberrypi/rp2040/dcd_rp2040.c.obj
 .bss.lazy_vsnprintf
                0x20001754        0x4 CMakeFiles/hello_usb_plus_led.dir/C_/Users/pico/Downloads/pico-sdk/src/rp2_common/pico_printf/printf.c.obj
 .bss.load_value
                0x20001758        0x4 CMakeFiles/hello_usb_plus_led.dir/C_/Users/pico/Downloads/pico-sdk/src/rp2_common/hardware_watchdog/watchdog.c.obj
 .bss.next_buffer_ptr
                0x2000175c        0x4 CMakeFiles/hello_usb_plus_led.dir/C_/Users/pico/Downloads/pico-sdk/lib/tinyusb/src/portable/raspberrypi/rp2040/dcd_rp2040.c.obj
 .bss.pools     0x20001760       0x10 CMakeFiles/hello_usb_plus_led.dir/C_/Users/pico/Downloads/pico-sdk/src/common/pico_time/time.c.obj
 .bss.retrieved_id
                0x20001770        0x8 CMakeFiles/hello_usb_plus_led.dir/C_/Users/pico/Downloads/pico-sdk/src/rp2_common/pico_unique_id/unique_id.c.obj
 .bss.sf_clz_func
                0x20001778        0x4 CMakeFiles/hello_usb_plus_led.dir/C_/Users/pico/Downloads/pico-sdk/src/rp2_common/pico_double/double_init_rom.c.obj
                0x20001778                sf_clz_func
 .bss.sleep_notifier
                0x2000177c        0x4 CMakeFiles/hello_usb_plus_led.dir/C_/Users/pico/Downloads/pico-sdk/src/common/pico_time/time.c.obj
 .bss.stdio_usb_mutex
                0x20001780        0x8 CMakeFiles/hello_usb_plus_led.dir/C_/Users/pico/Downloads/pico-sdk/src/rp2_common/pico_stdio_usb/stdio_usb.c.obj
 .bss.target_hi
                0x20001788       0x10 CMakeFiles/hello_usb_plus_led.dir/C_/Users/pico/Downloads/pico-sdk/src/rp2_common/hardware_timer/timer.c.obj
 .bss.usbd_serial_str
                0x20001798       0x11 CMakeFiles/hello_usb_plus_led.dir/C_/Users/pico/Downloads/pico-sdk/src/rp2_common/pico_stdio_usb/stdio_usb_descriptors.c.obj
 *fill*         0x200017a9        0x3 
 .bss.user_irq_claimed
                0x200017ac        0x2 CMakeFiles/hello_usb_plus_led.dir/C_/Users/pico/Downloads/pico-sdk/src/rp2_common/hardware_irq/irq.c.obj
 .bss._app_driver_count
                0x200017ae        0x1 CMakeFiles/hello_usb_plus_led.dir/C_/Users/pico/Downloads/pico-sdk/lib/tinyusb/src/device/usbd.c.obj
 .bss._usbd_initialized
                0x200017af        0x1 CMakeFiles/hello_usb_plus_led.dir/C_/Users/pico/Downloads/pico-sdk/lib/tinyusb/src/device/usbd.c.obj
 .bss.boot2_copyout_valid
                0x200017b0        0x1 CMakeFiles/hello_usb_plus_led.dir/C_/Users/pico/Downloads/pico-sdk/src/rp2_common/hardware_flash/flash.c.obj
 .bss.claimed   0x200017b1        0x1 CMakeFiles/hello_usb_plus_led.dir/C_/Users/pico/Downloads/pico-sdk/src/rp2_common/hardware_timer/timer.c.obj
 .bss.irq_hander_chain_free_slot_head
                0x200017b2        0x1 CMakeFiles/hello_usb_plus_led.dir/C_/Users/pico/Downloads/pico-sdk/src/rp2_common/hardware_irq/irq.c.obj
 .bss.itf_num   0x200017b3        0x1 CMakeFiles/hello_usb_plus_led.dir/C_/Users/pico/Downloads/pico-sdk/src/rp2_common/pico_stdio_usb/reset_interface.c.obj
 .bss.low_priority_irq_num
                0x200017b4        0x1 CMakeFiles/hello_usb_plus_led.dir/C_/Users/pico/Downloads/pico-sdk/src/rp2_common/pico_stdio_usb/stdio_usb.c.obj
 .bss.timer_callbacks_pending
                0x200017b5        0x1 CMakeFiles/hello_usb_plus_led.dir/C_/Users/pico/Downloads/pico-sdk/src/rp2_common/hardware_timer/timer.c.obj
 *(COMMON)
 *fill*         0x200017b6        0x2 
 COMMON         0x200017b8      0x100 CMakeFiles/hello_usb_plus_led.dir/C_/Users/pico/Downloads/pico-sdk/src/rp2_common/pico_double/double_init_rom.c.obj
                0x200017b8                sd_table
 COMMON         0x200018b8      0x100 CMakeFiles/hello_usb_plus_led.dir/C_/Users/pico/Downloads/pico-sdk/src/rp2_common/pico_float/float_init_rom.c.obj
                0x200018b8                sf_table
 COMMON         0x200019b8       0xc0 CMakeFiles/hello_usb_plus_led.dir/C_/Users/pico/Downloads/pico-sdk/lib/tinyusb/src/device/usbd.c.obj
                0x200019b8                _usbd_qdef_buf
 COMMON         0x20001a78       0x21 c:/progra~2/gnutoo~1/62017-~1/bin/../lib/gcc/arm-none-eabi/6.3.1/../../../../arm-none-eabi/lib/thumb/v6-m\libc.a(lib_a-lock.o)
                0x20001a78                __lock___atexit_recursive_mutex
                0x20001a7c                __lock___arc4random_mutex
                0x20001a80                __lock___env_recursive_mutex
                0x20001a84                __lock___sinit_recursive_mutex
                0x20001a88                __lock___malloc_recursive_mutex
                0x20001a8c                __lock___at_quick_exit_mutex
                0x20001a90                __lock___dd_hash_mutex
                0x20001a94                __lock___tz_mutex
                0x20001a98                __lock___sfp_recursive_mutex
 *fill*         0x20001a99        0x3 
 COMMON         0x20001a9c        0x4 c:/progra~2/gnutoo~1/62017-~1/bin/../lib/gcc/arm-none-eabi/6.3.1/../../../../arm-none-eabi/lib/thumb/v6-m\libc.a(lib_a-reent.o)
                0x20001a9c                errno
                0x20001aa0                . = ALIGN (0x4)
                0x20001aa0                __bss_end__ = .

.heap           0x20001aa0      0x800
                0x20001aa0                __end__ = .
                0x20001aa0                end = __end__
 *(.heap*)
 .heap          0x20001aa0      0x800 CMakeFiles/hello_usb_plus_led.dir/C_/Users/pico/Downloads/pico-sdk/src/rp2_common/pico_standard_link/crt0.S.obj
                0x200022a0                __HeapLimit = .

.stack1_dummy   0x20040000        0x0
 *(.stack1*)

.stack_dummy    0x20041000      0x800
 *(.stack*)
 .stack         0x20041000      0x800 CMakeFiles/hello_usb_plus_led.dir/C_/Users/pico/Downloads/pico-sdk/src/rp2_common/pico_standard_link/crt0.S.obj

.flash_end      0x10009970        0x0
                0x10009970                __flash_binary_end = .
                0x20040000                __StackLimit = (ORIGIN (RAM) + LENGTH (RAM))
                0x20041000                __StackOneTop = (ORIGIN (SCRATCH_X) + LENGTH (SCRATCH_X))
                0x20042000                __StackTop = (ORIGIN (SCRATCH_Y) + LENGTH (SCRATCH_Y))
                0x20041000                __StackOneBottom = (__StackOneTop - SIZEOF (.stack1_dummy))
                0x20041800                __StackBottom = (__StackTop - SIZEOF (.stack_dummy))
                0x20042000                PROVIDE (__stack, __StackTop)
                0x00000001                ASSERT ((__StackLimit >= __HeapLimit), region RAM overflowed)
                0x00000001                ASSERT (((__binary_info_header_end - __logical_binary_start) <= 0x100), Binary info must be in first 256 bytes of the binary)
LOAD CMakeFiles/hello_usb_plus_led.dir/hello_usb.c.obj
LOAD CMakeFiles/hello_usb_plus_led.dir/ws2812.c.obj
LOAD CMakeFiles/hello_usb_plus_led.dir/C_/Users/pico/Downloads/pico-sdk/src/rp2_common/pico_stdlib/stdlib.c.obj
LOAD CMakeFiles/hello_usb_plus_led.dir/C_/Users/pico/Downloads/pico-sdk/src/rp2_common/hardware_gpio/gpio.c.obj
LOAD CMakeFiles/hello_usb_plus_led.dir/C_/Users/pico/Downloads/pico-sdk/src/rp2_common/hardware_claim/claim.c.obj
LOAD CMakeFiles/hello_usb_plus_led.dir/C_/Users/pico/Downloads/pico-sdk/src/rp2_common/pico_platform/platform.c.obj
LOAD CMakeFiles/hello_usb_plus_led.dir/C_/Users/pico/Downloads/pico-sdk/src/rp2_common/hardware_sync/sync.c.obj
LOAD CMakeFiles/hello_usb_plus_led.dir/C_/Users/pico/Downloads/pico-sdk/src/rp2_common/hardware_irq/irq.c.obj
LOAD CMakeFiles/hello_usb_plus_led.dir/C_/Users/pico/Downloads/pico-sdk/src/rp2_common/hardware_irq/irq_handler_chain.S.obj
LOAD CMakeFiles/hello_usb_plus_led.dir/C_/Users/pico/Downloads/pico-sdk/src/common/pico_sync/sem.c.obj
LOAD CMakeFiles/hello_usb_plus_led.dir/C_/Users/pico/Downloads/pico-sdk/src/common/pico_sync/lock_core.c.obj
LOAD CMakeFiles/hello_usb_plus_led.dir/C_/Users/pico/Downloads/pico-sdk/src/common/pico_time/time.c.obj
LOAD CMakeFiles/hello_usb_plus_led.dir/C_/Users/pico/Downloads/pico-sdk/src/common/pico_time/timeout_helper.c.obj
LOAD CMakeFiles/hello_usb_plus_led.dir/C_/Users/pico/Downloads/pico-sdk/src/rp2_common/hardware_timer/timer.c.obj
LOAD CMakeFiles/hello_usb_plus_led.dir/C_/Users/pico/Downloads/pico-sdk/src/common/pico_util/datetime.c.obj
LOAD CMakeFiles/hello_usb_plus_led.dir/C_/Users/pico/Downloads/pico-sdk/src/common/pico_util/pheap.c.obj
LOAD CMakeFiles/hello_usb_plus_led.dir/C_/Users/pico/Downloads/pico-sdk/src/common/pico_util/queue.c.obj
LOAD CMakeFiles/hello_usb_plus_led.dir/C_/Users/pico/Downloads/pico-sdk/src/common/pico_sync/mutex.c.obj
LOAD CMakeFiles/hello_usb_plus_led.dir/C_/Users/pico/Downloads/pico-sdk/src/common/pico_sync/critical_section.c.obj
LOAD CMakeFiles/hello_usb_plus_led.dir/C_/Users/pico/Downloads/pico-sdk/src/rp2_common/hardware_uart/uart.c.obj
LOAD CMakeFiles/hello_usb_plus_led.dir/C_/Users/pico/Downloads/pico-sdk/src/rp2_common/hardware_divider/divider.S.obj
LOAD CMakeFiles/hello_usb_plus_led.dir/C_/Users/pico/Downloads/pico-sdk/src/rp2_common/pico_runtime/runtime.c.obj
LOAD CMakeFiles/hello_usb_plus_led.dir/C_/Users/pico/Downloads/pico-sdk/src/rp2_common/hardware_clocks/clocks.c.obj
LOAD CMakeFiles/hello_usb_plus_led.dir/C_/Users/pico/Downloads/pico-sdk/src/rp2_common/hardware_pll/pll.c.obj
LOAD CMakeFiles/hello_usb_plus_led.dir/C_/Users/pico/Downloads/pico-sdk/src/rp2_common/hardware_vreg/vreg.c.obj
LOAD CMakeFiles/hello_usb_plus_led.dir/C_/Users/pico/Downloads/pico-sdk/src/rp2_common/hardware_watchdog/watchdog.c.obj
LOAD CMakeFiles/hello_usb_plus_led.dir/C_/Users/pico/Downloads/pico-sdk/src/rp2_common/hardware_xosc/xosc.c.obj
LOAD CMakeFiles/hello_usb_plus_led.dir/C_/Users/pico/Downloads/pico-sdk/src/rp2_common/pico_printf/printf.c.obj
LOAD CMakeFiles/hello_usb_plus_led.dir/C_/Users/pico/Downloads/pico-sdk/src/rp2_common/pico_bit_ops/bit_ops_aeabi.S.obj
LOAD CMakeFiles/hello_usb_plus_led.dir/C_/Users/pico/Downloads/pico-sdk/src/rp2_common/pico_bootrom/bootrom.c.obj
LOAD CMakeFiles/hello_usb_plus_led.dir/C_/Users/pico/Downloads/pico-sdk/src/rp2_common/pico_divider/divider.S.obj
LOAD CMakeFiles/hello_usb_plus_led.dir/C_/Users/pico/Downloads/pico-sdk/src/rp2_common/pico_double/double_aeabi.S.obj
LOAD CMakeFiles/hello_usb_plus_led.dir/C_/Users/pico/Downloads/pico-sdk/src/rp2_common/pico_double/double_init_rom.c.obj
LOAD CMakeFiles/hello_usb_plus_led.dir/C_/Users/pico/Downloads/pico-sdk/src/rp2_common/pico_double/double_math.c.obj
LOAD CMakeFiles/hello_usb_plus_led.dir/C_/Users/pico/Downloads/pico-sdk/src/rp2_common/pico_double/double_v1_rom_shim.S.obj
LOAD CMakeFiles/hello_usb_plus_led.dir/C_/Users/pico/Downloads/pico-sdk/src/rp2_common/pico_int64_ops/pico_int64_ops_aeabi.S.obj
LOAD CMakeFiles/hello_usb_plus_led.dir/C_/Users/pico/Downloads/pico-sdk/src/rp2_common/pico_float/float_aeabi.S.obj
LOAD CMakeFiles/hello_usb_plus_led.dir/C_/Users/pico/Downloads/pico-sdk/src/rp2_common/pico_float/float_init_rom.c.obj
LOAD CMakeFiles/hello_usb_plus_led.dir/C_/Users/pico/Downloads/pico-sdk/src/rp2_common/pico_float/float_math.c.obj
LOAD CMakeFiles/hello_usb_plus_led.dir/C_/Users/pico/Downloads/pico-sdk/src/rp2_common/pico_float/float_v1_rom_shim.S.obj
LOAD CMakeFiles/hello_usb_plus_led.dir/C_/Users/pico/Downloads/pico-sdk/src/rp2_common/pico_malloc/pico_malloc.c.obj
LOAD CMakeFiles/hello_usb_plus_led.dir/C_/Users/pico/Downloads/pico-sdk/src/rp2_common/pico_mem_ops/mem_ops_aeabi.S.obj
LOAD CMakeFiles/hello_usb_plus_led.dir/C_/Users/pico/Downloads/pico-sdk/src/rp2_common/pico_standard_link/crt0.S.obj
LOAD CMakeFiles/hello_usb_plus_led.dir/C_/Users/pico/Downloads/pico-sdk/src/rp2_common/pico_standard_link/new_delete.cpp.obj