Archive member included to satisfy reference by file (symbol)

c:/progra~2/gnutoo~1/62017-~1/bin/../lib/gcc/arm-none-eabi/6.3.1/thumb/v6-m\libgcc.a(_dvmd_tls.o)
                              CMakeFiles/pio_ws2812_parallel.dir/C_/Users/pico/Downloads/pico-sdk/src/rp2_common/pico_divider/divider.S.obj (__aeabi_idiv0)
c:/progra~2/gnutoo~1/62017-~1/bin/../lib/gcc/arm-none-eabi/6.3.1/../../../../arm-none-eabi/lib/thumb/v6-m\libc.a(lib_a-calloc.o)
                              CMakeFiles/pio_ws2812_parallel.dir/C_/Users/pico/Downloads/pico-sdk/src/rp2_common/pico_malloc/pico_malloc.c.obj (calloc)
c:/progra~2/gnutoo~1/62017-~1/bin/../lib/gcc/arm-none-eabi/6.3.1/../../../../arm-none-eabi/lib/thumb/v6-m\libc.a(lib_a-callocr.o)
                              c:/progra~2/gnutoo~1/62017-~1/bin/../lib/gcc/arm-none-eabi/6.3.1/../../../../arm-none-eabi/lib/thumb/v6-m\libc.a(lib_a-calloc.o) (_calloc_r)
c:/progra~2/gnutoo~1/62017-~1/bin/../lib/gcc/arm-none-eabi/6.3.1/../../../../arm-none-eabi/lib/thumb/v6-m\libc.a(lib_a-impure.o)
                              CMakeFiles/pio_ws2812_parallel.dir/C_/Users/pico/Downloads/pico-sdk/src/common/pico_util/pheap.c.obj (_impure_ptr)
c:/progra~2/gnutoo~1/62017-~1/bin/../lib/gcc/arm-none-eabi/6.3.1/../../../../arm-none-eabi/lib/thumb/v6-m\libc.a(lib_a-init.o)
                              c:/progra~2/gnutoo~1/62017-~1/bin/../lib/gcc/arm-none-eabi/6.3.1/../../../../arm-none-eabi/lib/thumb/v6-m/crt0.o (__libc_init_array)
c:/progra~2/gnutoo~1/62017-~1/bin/../lib/gcc/arm-none-eabi/6.3.1/../../../../arm-none-eabi/lib/thumb/v6-m\libc.a(lib_a-malloc.o)
                              CMakeFiles/pio_ws2812_parallel.dir/C_/Users/pico/Downloads/pico-sdk/src/rp2_common/pico_malloc/pico_malloc.c.obj (malloc)
c:/progra~2/gnutoo~1/62017-~1/bin/../lib/gcc/arm-none-eabi/6.3.1/../../../../arm-none-eabi/lib/thumb/v6-m\libc.a(lib_a-mallocr.o)
                              c:/progra~2/gnutoo~1/62017-~1/bin/../lib/gcc/arm-none-eabi/6.3.1/../../../../arm-none-eabi/lib/thumb/v6-m\libc.a(lib_a-callocr.o) (_malloc_r)
c:/progra~2/gnutoo~1/62017-~1/bin/../lib/gcc/arm-none-eabi/6.3.1/../../../../arm-none-eabi/lib/thumb/v6-m\libc.a(lib_a-mlock.o)
                              c:/progra~2/gnutoo~1/62017-~1/bin/../lib/gcc/arm-none-eabi/6.3.1/../../../../arm-none-eabi/lib/thumb/v6-m\libc.a(lib_a-mallocr.o) (__malloc_lock)
c:/progra~2/gnutoo~1/62017-~1/bin/../lib/gcc/arm-none-eabi/6.3.1/../../../../arm-none-eabi/lib/thumb/v6-m\libc.a(lib_a-rand.o)
                              CMakeFiles/pio_ws2812_parallel.dir/ws2812_parallel.c.obj (rand)
c:/progra~2/gnutoo~1/62017-~1/bin/../lib/gcc/arm-none-eabi/6.3.1/../../../../arm-none-eabi/lib/thumb/v6-m\libc.a(lib_a-realloc.o)
                              CMakeFiles/pio_ws2812_parallel.dir/C_/Users/pico/Downloads/pico-sdk/src/rp2_common/pico_malloc/pico_malloc.c.obj (realloc)
c:/progra~2/gnutoo~1/62017-~1/bin/../lib/gcc/arm-none-eabi/6.3.1/../../../../arm-none-eabi/lib/thumb/v6-m\libc.a(lib_a-reallocr.o)
                              c:/progra~2/gnutoo~1/62017-~1/bin/../lib/gcc/arm-none-eabi/6.3.1/../../../../arm-none-eabi/lib/thumb/v6-m\libc.a(lib_a-realloc.o) (_realloc_r)
c:/progra~2/gnutoo~1/62017-~1/bin/../lib/gcc/arm-none-eabi/6.3.1/../../../../arm-none-eabi/lib/thumb/v6-m\libc.a(lib_a-sbrkr.o)
                              c:/progra~2/gnutoo~1/62017-~1/bin/../lib/gcc/arm-none-eabi/6.3.1/../../../../arm-none-eabi/lib/thumb/v6-m\libc.a(lib_a-mallocr.o) (_sbrk_r)
c:/progra~2/gnutoo~1/62017-~1/bin/../lib/gcc/arm-none-eabi/6.3.1/../../../../arm-none-eabi/lib/thumb/v6-m\libc.a(lib_a-strlen-stub.o)
                              CMakeFiles/pio_ws2812_parallel.dir/C_/Users/pico/Downloads/pico-sdk/src/rp2_common/pico_stdio/stdio.c.obj (strlen)
c:/progra~2/gnutoo~1/62017-~1/bin/../lib/gcc/arm-none-eabi/6.3.1/../../../../arm-none-eabi/lib/thumb/v6-m\libc.a(lib_a-wbuf.o)
                              CMakeFiles/pio_ws2812_parallel.dir/C_/Users/pico/Downloads/pico-sdk/src/common/pico_util/pheap.c.obj (__swbuf_r)
c:/progra~2/gnutoo~1/62017-~1/bin/../lib/gcc/arm-none-eabi/6.3.1/../../../../arm-none-eabi/lib/thumb/v6-m\libc.a(lib_a-wsetup.o)
                              c:/progra~2/gnutoo~1/62017-~1/bin/../lib/gcc/arm-none-eabi/6.3.1/../../../../arm-none-eabi/lib/thumb/v6-m\libc.a(lib_a-wbuf.o) (__swsetup_r)
c:/progra~2/gnutoo~1/62017-~1/bin/../lib/gcc/arm-none-eabi/6.3.1/../../../../arm-none-eabi/lib/thumb/v6-m\libc.a(lib_a-fflush.o)
                              c:/progra~2/gnutoo~1/62017-~1/bin/../lib/gcc/arm-none-eabi/6.3.1/../../../../arm-none-eabi/lib/thumb/v6-m\libc.a(lib_a-wbuf.o) (_fflush_r)
c:/progra~2/gnutoo~1/62017-~1/bin/../lib/gcc/arm-none-eabi/6.3.1/../../../../arm-none-eabi/lib/thumb/v6-m\libc.a(lib_a-findfp.o)
                              c:/progra~2/gnutoo~1/62017-~1/bin/../lib/gcc/arm-none-eabi/6.3.1/../../../../arm-none-eabi/lib/thumb/v6-m\libc.a(lib_a-wbuf.o) (__sinit)
[...]
Memory Configuration

Name             Origin             Length             Attributes
FLASH            0x10000000         0x00200000         xr
RAM              0x20000000         0x00040000         xrw
SCRATCH_X        0x20040000         0x00001000         xrw
SCRATCH_Y        0x20041000         0x00001000         xrw
*default*        0x00000000         0xffffffff

Linker script and memory map

LOAD c:/progra~2/gnutoo~1/62017-~1/bin/../lib/gcc/arm-none-eabi/6.3.1/thumb/v6-m/crti.o
LOAD c:/progra~2/gnutoo~1/62017-~1/bin/../lib/gcc/arm-none-eabi/6.3.1/thumb/v6-m/crtbegin.o
LOAD c:/progra~2/gnutoo~1/62017-~1/bin/../lib/gcc/arm-none-eabi/6.3.1/../../../../arm-none-eabi/lib/thumb/v6-m/crt0.o

.flash_begin    0x10000000        0x0
                0x10000000                __flash_binary_start = .

.boot2          0x10000000      0x100
                0x10000000                __boot2_start__ = .
 *(.boot2)
 .boot2         0x10000000      0x100 C:\Users\24664\AppData\Local\Temp\ccAgLwME.o
                0x10000100                __boot2_end__ = .
                0x00000001                ASSERT (((__boot2_end__ - __boot2_start__) == 0x100), ERROR: Pico second stage bootloader must be 256 bytes in size)

.text           0x10000100     0x3d78
                0x10000100                __logical_binary_start = .
 *(.vectors)
 .vectors       0x10000100       0xd4 CMakeFiles/pio_ws2812_parallel.dir/C_/Users/pico/Downloads/pico-sdk/src/rp2_common/pico_standard_link/crt0.S.obj
                0x10000100                __VECTOR_TABLE
                0x10000100                __vectors
                0x100001c0                isr_invalid
                0x100001c0                __default_isrs_start
                0x100001c2                isr_nmi
                0x100001c4                isr_hardfault
                0x100001c6                isr_svcall
                0x100001c8                isr_pendsv
                0x100001ca                isr_systick
                0x100001cc                isr_irq23
                0x100001cc                isr_irq18
                0x100001cc                isr_irq11
                0x100001cc                isr_irq28
                0x100001cc                isr_irq19
                0x100001cc                isr_irq0
                0x100001cc                isr_irq6
                0x100001cc                isr_irq5
                0x100001cc                isr_irq12
                0x100001cc                isr_irq22
                0x100001cc                isr_irq31
                0x100001cc                isr_irq17
                0x100001cc                isr_irq27
                0x100001cc                isr_irq30
                0x100001cc                isr_irq2
                0x100001cc                isr_irq10
                0x100001cc                isr_irq8
                0x100001cc                isr_irq24
                0x100001cc                isr_irq1
                0x100001cc                isr_irq7
                0x100001cc                isr_irq21
                0x100001cc                isr_irq20
                0x100001cc                isr_irq15
                0x100001cc                isr_irq25
                0x100001cc                isr_irq13
                0x100001cc                __unhandled_user_irq
                0x100001cc                isr_irq4
                0x100001cc                isr_irq16
                0x100001cc                isr_irq29
                0x100001cc                isr_irq26
                0x100001cc                __default_isrs_end
                0x100001cc                isr_irq3
                0x100001cc                isr_irq14
                0x100001cc                isr_irq9
                0x100001d2                unhandled_user_irq_num_in_r0
 *(.binary_info_header)
 .binary_info_header
                0x100001d4       0x14 CMakeFiles/pio_ws2812_parallel.dir/C_/Users/pico/Downloads/pico-sdk/src/rp2_common/pico_standard_link/crt0.S.obj
                0x100001e8                __binary_info_header_end = .
 *(.reset)
 .reset         0x100001e8       0xa8 CMakeFiles/pio_ws2812_parallel.dir/C_/Users/pico/Downloads/pico-sdk/src/rp2_common/pico_standard_link/crt0.S.obj
                0x100001e8                _entry_point
                0x10000266                __get_current_exception
 .reset         0x10000290       0x30 CMakeFiles/pio_ws2812_parallel.dir/C_/Users/pico/Downloads/pico-sdk/src/rp2_common/pico_standard_link/binary_info.c.obj
 *(.init)
 .init          0x100002c0        0x4 c:/progra~2/gnutoo~1/62017-~1/bin/../lib/gcc/arm-none-eabi/6.3.1/thumb/v6-m/crti.o
                0x100002c0                _init
 *(EXCLUDE_FILE(*libm.a: *libc.a:*lib_a-mem*.o *libgcc.a:) .text*)
 .text          0x100002c4       0x60 c:/progra~2/gnutoo~1/62017-~1/bin/../lib/gcc/arm-none-eabi/6.3.1/thumb/v6-m/crtbegin.o
 .text.pattern_snakes
                0x10000324      0x100 CMakeFiles/pio_ws2812_parallel.dir/ws2812_parallel.c.obj
                0x10000324                pattern_snakes
 .text.pattern_greys
                0x10000424       0x98 CMakeFiles/pio_ws2812_parallel.dir/ws2812_parallel.c.obj
                0x10000424                pattern_greys
 .text.reset_delay_complete
                0x100004bc       0x1c CMakeFiles/pio_ws2812_parallel.dir/ws2812_parallel.c.obj
                0x100004bc                reset_delay_complete
 .text.pattern_random
                0x100004d8       0x50 CMakeFiles/pio_ws2812_parallel.dir/ws2812_parallel.c.obj
                0x100004d8                pattern_random
 .text.pattern_sparkle
                0x10000528       0x64 CMakeFiles/pio_ws2812_parallel.dir/ws2812_parallel.c.obj
                0x10000528                pattern_sparkle
 .text.dma_complete_handler
                0x1000058c       0x74 CMakeFiles/pio_ws2812_parallel.dir/ws2812_parallel.c.obj
                0x1000058c                dma_complete_handler
 .text.dma_init
                0x10000600       0x78 CMakeFiles/pio_ws2812_parallel.dir/ws2812_parallel.c.obj
                0x10000600                dma_init
 .text.startup.main
                0x10000678      0x558 CMakeFiles/pio_ws2812_parallel.dir/ws2812_parallel.c.obj
                0x10000678                main
 .text.gpio_set_function
                0x10000bd0       0x30 CMakeFiles/pio_ws2812_parallel.dir/C_/Users/pico/Downloads/pico-sdk/src/rp2_common/hardware_gpio/gpio.c.obj
                0x10000bd0                gpio_set_function
 .text.hw_claim_lock
                0x10000c00       0x18 CMakeFiles/pio_ws2812_parallel.dir/C_/Users/pico/Downloads/pico-sdk/src/rp2_common/hardware_claim/claim.c.obj
                0x10000c00                hw_claim_lock
 .text.hw_claim_unlock
                0x10000c18       0x14 CMakeFiles/pio_ws2812_parallel.dir/C_/Users/pico/Downloads/pico-sdk/src/rp2_common/hardware_claim/claim.c.obj
                0x10000c18                hw_claim_unlock
 .text.hw_claim_or_assert
                0x10000c2c       0x44 CMakeFiles/pio_ws2812_parallel.dir/C_/Users/pico/Downloads/pico-sdk/src/rp2_common/hardware_claim/claim.c.obj
                0x10000c2c                hw_claim_or_assert
 .text.running_on_fpga
                0x10000c70       0x10 CMakeFiles/pio_ws2812_parallel.dir/C_/Users/pico/Downloads/pico-sdk/src/rp2_common/pico_platform/platform.c.obj
                0x10000c70                running_on_fpga
 .text.spin_locks_reset
                0x10000c80       0x1c CMakeFiles/pio_ws2812_parallel.dir/C_/Users/pico/Downloads/pico-sdk/src/rp2_common/hardware_sync/sync.c.obj
                0x10000c80                spin_locks_reset
 .text.next_striped_spin_lock_num
                0x10000c9c       0x18 CMakeFiles/pio_ws2812_parallel.dir/C_/Users/pico/Downloads/pico-sdk/src/rp2_common/hardware_sync/sync.c.obj
                0x10000c9c                next_striped_spin_lock_num
 .text.irq_set_enabled
                0x10000cb4       0x24 CMakeFiles/pio_ws2812_parallel.dir/C_/Users/pico/Downloads/pico-sdk/src/rp2_common/hardware_irq/irq.c.obj
                0x10000cb4                irq_set_enabled
 .text.irq_get_vtable_handler
                0x10000cd8       0x10 CMakeFiles/pio_ws2812_parallel.dir/C_/Users/pico/Downloads/pico-sdk/src/rp2_common/hardware_irq/irq.c.obj
                0x10000cd8                irq_get_vtable_handler
 .text.irq_set_exclusive_handler
                0x10000ce8       0x54 CMakeFiles/pio_ws2812_parallel.dir/C_/Users/pico/Downloads/pico-sdk/src/rp2_common/hardware_irq/irq.c.obj
                0x10000ce8                irq_set_exclusive_handler
 .text.irq_remove_handler
                0x10000d3c      0x1b8 CMakeFiles/pio_ws2812_parallel.dir/C_/Users/pico/Downloads/pico-sdk/src/rp2_common/hardware_irq/irq.c.obj
                0x10000d3c                irq_remove_handler
 .text.irq_add_tail_to_free_list
                0x10000ef4       0xb4 CMakeFiles/pio_ws2812_parallel.dir/C_/Users/pico/Downloads/pico-sdk/src/rp2_common/hardware_irq/irq.c.obj
                0x10000ef4                irq_add_tail_to_free_list
 .text.irq_init_priorities
                0x10000fa8       0x48 CMakeFiles/pio_ws2812_parallel.dir/C_/Users/pico/Downloads/pico-sdk/src/rp2_common/hardware_irq/irq.c.obj
                0x10000fa8                irq_init_priorities
 .text.sem_init
                0x10000ff0       0x20 CMakeFiles/pio_ws2812_parallel.dir/C_/Users/pico/Downloads/pico-sdk/src/common/pico_sync/sem.c.obj
                0x10000ff0                sem_init
 .text.lock_init
                0x10001010       0x10 CMakeFiles/pio_ws2812_parallel.dir/C_/Users/pico/Downloads/pico-sdk/src/common/pico_sync/lock_core.c.obj
                0x10001010                lock_init
 .text.timer_pool_entry_comparator
                0x10001020       0x34 CMakeFiles/pio_ws2812_parallel.dir/C_/Users/pico/Downloads/pico-sdk/src/common/pico_time/time.c.obj
                0x10001020                timer_pool_entry_comparator
 .text.add_alarm_under_lock
                0x10001054      0x124 CMakeFiles/pio_ws2812_parallel.dir/C_/Users/pico/Downloads/pico-sdk/src/common/pico_time/time.c.obj
 .text.alarm_pool_alarm_callback
                0x10001178      0x1dc CMakeFiles/pio_ws2812_parallel.dir/C_/Users/pico/Downloads/pico-sdk/src/common/pico_time/time.c.obj
 .text.alarm_pool_init_default
                0x10001354       0x64 CMakeFiles/pio_ws2812_parallel.dir/C_/Users/pico/Downloads/pico-sdk/src/common/pico_time/time.c.obj
                0x10001354                alarm_pool_init_default
 .text.alarm_pool_get_default
                0x100013b8        0x8 CMakeFiles/pio_ws2812_parallel.dir/C_/Users/pico/Downloads/pico-sdk/src/common/pico_time/time.c.obj
                0x100013b8                alarm_pool_get_default
 .text.alarm_pool_add_alarm_at
                0x100013c0      0x1a0 CMakeFiles/pio_ws2812_parallel.dir/C_/Users/pico/Downloads/pico-sdk/src/common/pico_time/time.c.obj
                0x100013c0                alarm_pool_add_alarm_at
 .text.alarm_pool_cancel_alarm
                0x10001560       0x74 CMakeFiles/pio_ws2812_parallel.dir/C_/Users/pico/Downloads/pico-sdk/src/common/pico_time/time.c.obj
                0x10001560                alarm_pool_cancel_alarm
 .text.hardware_alarm_irq_handler
                0x100015d4       0xa0 CMakeFiles/pio_ws2812_parallel.dir/C_/Users/pico/Downloads/pico-sdk/src/rp2_common/hardware_timer/timer.c.obj
 .text.hardware_alarm_claim
                0x10001674       0x18 CMakeFiles/pio_ws2812_parallel.dir/C_/Users/pico/Downloads/pico-sdk/src/rp2_common/hardware_timer/timer.c.obj
                0x10001674                hardware_alarm_claim
 .text.time_us_64
                0x1000168c       0x18 CMakeFiles/pio_ws2812_parallel.dir/C_/Users/pico/Downloads/pico-sdk/src/rp2_common/hardware_timer/timer.c.obj
                0x1000168c                time_us_64
 .text.busy_wait_us
                0x100016a4       0x54 CMakeFiles/pio_ws2812_parallel.dir/C_/Users/pico/Downloads/pico-sdk/src/rp2_common/hardware_timer/timer.c.obj
                0x100016a4                busy_wait_us
 .text.hardware_alarm_set_callback
                0x100016f8       0x8c CMakeFiles/pio_ws2812_parallel.dir/C_/Users/pico/Downloads/pico-sdk/src/rp2_common/hardware_timer/timer.c.obj
                0x100016f8                hardware_alarm_set_callback
 .text.hardware_alarm_set_target
                0x10001784       0xdc CMakeFiles/pio_ws2812_parallel.dir/C_/Users/pico/Downloads/pico-sdk/src/rp2_common/hardware_timer/timer.c.obj
                0x10001784                hardware_alarm_set_target
 .text.hardware_alarm_cancel
                0x10001860       0x40 CMakeFiles/pio_ws2812_parallel.dir/C_/Users/pico/Downloads/pico-sdk/src/rp2_common/hardware_timer/timer.c.obj
                0x10001860                hardware_alarm_cancel
 .text.ph_merge_two_pass.part.3
                0x100018a0      0x18c CMakeFiles/pio_ws2812_parallel.dir/C_/Users/pico/Downloads/pico-sdk/src/common/pico_util/pheap.c.obj
 .text.ph_post_alloc_init
                0x10001a2c       0x3c CMakeFiles/pio_ws2812_parallel.dir/C_/Users/pico/Downloads/pico-sdk/src/common/pico_util/pheap.c.obj
                0x10001a2c                ph_post_alloc_init
 .text.ph_remove_head
                0x10001a68      0x158 CMakeFiles/pio_ws2812_parallel.dir/C_/Users/pico/Downloads/pico-sdk/src/common/pico_util/pheap.c.obj
                0x10001a68                ph_remove_head
 .text.ph_remove_and_free_node
                0x10001bc0      0x254 CMakeFiles/pio_ws2812_parallel.dir/C_/Users/pico/Downloads/pico-sdk/src/common/pico_util/pheap.c.obj
                0x10001bc0                ph_remove_and_free_node
 .text.mutex_init
                0x10001e14       0x1c CMakeFiles/pio_ws2812_parallel.dir/C_/Users/pico/Downloads/pico-sdk/src/common/pico_sync/mutex.c.obj
                0x10001e14                mutex_init
 .text.recursive_mutex_init
                0x10001e30       0x20 CMakeFiles/pio_ws2812_parallel.dir/C_/Users/pico/Downloads/pico-sdk/src/common/pico_sync/mutex.c.obj
                0x10001e30                recursive_mutex_init
 .text.uart_init
                0x10001e50       0xe4 CMakeFiles/pio_ws2812_parallel.dir/C_/Users/pico/Downloads/pico-sdk/src/rp2_common/hardware_uart/uart.c.obj
                0x10001e50                uart_init
 .text.runtime_init
                0x10001f34       0xf4 CMakeFiles/pio_ws2812_parallel.dir/C_/Users/pico/Downloads/pico-sdk/src/rp2_common/pico_runtime/runtime.c.obj
                0x10001f34                runtime_init
 .text._sbrk    0x10002028       0x34 CMakeFiles/pio_ws2812_parallel.dir/C_/Users/pico/Downloads/pico-sdk/src/rp2_common/pico_runtime/runtime.c.obj
                0x10002028                _sbrk
 .text.exit     0x1000205c        0x4 CMakeFiles/pio_ws2812_parallel.dir/C_/Users/pico/Downloads/pico-sdk/src/rp2_common/pico_runtime/runtime.c.obj
                0x1000205c                exit
 .text.panic    0x10002060       0x30 CMakeFiles/pio_ws2812_parallel.dir/C_/Users/pico/Downloads/pico-sdk/src/rp2_common/pico_runtime/runtime.c.obj
                0x10002060                panic
 .text.hard_assertion_failure
                0x10002090        0xc CMakeFiles/pio_ws2812_parallel.dir/C_/Users/pico/Downloads/pico-sdk/src/rp2_common/pico_runtime/runtime.c.obj
                0x10002090                hard_assertion_failure
 .text.clocks_init
                0x1000209c      0x2c8 CMakeFiles/pio_ws2812_parallel.dir/C_/Users/pico/Downloads/pico-sdk/src/rp2_common/hardware_clocks/clocks.c.obj
                0x1000209c                clocks_init
 .text.clock_get_hz
                0x10002364        0xc CMakeFiles/pio_ws2812_parallel.dir/C_/Users/pico/Downloads/pico-sdk/src/rp2_common/hardware_clocks/clocks.c.obj
                0x10002364                clock_get_hz
 .text.pll_init
                0x10002370       0x9c CMakeFiles/pio_ws2812_parallel.dir/C_/Users/pico/Downloads/pico-sdk/src/rp2_common/hardware_pll/pll.c.obj
                0x10002370                pll_init
 .text.watchdog_start_tick
                0x1000240c       0x10 CMakeFiles/pio_ws2812_parallel.dir/C_/Users/pico/Downloads/pico-sdk/src/rp2_common/hardware_watchdog/watchdog.c.obj
                0x1000240c                watchdog_start_tick
 .text.xosc_init
                0x1000241c       0x28 CMakeFiles/pio_ws2812_parallel.dir/C_/Users/pico/Downloads/pico-sdk/src/rp2_common/hardware_xosc/xosc.c.obj
                0x1000241c                xosc_init
 .text._out_char
                0x10002444       0x3c CMakeFiles/pio_ws2812_parallel.dir/C_/Users/pico/Downloads/pico-sdk/src/rp2_common/pico_printf/printf.c.obj
 .text.weak_raw_vprintf
                0x10002480       0x30 CMakeFiles/pio_ws2812_parallel.dir/C_/Users/pico/Downloads/pico-sdk/src/rp2_common/pico_printf/printf.c.obj
                0x10002480                weak_raw_vprintf
 .text          0x100024b0       0x10 CMakeFiles/pio_ws2812_parallel.dir/C_/Users/pico/Downloads/pico-sdk/src/rp2_common/pico_bit_ops/bit_ops_aeabi.S.obj
 .text.rom_func_lookup
                0x100024c0       0x10 CMakeFiles/pio_ws2812_parallel.dir/C_/Users/pico/Downloads/pico-sdk/src/rp2_common/pico_bootrom/bootrom.c.obj
                0x100024c0                rom_func_lookup
 .text.rom_data_lookup
                0x100024d0       0x10 CMakeFiles/pio_ws2812_parallel.dir/C_/Users/pico/Downloads/pico-sdk/src/rp2_common/pico_bootrom/bootrom.c.obj
                0x100024d0                rom_data_lookup
 .text.rom_funcs_lookup
                0x100024e0       0x44 CMakeFiles/pio_ws2812_parallel.dir/C_/Users/pico/Downloads/pico-sdk/src/rp2_common/pico_bootrom/bootrom.c.obj
                0x100024e0                rom_funcs_lookup
 .text.__wrap___aeabi_uidiv
                0x10002524       0x4c CMakeFiles/pio_ws2812_parallel.dir/C_/Users/pico/Downloads/pico-sdk/src/rp2_common/pico_divider/divider.S.obj
                0x10002524                __wrap___aeabi_uidiv
                0x10002524                __wrap___aeabi_uidivmod
                0x10002524                div_u32u32
                0x10002524                divmod_u32u32
                0x1000252c                divmod_u32u32_unsafe
                0x10002554                divmod_u32u32_savestate
 .text.missing_double_func_shim
                0x10002570        0xc CMakeFiles/pio_ws2812_parallel.dir/C_/Users/pico/Downloads/pico-sdk/src/rp2_common/pico_double/double_init_rom.c.obj
 .text.__aeabi_double_init
                0x1000257c       0x64 CMakeFiles/pio_ws2812_parallel.dir/C_/Users/pico/Downloads/pico-sdk/src/rp2_common/pico_double/double_init_rom.c.obj
                0x1000257c                __aeabi_double_init
 .text.double_table_shim_on_use_helper
                0x100025e0       0x2c CMakeFiles/pio_ws2812_parallel.dir/C_/Users/pico/Downloads/pico-sdk/src/rp2_common/pico_double/double_v1_rom_shim.S.obj
                0x100025e0                double_table_shim_on_use_helper
 .text.__aeabi_lmul
                0x1000260c       0x32 CMakeFiles/pio_ws2812_parallel.dir/C_/Users/pico/Downloads/pico-sdk/src/rp2_common/pico_int64_ops/pico_int64_ops_aeabi.S.obj
                0x1000260c                __wrap___aeabi_lmul
 *fill*         0x1000263e        0x2 
 .text.__wrap___aeabi_farithmetic
                0x10002640       0x48 CMakeFiles/pio_ws2812_parallel.dir/C_/Users/pico/Downloads/pico-sdk/src/rp2_common/pico_float/float_aeabi.S.obj
                0x10002640                __wrap___aeabi_frsub
                0x10002646                __wrap___aeabi_fsub
                0x1000264c                __wrap___aeabi_fadd
                0x10002652                __wrap___aeabi_fdiv
                0x1000267a                __wrap___aeabi_fmul
 .text.__wrap___aeabi_ui2f
                0x10002688        0xa CMakeFiles/pio_ws2812_parallel.dir/C_/Users/pico/Downloads/pico-sdk/src/rp2_common/pico_float/float_aeabi.S.obj
                0x10002688                __wrap___aeabi_ui2f
 *fill*         0x10002692        0x2 
 .text.__wrap___aeabi_i2f
                0x10002694       0x44 CMakeFiles/pio_ws2812_parallel.dir/C_/Users/pico/Downloads/pico-sdk/src/rp2_common/pico_float/float_aeabi.S.obj
                0x10002694                __wrap___aeabi_i2f
 .text.__wrap___aeabi_f2uiz
                0x100026d8        0xc CMakeFiles/pio_ws2812_parallel.dir/C_/Users/pico/Downloads/pico-sdk/src/rp2_common/pico_float/float_aeabi.S.obj
                0x100026d8                __wrap___aeabi_f2uiz
 .text.missing_float_func_shim
                0x100026e4        0xc CMakeFiles/pio_ws2812_parallel.dir/C_/Users/pico/Downloads/pico-sdk/src/rp2_common/pico_float/float_init_rom.c.obj
 .text.__aeabi_float_init
                0x100026f0       0x60 CMakeFiles/pio_ws2812_parallel.dir/C_/Users/pico/Downloads/pico-sdk/src/rp2_common/pico_float/float_init_rom.c.obj
                0x100026f0                __aeabi_float_init
 .text          0x10002750       0x10 CMakeFiles/pio_ws2812_parallel.dir/C_/Users/pico/Downloads/pico-sdk/src/rp2_common/pico_mem_ops/mem_ops_aeabi.S.obj
                0x10002750                __aeabi_mem_init
 .text.memset   0x10002760        0xc CMakeFiles/pio_ws2812_parallel.dir/C_/Users/pico/Downloads/pico-sdk/src/rp2_common/pico_mem_ops/mem_ops_aeabi.S.obj
                0x10002760                __wrap_memset
 .text.memcpy   0x1000276c        0xc CMakeFiles/pio_ws2812_parallel.dir/C_/Users/pico/Downloads/pico-sdk/src/rp2_common/pico_mem_ops/mem_ops_aeabi.S.obj
                0x1000276c                __wrap_memcpy
                0x1000276c                __wrap___aeabi_memcpy
 .text.stdio_out_chars_crlf
                0x10002778       0xbc CMakeFiles/pio_ws2812_parallel.dir/C_/Users/pico/Downloads/pico-sdk/src/rp2_common/pico_stdio/stdio.c.obj
 .text.__wrap_puts
                0x10002834       0xdc CMakeFiles/pio_ws2812_parallel.dir/C_/Users/pico/Downloads/pico-sdk/src/rp2_common/pico_stdio/stdio.c.obj
                0x10002834                __wrap_puts
 .text._read    0x10002910       0x90 CMakeFiles/pio_ws2812_parallel.dir/C_/Users/pico/Downloads/pico-sdk/src/rp2_common/pico_stdio/stdio.c.obj
                0x10002910                _read
 .text._write   0x100029a0       0xac CMakeFiles/pio_ws2812_parallel.dir/C_/Users/pico/Downloads/pico-sdk/src/rp2_common/pico_stdio/stdio.c.obj
                0x100029a0                _write
 .text.stdio_set_driver_enabled
                0x10002a4c       0x30 CMakeFiles/pio_ws2812_parallel.dir/C_/Users/pico/Downloads/pico-sdk/src/rp2_common/pico_stdio/stdio.c.obj
                0x10002a4c                stdio_set_driver_enabled
 .text.stdio_init_all
                0x10002a7c        0x8 CMakeFiles/pio_ws2812_parallel.dir/C_/Users/pico/Downloads/pico-sdk/src/rp2_common/pico_stdio/stdio.c.obj
                0x10002a7c                stdio_init_all
 .text.stdio_uart_out_chars
                0x10002a84       0x4c CMakeFiles/pio_ws2812_parallel.dir/C_/Users/pico/Downloads/pico-sdk/src/rp2_common/pico_stdio_uart/stdio_uart.c.obj
 .text.stdio_uart_in_chars
                0x10002ad0       0x3c CMakeFiles/pio_ws2812_parallel.dir/C_/Users/pico/Downloads/pico-sdk/src/rp2_common/pico_stdio_uart/stdio_uart.c.obj
                0x10002ad0                stdio_uart_in_chars
 .text.stdio_uart_init
                0x10002b0c       0x48 CMakeFiles/pio_ws2812_parallel.dir/C_/Users/pico/Downloads/pico-sdk/src/rp2_common/pico_stdio_uart/stdio_uart.c.obj
                0x10002b0c                stdio_uart_init
 .text.pio_add_program
                0x10002b54       0xd0 CMakeFiles/pio_ws2812_parallel.dir/C_/Users/pico/Downloads/pico-sdk/src/rp2_common/hardware_pio/pio.c.obj
                0x10002b54                pio_add_program
 .text.pio_sm_set_consecutive_pindirs
                0x10002c24       0x90 CMakeFiles/pio_ws2812_parallel.dir/C_/Users/pico/Downloads/pico-sdk/src/rp2_common/hardware_pio/pio.c.obj
                0x10002c24                pio_sm_set_consecutive_pindirs
 .text.pio_sm_init
                0x10002cb4       0x90 CMakeFiles/pio_ws2812_parallel.dir/C_/Users/pico/Downloads/pico-sdk/src/rp2_common/hardware_pio/pio.c.obj
                0x10002cb4                pio_sm_init
 .text.dma_claim_mask
                0x10002d44       0x40 CMakeFiles/pio_ws2812_parallel.dir/C_/Users/pico/Downloads/pico-sdk/src/rp2_common/hardware_dma/dma.c.obj
                0x10002d44                dma_claim_mask
 .text._malloc_r
                0x10002d84      0x568 c:/progra~2/gnutoo~1/62017-~1/bin/../lib/gcc/arm-none-eabi/6.3.1/../../../../arm-none-eabi/lib/thumb/v6-m\libc.a(lib_a-mallocr.o)
                0x10002d84                _malloc_r
 .text.__malloc_lock
                0x100032ec       0x10 c:/progra~2/gnutoo~1/62017-~1/bin/../lib/gcc/arm-none-eabi/6.3.1/../../../../arm-none-eabi/lib/thumb/v6-m\libc.a(lib_a-mlock.o)
                0x100032ec                __malloc_lock
 .text.__malloc_unlock
                0x100032fc       0x10 c:/progra~2/gnutoo~1/62017-~1/bin/../lib/gcc/arm-none-eabi/6.3.1/../../../../arm-none-eabi/lib/thumb/v6-m\libc.a(lib_a-mlock.o)
                0x100032fc                __malloc_unlock
 .text.rand     0x1000330c       0x34 c:/progra~2/gnutoo~1/62017-~1/bin/../lib/gcc/arm-none-eabi/6.3.1/../../../../arm-none-eabi/lib/thumb/v6-m\libc.a(lib_a-rand.o)
                0x1000330c                rand
 .text._sbrk_r  0x10003340       0x24 c:/progra~2/gnutoo~1/62017-~1/bin/../lib/gcc/arm-none-eabi/6.3.1/../../../../arm-none-eabi/lib/thumb/v6-m\libc.a(lib_a-sbrkr.o)
                0x10003340                _sbrk_r
 .text.strlen   0x10003364       0x64 c:/progra~2/gnutoo~1/62017-~1/bin/../lib/gcc/arm-none-eabi/6.3.1/../../../../arm-none-eabi/lib/thumb/v6-m\libc.a(lib_a-strlen-stub.o)
                0x10003364                strlen
 .text.__swbuf_r
                0x100033c8       0xbc c:/progra~2/gnutoo~1/62017-~1/bin/../lib/gcc/arm-none-eabi/6.3.1/../../../../arm-none-eabi/lib/thumb/v6-m\libc.a(lib_a-wbuf.o)
                0x100033c8                __swbuf_r
 .text.__swsetup_r
                0x10003484       0xd4 c:/progra~2/gnutoo~1/62017-~1/bin/../lib/gcc/arm-none-eabi/6.3.1/../../../../arm-none-eabi/lib/thumb/v6-m\libc.a(lib_a-wsetup.o)
                0x10003484                __swsetup_r
 .text.__sflush_r
                0x10003558      0x150 c:/progra~2/gnutoo~1/62017-~1/bin/../lib/gcc/arm-none-eabi/6.3.1/../../../../arm-none-eabi/lib/thumb/v6-m\libc.a(lib_a-fflush.o)
                0x10003558                __sflush_r
 .text._fflush_r
                0x100036a8       0x54 c:/progra~2/gnutoo~1/62017-~1/bin/../lib/gcc/arm-none-eabi/6.3.1/../../../../arm-none-eabi/lib/thumb/v6-m\libc.a(lib_a-fflush.o)
                0x100036a8                _fflush_r
 .text._cleanup_r
                0x100036fc       0x10 c:/progra~2/gnutoo~1/62017-~1/bin/../lib/gcc/arm-none-eabi/6.3.1/../../../../arm-none-eabi/lib/thumb/v6-m\libc.a(lib_a-findfp.o)
                0x100036fc                _cleanup_r
 .text.std.isra.0
                0x1000370c       0x50 c:/progra~2/gnutoo~1/62017-~1/bin/../lib/gcc/arm-none-eabi/6.3.1/../../../../arm-none-eabi/lib/thumb/v6-m\libc.a(lib_a-findfp.o)
 .text.__sinit  0x1000375c       0x60 c:/progra~2/gnutoo~1/62017-~1/bin/../lib/gcc/arm-none-eabi/6.3.1/../../../../arm-none-eabi/lib/thumb/v6-m\libc.a(lib_a-findfp.o)
                0x1000375c                __sinit
 .text.__sfp_lock_acquire
                0x100037bc       0x10 c:/progra~2/gnutoo~1/62017-~1/bin/../lib/gcc/arm-none-eabi/6.3.1/../../../../arm-none-eabi/lib/thumb/v6-m\libc.a(lib_a-findfp.o)
                0x100037bc                __sfp_lock_acquire
 .text.__sfp_lock_release
                0x100037cc       0x10 c:/progra~2/gnutoo~1/62017-~1/bin/../lib/gcc/arm-none-eabi/6.3.1/../../../../arm-none-eabi/lib/thumb/v6-m\libc.a(lib_a-findfp.o)
                0x100037cc                __sfp_lock_release
 .text._malloc_trim_r
                0x100037dc       0xa0 c:/progra~2/gnutoo~1/62017-~1/bin/../lib/gcc/arm-none-eabi/6.3.1/../../../../arm-none-eabi/lib/thumb/v6-m\libc.a(lib_a-freer.o)
                0x100037dc                _malloc_trim_r
 .text._free_r  0x1000387c      0x1bc c:/progra~2/gnutoo~1/62017-~1/bin/../lib/gcc/arm-none-eabi/6.3.1/../../../../arm-none-eabi/lib/thumb/v6-m\libc.a(lib_a-freer.o)
                0x1000387c                _free_r
 .text._fwalk_reent
                0x10003a38       0x4c c:/progra~2/gnutoo~1/62017-~1/bin/../lib/gcc/arm-none-eabi/6.3.1/../../../../arm-none-eabi/lib/thumb/v6-m\libc.a(lib_a-fwalk.o)
                0x10003a38                _fwalk_reent
 .text.__retarget_lock_init_recursive
                0x10003a84        0x4 c:/progra~2/gnutoo~1/62017-~1/bin/../lib/gcc/arm-none-eabi/6.3.1/../../../../arm-none-eabi/lib/thumb/v6-m\libc.a(lib_a-lock.o)
                0x10003a84                __retarget_lock_init_recursive
 .text.__retarget_lock_close_recursive
                0x10003a88        0x4 c:/progra~2/gnutoo~1/62017-~1/bin/../lib/gcc/arm-none-eabi/6.3.1/../../../../arm-none-eabi/lib/thumb/v6-m\libc.a(lib_a-lock.o)
                0x10003a88                __retarget_lock_close_recursive
 .text.__retarget_lock_acquire_recursive
                0x10003a8c        0x4 c:/progra~2/gnutoo~1/62017-~1/bin/../lib/gcc/arm-none-eabi/6.3.1/../../../../arm-none-eabi/lib/thumb/v6-m\libc.a(lib_a-lock.o)
                0x10003a8c                __retarget_lock_acquire_recursive
 .text.__retarget_lock_release_recursive
                0x10003a90        0x4 c:/progra~2/gnutoo~1/62017-~1/bin/../lib/gcc/arm-none-eabi/6.3.1/../../../../arm-none-eabi/lib/thumb/v6-m\libc.a(lib_a-lock.o)
                0x10003a90                __retarget_lock_release_recursive
 .text.__swhatbuf_r
                0x10003a94       0x60 c:/progra~2/gnutoo~1/62017-~1/bin/../lib/gcc/arm-none-eabi/6.3.1/../../../../arm-none-eabi/lib/thumb/v6-m\libc.a(lib_a-makebuf.o)
                0x10003a94                __swhatbuf_r
 .text.__smakebuf_r
                0x10003af4       0x90 c:/progra~2/gnutoo~1/62017-~1/bin/../lib/gcc/arm-none-eabi/6.3.1/../../../../arm-none-eabi/lib/thumb/v6-m\libc.a(lib_a-makebuf.o)
                0x10003af4                __smakebuf_r
 .text.__sread  0x10003b84       0x28 c:/progra~2/gnutoo~1/62017-~1/bin/../lib/gcc/arm-none-eabi/6.3.1/../../../../arm-none-eabi/lib/thumb/v6-m\libc.a(lib_a-stdio.o)
                0x10003b84                __sread
 .text.__swrite
                0x10003bac       0x3c c:/progra~2/gnutoo~1/62017-~1/bin/../lib/gcc/arm-none-eabi/6.3.1/../../../../arm-none-eabi/lib/thumb/v6-m\libc.a(lib_a-stdio.o)
                0x10003bac                __swrite
 .text.__sseek  0x10003be8       0x2c c:/progra~2/gnutoo~1/62017-~1/bin/../lib/gcc/arm-none-eabi/6.3.1/../../../../arm-none-eabi/lib/thumb/v6-m\libc.a(lib_a-stdio.o)
                0x10003be8                __sseek
 .text.__sclose
                0x10003c14        0xc c:/progra~2/gnutoo~1/62017-~1/bin/../lib/gcc/arm-none-eabi/6.3.1/../../../../arm-none-eabi/lib/thumb/v6-m\libc.a(lib_a-stdio.o)
                0x10003c14                __sclose
 .text._write_r
                0x10003c20       0x28 c:/progra~2/gnutoo~1/62017-~1/bin/../lib/gcc/arm-none-eabi/6.3.1/../../../../arm-none-eabi/lib/thumb/v6-m\libc.a(lib_a-writer.o)
                0x10003c20                _write_r
 .text._close_r
                0x10003c48       0x24 c:/progra~2/gnutoo~1/62017-~1/bin/../lib/gcc/arm-none-eabi/6.3.1/../../../../arm-none-eabi/lib/thumb/v6-m\libc.a(lib_a-closer.o)
                0x10003c48                _close_r
 .text._fclose_r
                0x10003c6c       0xcc c:/progra~2/gnutoo~1/62017-~1/bin/../lib/gcc/arm-none-eabi/6.3.1/../../../../arm-none-eabi/lib/thumb/v6-m\libc.a(lib_a-fclose.o)
                0x10003c6c                _fclose_r
 .text._fstat_r
                0x10003d38       0x28 c:/progra~2/gnutoo~1/62017-~1/bin/../lib/gcc/arm-none-eabi/6.3.1/../../../../arm-none-eabi/lib/thumb/v6-m\libc.a(lib_a-fstatr.o)
                0x10003d38                _fstat_r
 .text._isatty_r
                0x10003d60       0x24 c:/progra~2/gnutoo~1/62017-~1/bin/../lib/gcc/arm-none-eabi/6.3.1/../../../../arm-none-eabi/lib/thumb/v6-m\libc.a(lib_a-isattyr.o)
                0x10003d60                _isatty_r
 .text._lseek_r
                0x10003d84       0x28 c:/progra~2/gnutoo~1/62017-~1/bin/../lib/gcc/arm-none-eabi/6.3.1/../../../../arm-none-eabi/lib/thumb/v6-m\libc.a(lib_a-lseekr.o)
                0x10003d84                _lseek_r
 .text._read_r  0x10003dac       0x28 c:/progra~2/gnutoo~1/62017-~1/bin/../lib/gcc/arm-none-eabi/6.3.1/../../../../arm-none-eabi/lib/thumb/v6-m\libc.a(lib_a-readr.o)
                0x10003dac                _read_r
 .text._close   0x10003dd4       0x10 c:/progra~2/gnutoo~1/62017-~1/bin/../lib/gcc/arm-none-eabi/6.3.1/../../../../arm-none-eabi/lib/thumb/v6-m\libnosys.a(close.o)
                0x10003dd4                _close
 .text._fstat   0x10003de4       0x10 c:/progra~2/gnutoo~1/62017-~1/bin/../lib/gcc/arm-none-eabi/6.3.1/../../../../arm-none-eabi/lib/thumb/v6-m\libnosys.a(fstat.o)
                0x10003de4                _fstat
 .text._isatty  0x10003df4       0x10 c:/progra~2/gnutoo~1/62017-~1/bin/../lib/gcc/arm-none-eabi/6.3.1/../../../../arm-none-eabi/lib/thumb/v6-m\libnosys.a(isatty.o)
                0x10003df4                _isatty
 .text._lseek   0x10003e04       0x10 c:/progra~2/gnutoo~1/62017-~1/bin/../lib/gcc/arm-none-eabi/6.3.1/../../../../arm-none-eabi/lib/thumb/v6-m\libnosys.a(lseek.o)
                0x10003e04                _lseek
 *(.fini)
 .fini          0x10003e14        0x4 c:/progra~2/gnutoo~1/62017-~1/bin/../lib/gcc/arm-none-eabi/6.3.1/thumb/v6-m/crti.o
                0x10003e14                _fini
 .fini.__stub   0x10003e18       0x60 linker stubs
 *crtbegin.o(.ctors)
 *crtbegin?.o(.ctors)
 *(EXCLUDE_FILE(*crtend.o *crtend?.o) .ctors)
 *(SORT(.ctors.*))
 *(.ctors)
 *crtbegin.o(.dtors)
 *crtbegin?.o(.dtors)
 *(EXCLUDE_FILE(*crtend.o *crtend?.o) .dtors)
 *(SORT(.dtors.*))
 *(.dtors)
 *(.eh_frame*)
 .eh_frame      0x10003e78        0x0 c:/progra~2/gnutoo~1/62017-~1/bin/../lib/gcc/arm-none-eabi/6.3.1/thumb/v6-m/crtbegin.o
                0x10003e78                . = ALIGN (0x4)

.glue_7         0x10003e78        0x0
 .glue_7        0x10003e78        0x0 linker stubs

.glue_7t        0x10003e78        0x0
 .glue_7t       0x10003e78        0x0 linker stubs

.vfp11_veneer   0x10003e78        0x0
 .vfp11_veneer  0x10003e78        0x0 linker stubs

.v4_bx          0x10003e78        0x0
 .v4_bx         0x10003e78        0x0 linker stubs

.iplt           0x10003e78        0x0
 .iplt          0x10003e78        0x0 c:/progra~2/gnutoo~1/62017-~1/bin/../lib/gcc/arm-none-eabi/6.3.1/thumb/v6-m/crtbegin.o

.rodata         0x10003e78      0x234
 *(EXCLUDE_FILE(*libm.a: *libc.a:*lib_a-mem*.o *libgcc.a:) .rodata*)
 .rodata.main.str1.4
                0x10003e78       0x30 CMakeFiles/pio_ws2812_parallel.dir/ws2812_parallel.c.obj
 .rodata.pattern_table
                0x10003ea8       0x20 CMakeFiles/pio_ws2812_parallel.dir/ws2812_parallel.c.obj
                0x10003ea8                pattern_table
 .rodata.str1.4
                0x10003ec8       0x26 CMakeFiles/pio_ws2812_parallel.dir/ws2812_parallel.c.obj
 *fill*         0x10003eee        0x2 
 .rodata.ws2812_parallel_program
                0x10003ef0        0x6 CMakeFiles/pio_ws2812_parallel.dir/ws2812_parallel.c.obj
 *fill*         0x10003ef6        0x2 
 .rodata.ws2812_parallel_program_instructions
                0x10003ef8        0x8 CMakeFiles/pio_ws2812_parallel.dir/ws2812_parallel.c.obj
 .rodata.at_the_end_of_time
                0x10003f00        0x8 CMakeFiles/pio_ws2812_parallel.dir/C_/Users/pico/Downloads/pico-sdk/src/common/pico_time/time.c.obj
                0x10003f00                at_the_end_of_time
 .rodata.hardware_alarm_claim.str1.4
                0x10003f08       0x22 CMakeFiles/pio_ws2812_parallel.dir/C_/Users/pico/Downloads/pico-sdk/src/rp2_common/hardware_timer/timer.c.obj
 *fill*         0x10003f2a        0x2 
 .rodata.hard_assertion_failure.str1.4
                0x10003f2c        0xc CMakeFiles/pio_ws2812_parallel.dir/C_/Users/pico/Downloads/pico-sdk/src/rp2_common/pico_runtime/runtime.c.obj
 .rodata.panic.str1.4
                0x10003f38       0x12 CMakeFiles/pio_ws2812_parallel.dir/C_/Users/pico/Downloads/pico-sdk/src/rp2_common/pico_runtime/runtime.c.obj
 *fill*         0x10003f4a        0x2 
 .rodata.missing_double_func_shim.str1.4
                0x10003f4c       0x18 CMakeFiles/pio_ws2812_parallel.dir/C_/Users/pico/Downloads/pico-sdk/src/rp2_common/pico_double/double_init_rom.c.obj
 .rodata.missing_float_func_shim.str1.4
                0x10003f64       0x18 CMakeFiles/pio_ws2812_parallel.dir/C_/Users/pico/Downloads/pico-sdk/src/rp2_common/pico_float/float_init_rom.c.obj
                                  0x1 (size before relaxing)
 .rodata.__bi_44
                0x10003f64        0xc CMakeFiles/pio_ws2812_parallel.dir/C_/Users/pico/Downloads/pico-sdk/src/rp2_common/pico_standard_link/binary_info.c.obj
 .rodata.__bi_69
                0x10003f70        0xc CMakeFiles/pio_ws2812_parallel.dir/C_/Users/pico/Downloads/pico-sdk/src/rp2_common/pico_standard_link/binary_info.c.obj
 .rodata.__bi_75
                0x10003f7c        0xc CMakeFiles/pio_ws2812_parallel.dir/C_/Users/pico/Downloads/pico-sdk/src/rp2_common/pico_standard_link/binary_info.c.obj
 .rodata.__bi_81
                0x10003f88        0xc CMakeFiles/pio_ws2812_parallel.dir/C_/Users/pico/Downloads/pico-sdk/src/rp2_common/pico_standard_link/binary_info.c.obj
 .rodata.str1.4
                0x10003f94       0x9c CMakeFiles/pio_ws2812_parallel.dir/C_/Users/pico/Downloads/pico-sdk/src/rp2_common/pico_standard_link/binary_info.c.obj
 .rodata.crlf_str.5981
                0x10004030        0x2 CMakeFiles/pio_ws2812_parallel.dir/C_/Users/pico/Downloads/pico-sdk/src/rp2_common/pico_stdio/stdio.c.obj
 *fill*         0x10004032        0x2 
 .rodata.__bi_28.4833
                0x10004034        0xc CMakeFiles/pio_ws2812_parallel.dir/C_/Users/pico/Downloads/pico-sdk/src/rp2_common/pico_stdio_uart/stdio_uart.c.obj
 .rodata.__bi_29.4837
                0x10004040        0x8 CMakeFiles/pio_ws2812_parallel.dir/C_/Users/pico/Downloads/pico-sdk/src/rp2_common/pico_stdio_uart/stdio_uart.c.obj
 .rodata.str1.4
                0x10004048       0x2c CMakeFiles/pio_ws2812_parallel.dir/C_/Users/pico/Downloads/pico-sdk/src/rp2_common/pico_stdio_uart/stdio_uart.c.obj
 .rodata.pio_add_program.str1.4
                0x10004074       0x11 CMakeFiles/pio_ws2812_parallel.dir/C_/Users/pico/Downloads/pico-sdk/src/rp2_common/hardware_pio/pio.c.obj
 *fill*         0x10004085        0x3 
 .rodata.dma_channel_claim.str1.4
                0x10004088       0x24 CMakeFiles/pio_ws2812_parallel.dir/C_/Users/pico/Downloads/pico-sdk/src/rp2_common/hardware_dma/dma.c.obj
                                 0x22 (size before relaxing)
                0x100040ac                . = ALIGN (0x4)
 *(SORT(.flashdata*))
                0x100040ac                . = ALIGN (0x4)

.rel.dyn        0x100040ac        0x0
 .rel.iplt      0x100040ac        0x0 c:/progra~2/gnutoo~1/62017-~1/bin/../lib/gcc/arm-none-eabi/6.3.1/thumb/v6-m/crtbegin.o

.ARM.extab
 *(.ARM.extab* .gnu.linkonce.armextab.*)
                0x100040ac                __exidx_start = .

.ARM.exidx
 *(.ARM.exidx* .gnu.linkonce.armexidx.*)
                0x100040ac                __exidx_end = .
                0x100040ac                . = ALIGN (0x4)
                0x100040ac                __binary_info_start = .

.binary_info    0x100040ac       0x28
 *(.binary_info.keep.*)
 .binary_info.keep.__bi_ptr22
                0x100040ac        0x4 CMakeFiles/pio_ws2812_parallel.dir/C_/Users/pico/Downloads/pico-sdk/src/rp2_common/pico_standard_link/binary_info.c.obj
 .binary_info.keep.__bi_ptr30
                0x100040b0        0x4 CMakeFiles/pio_ws2812_parallel.dir/C_/Users/pico/Downloads/pico-sdk/src/rp2_common/pico_standard_link/binary_info.c.obj
 .binary_info.keep.__bi_ptr38
                0x100040b4        0x4 CMakeFiles/pio_ws2812_parallel.dir/C_/Users/pico/Downloads/pico-sdk/src/rp2_common/pico_standard_link/binary_info.c.obj
 .binary_info.keep.__bi_ptr44
                0x100040b8        0x4 CMakeFiles/pio_ws2812_parallel.dir/C_/Users/pico/Downloads/pico-sdk/src/rp2_common/pico_standard_link/binary_info.c.obj
 .binary_info.keep.__bi_ptr50
                0x100040bc        0x4 CMakeFiles/pio_ws2812_parallel.dir/C_/Users/pico/Downloads/pico-sdk/src/rp2_common/pico_standard_link/binary_info.c.obj
 .binary_info.keep.__bi_ptr69
                0x100040c0        0x4 CMakeFiles/pio_ws2812_parallel.dir/C_/Users/pico/Downloads/pico-sdk/src/rp2_common/pico_standard_link/binary_info.c.obj
 .binary_info.keep.__bi_ptr75
                0x100040c4        0x4 CMakeFiles/pio_ws2812_parallel.dir/C_/Users/pico/Downloads/pico-sdk/src/rp2_common/pico_standard_link/binary_info.c.obj
 .binary_info.keep.__bi_ptr81
                0x100040c8        0x4 CMakeFiles/pio_ws2812_parallel.dir/C_/Users/pico/Downloads/pico-sdk/src/rp2_common/pico_standard_link/binary_info.c.obj
 *(.binary_info.*)
 .binary_info.__bi_ptr28
                0x100040cc        0x4 CMakeFiles/pio_ws2812_parallel.dir/C_/Users/pico/Downloads/pico-sdk/src/rp2_common/pico_stdio_uart/stdio_uart.c.obj
 .binary_info.__bi_ptr29
                0x100040d0        0x4 CMakeFiles/pio_ws2812_parallel.dir/C_/Users/pico/Downloads/pico-sdk/src/rp2_common/pico_stdio_uart/stdio_uart.c.obj
                0x100040d4                __binary_info_end = .
                0x100040d4                . = ALIGN (0x4)
                0x100040d4                __etext = .

.ram_vector_table
                0x20000000       0xc0
 *(.ram_vector_table)
 .ram_vector_table
                0x20000000       0xc0 CMakeFiles/pio_ws2812_parallel.dir/C_/Users/pico/Downloads/pico-sdk/src/rp2_common/pico_runtime/runtime.c.obj
                0x20000000                ram_vector_table

.data           0x200000c0      0xa6c load address 0x100040d4
                0x200000c0                __data_start__ = .
 *(vtable)
 *(.time_critical*)
 .time_critical.sem_acquire_blocking
                0x200000c0       0x44 CMakeFiles/pio_ws2812_parallel.dir/C_/Users/pico/Downloads/pico-sdk/src/common/pico_sync/sem.c.obj
                0x200000c0                sem_acquire_blocking
 .time_critical.sem_release
                0x20000104       0x4c CMakeFiles/pio_ws2812_parallel.dir/C_/Users/pico/Downloads/pico-sdk/src/common/pico_sync/sem.c.obj
                0x20000104                sem_release
 .time_critical.mutex_enter_blocking
                0x20000150       0x48 CMakeFiles/pio_ws2812_parallel.dir/C_/Users/pico/Downloads/pico-sdk/src/common/pico_sync/mutex.c.obj
                0x20000150                mutex_enter_blocking
 .time_critical.mutex_try_enter
                0x20000198       0x48 CMakeFiles/pio_ws2812_parallel.dir/C_/Users/pico/Downloads/pico-sdk/src/common/pico_sync/mutex.c.obj
                0x20000198                mutex_try_enter
 .time_critical.mutex_exit
                0x200001e0       0x28 CMakeFiles/pio_ws2812_parallel.dir/C_/Users/pico/Downloads/pico-sdk/src/common/pico_sync/mutex.c.obj
                0x200001e0                mutex_exit
 *(.text*)
 .text          0x20000208        0x4 c:/progra~2/gnutoo~1/62017-~1/bin/../lib/gcc/arm-none-eabi/6.3.1/thumb/v6-m\libgcc.a(_dvmd_tls.o)
                0x20000208                __aeabi_idiv0
                0x20000208                __aeabi_ldiv0
                0x2000020c                . = ALIGN (0x4)
 *(.rodata*)
                0x2000020c                . = ALIGN (0x4)
 *(.data*)
 .data.string0  0x2000020c        0xc CMakeFiles/pio_ws2812_parallel.dir/ws2812_parallel.c.obj
                0x2000020c                string0
 .data.string1  0x20000218        0xc CMakeFiles/pio_ws2812_parallel.dir/ws2812_parallel.c.obj
                0x20000218                string1
 .data.strings  0x20000224        0x8 CMakeFiles/pio_ws2812_parallel.dir/ws2812_parallel.c.obj
                0x20000224                strings
 .data.striped_spin_lock_num
                0x2000022c        0x1 CMakeFiles/pio_ws2812_parallel.dir/C_/Users/pico/Downloads/pico-sdk/src/rp2_common/hardware_sync/sync.c.obj
 *fill*         0x2000022d        0x3 
 .data          0x20000230       0x48 CMakeFiles/pio_ws2812_parallel.dir/C_/Users/pico/Downloads/pico-sdk/src/rp2_common/hardware_irq/irq_handler_chain.S.obj
                0x20000230                irq_handler_chain_slots
                0x20000260                irq_handler_chain_first_slot
                0x2000026a                irq_handler_chain_remove_tail
 .data.default_alarm_pool
                0x20000278       0x18 CMakeFiles/pio_ws2812_parallel.dir/C_/Users/pico/Downloads/pico-sdk/src/common/pico_time/time.c.obj
 .data.default_alarm_pool_heap
                0x20000290       0x10 CMakeFiles/pio_ws2812_parallel.dir/C_/Users/pico/Downloads/pico-sdk/src/common/pico_time/time.c.obj
 .data.aeabi_bits_funcs
                0x200002a0       0x10 CMakeFiles/pio_ws2812_parallel.dir/C_/Users/pico/Downloads/pico-sdk/src/rp2_common/pico_bit_ops/bit_ops_aeabi.S.obj
                0x200002a0                aeabi_bits_funcs
                0x200002b0                aeabi_bits_funcs_end
 .data.aeabi_mem_funcs
                0x200002b0       0x10 CMakeFiles/pio_ws2812_parallel.dir/C_/Users/pico/Downloads/pico-sdk/src/rp2_common/pico_mem_ops/mem_ops_aeabi.S.obj
                0x200002b0                aeabi_mem_funcs
                0x200002c0                aeabi_mem_funcs_end
 .data.stdio_uart
                0x200002c0       0x14 CMakeFiles/pio_ws2812_parallel.dir/C_/Users/pico/Downloads/pico-sdk/src/rp2_common/pico_stdio_uart/stdio_uart.c.obj
                0x200002c0                stdio_uart
 .data._impure_ptr
                0x200002d4        0x4 c:/progra~2/gnutoo~1/62017-~1/bin/../lib/gcc/arm-none-eabi/6.3.1/../../../../arm-none-eabi/lib/thumb/v6-m\libc.a(lib_a-impure.o)
                0x200002d4                _impure_ptr
 .data.impure_data
                0x200002d8      0x428 c:/progra~2/gnutoo~1/62017-~1/bin/../lib/gcc/arm-none-eabi/6.3.1/../../../../arm-none-eabi/lib/thumb/v6-m\libc.a(lib_a-impure.o)
 .data.__malloc_av_
                0x20000700      0x408 c:/progra~2/gnutoo~1/62017-~1/bin/../lib/gcc/arm-none-eabi/6.3.1/../../../../arm-none-eabi/lib/thumb/v6-m\libc.a(lib_a-mallocr.o)
                0x20000700                __malloc_av_
 .data.__malloc_sbrk_base
                0x20000b08        0x4 c:/progra~2/gnutoo~1/62017-~1/bin/../lib/gcc/arm-none-eabi/6.3.1/../../../../arm-none-eabi/lib/thumb/v6-m\libc.a(lib_a-mallocr.o)
                0x20000b08                __malloc_sbrk_base
 .data.__malloc_trim_threshold
                0x20000b0c        0x4 c:/progra~2/gnutoo~1/62017-~1/bin/../lib/gcc/arm-none-eabi/6.3.1/../../../../arm-none-eabi/lib/thumb/v6-m\libc.a(lib_a-mallocr.o)
                0x20000b0c                __malloc_trim_threshold
                0x20000b10                . = ALIGN (0x4)
 *(.after_data.*)
                0x20000b10                . = ALIGN (0x4)
                0x20000b10                PROVIDE (__mutex_array_start, .)
 *(SORT(.mutex_array.*))
 *(.mutex_array)
 .mutex_array   0x20000b10        0x8 CMakeFiles/pio_ws2812_parallel.dir/C_/Users/pico/Downloads/pico-sdk/src/rp2_common/pico_stdio/stdio.c.obj
                0x20000b18                PROVIDE (__mutex_array_end, .)
                0x20000b18                . = ALIGN (0x4)
                0x20000b18                PROVIDE (__preinit_array_start, .)
 *(SORT(.preinit_array.*))
 .preinit_array.00001
                0x20000b18        0x4 CMakeFiles/pio_ws2812_parallel.dir/C_/Users/pico/Downloads/pico-sdk/src/rp2_common/pico_mem_ops/mem_ops_aeabi.S.obj
 .preinit_array.00010
                0x20000b1c        0x4 CMakeFiles/pio_ws2812_parallel.dir/C_/Users/pico/Downloads/pico-sdk/src/rp2_common/pico_bit_ops/bit_ops_aeabi.S.obj
 .preinit_array.00020
                0x20000b20        0x4 CMakeFiles/pio_ws2812_parallel.dir/C_/Users/pico/Downloads/pico-sdk/src/rp2_common/pico_double/double_aeabi.S.obj
 .preinit_array.00020
                0x20000b24        0x4 CMakeFiles/pio_ws2812_parallel.dir/C_/Users/pico/Downloads/pico-sdk/src/rp2_common/pico_float/float_aeabi.S.obj
 *(.preinit_array)
                0x20000b28                PROVIDE (__preinit_array_end, .)
                0x20000b28                . = ALIGN (0x4)
                0x20000b28                PROVIDE (__init_array_start, .)
 *(SORT(.init_array.*))
 *(.init_array)
 .init_array    0x20000b28        0x4 c:/progra~2/gnutoo~1/62017-~1/bin/../lib/gcc/arm-none-eabi/6.3.1/thumb/v6-m/crtbegin.o
                0x20000b2c                PROVIDE (__init_array_end, .)
                0x20000b2c                . = ALIGN (0x4)
                [!provide]                PROVIDE (__fini_array_start, .)
 *(SORT(.fini_array.*))
 *(.fini_array)
                [!provide]                PROVIDE (__fini_array_end, .)
 *(.jcr)
 .jcr           0x20000b2c        0x0 c:/progra~2/gnutoo~1/62017-~1/bin/../lib/gcc/arm-none-eabi/6.3.1/thumb/v6-m/crtbegin.o
                0x20000b2c                . = ALIGN (0x4)
                0x20000b2c                __data_end__ = .

.igot.plt       0x20000b2c        0x0 load address 0x10004b40
 .igot.plt      0x20000b2c        0x0 c:/progra~2/gnutoo~1/62017-~1/bin/../lib/gcc/arm-none-eabi/6.3.1/thumb/v6-m/crtbegin.o

.uninitialized_data
                0x20000b2c        0x0 load address 0x10004b40
                0x20000b2c                . = ALIGN (0x4)
 *(.uninitialized_data*)

.scratch_x      0x20040000        0x0 load address 0x10004b40
                0x20040000                __scratch_x_start__ = .
 *(.scratch_x.*)
                0x20040000                . = ALIGN (0x4)
                0x20040000                __scratch_x_end__ = .
                0x10004b40                __scratch_x_source__ = LOADADDR (.scratch_x)

.scratch_y      0x20041000        0x0 load address 0x10004b40
                0x20041000                __scratch_y_start__ = .
 *(.scratch_y.*)
                0x20041000                . = ALIGN (0x4)
                0x20041000                __scratch_y_end__ = .
                0x10004b40                __scratch_y_source__ = LOADADDR (.scratch_y)

.bss            0x20000b30     0x9a14
                0x20000b30                . = ALIGN (0x4)
                0x20000b30                __bss_start__ = .
 *(SORT(.bss*))
 .bss.default_alarm_pool_entries
                0x20000b30      0x100 CMakeFiles/pio_ws2812_parallel.dir/C_/Users/pico/Downloads/pico-sdk/src/common/pico_time/time.c.obj
 .bss           0x20000c30       0x1c c:/progra~2/gnutoo~1/62017-~1/bin/../lib/gcc/arm-none-eabi/6.3.1/thumb/v6-m/crtbegin.o
 .bss.__malloc_current_mallinfo
                0x20000c4c       0x28 c:/progra~2/gnutoo~1/62017-~1/bin/../lib/gcc/arm-none-eabi/6.3.1/../../../../arm-none-eabi/lib/thumb/v6-m\libc.a(lib_a-mallocr.o)
                0x20000c4c                __malloc_current_mallinfo
 .bss.__malloc_max_sbrked_mem
                0x20000c74        0x4 c:/progra~2/gnutoo~1/62017-~1/bin/../lib/gcc/arm-none-eabi/6.3.1/../../../../arm-none-eabi/lib/thumb/v6-m\libc.a(lib_a-mallocr.o)
                0x20000c74                __malloc_max_sbrked_mem
 .bss.__malloc_max_total_mem
                0x20000c78        0x4 c:/progra~2/gnutoo~1/62017-~1/bin/../lib/gcc/arm-none-eabi/6.3.1/../../../../arm-none-eabi/lib/thumb/v6-m\libc.a(lib_a-mallocr.o)
                0x20000c78                __malloc_max_total_mem
 .bss.__malloc_top_pad
                0x20000c7c        0x4 c:/progra~2/gnutoo~1/62017-~1/bin/../lib/gcc/arm-none-eabi/6.3.1/../../../../arm-none-eabi/lib/thumb/v6-m\libc.a(lib_a-mallocr.o)
                0x20000c7c                __malloc_top_pad
 .bss._used_instruction_space
                0x20000c80        0x8 CMakeFiles/pio_ws2812_parallel.dir/C_/Users/pico/Downloads/pico-sdk/src/rp2_common/hardware_pio/pio.c.obj
 .bss.alarm_callbacks
                0x20000c88       0x10 CMakeFiles/pio_ws2812_parallel.dir/C_/Users/pico/Downloads/pico-sdk/src/rp2_common/hardware_timer/timer.c.obj
 .bss.colors    0x20000c98     0x3000 CMakeFiles/pio_ws2812_parallel.dir/ws2812_parallel.c.obj
 .bss.configured_freq
                0x20003c98       0x28 CMakeFiles/pio_ws2812_parallel.dir/C_/Users/pico/Downloads/pico-sdk/src/rp2_common/hardware_clocks/clocks.c.obj
 .bss.current_string_out
                0x20003cc0        0x4 CMakeFiles/pio_ws2812_parallel.dir/ws2812_parallel.c.obj
 .bss.default_alarm_pool_entry_ids_high
                0x20003cc4       0x10 CMakeFiles/pio_ws2812_parallel.dir/C_/Users/pico/Downloads/pico-sdk/src/common/pico_time/time.c.obj
 .bss.default_alarm_pool_heap_nodes
                0x20003cd4       0x30 CMakeFiles/pio_ws2812_parallel.dir/C_/Users/pico/Downloads/pico-sdk/src/common/pico_time/time.c.obj
 .bss.drivers   0x20003d04        0x4 CMakeFiles/pio_ws2812_parallel.dir/C_/Users/pico/Downloads/pico-sdk/src/rp2_common/pico_stdio/stdio.c.obj
 .bss.filter    0x20003d08        0x4 CMakeFiles/pio_ws2812_parallel.dir/C_/Users/pico/Downloads/pico-sdk/src/rp2_common/pico_stdio/stdio.c.obj
 .bss.fragment_start
                0x20003d0c      0x404 CMakeFiles/pio_ws2812_parallel.dir/ws2812_parallel.c.obj
 .bss.heap_end.5809
                0x20004110        0x4 CMakeFiles/pio_ws2812_parallel.dir/C_/Users/pico/Downloads/pico-sdk/src/rp2_common/pico_runtime/runtime.c.obj
 .bss.lazy_vsnprintf
                0x20004114        0x4 CMakeFiles/pio_ws2812_parallel.dir/C_/Users/pico/Downloads/pico-sdk/src/rp2_common/pico_printf/printf.c.obj
 .bss.pools     0x20004118       0x10 CMakeFiles/pio_ws2812_parallel.dir/C_/Users/pico/Downloads/pico-sdk/src/common/pico_time/time.c.obj
 .bss.reset_delay_complete_sem
                0x20004128        0x8 CMakeFiles/pio_ws2812_parallel.dir/ws2812_parallel.c.obj
 .bss.sf_clz_func
                0x20004130        0x4 CMakeFiles/pio_ws2812_parallel.dir/C_/Users/pico/Downloads/pico-sdk/src/rp2_common/pico_double/double_init_rom.c.obj
                0x20004130                sf_clz_func
 .bss.sleep_notifier
                0x20004134        0x4 CMakeFiles/pio_ws2812_parallel.dir/C_/Users/pico/Downloads/pico-sdk/src/common/pico_time/time.c.obj
 .bss.states    0x20004138     0x6000 CMakeFiles/pio_ws2812_parallel.dir/ws2812_parallel.c.obj
 .bss.string0_data
                0x2000a138       0xc0 CMakeFiles/pio_ws2812_parallel.dir/ws2812_parallel.c.obj
 .bss.string1_data
                0x2000a1f8      0x100 CMakeFiles/pio_ws2812_parallel.dir/ws2812_parallel.c.obj
 .bss.target_hi
                0x2000a2f8       0x10 CMakeFiles/pio_ws2812_parallel.dir/C_/Users/pico/Downloads/pico-sdk/src/rp2_common/hardware_timer/timer.c.obj
 .bss.uart_instance
                0x2000a308        0x4 CMakeFiles/pio_ws2812_parallel.dir/C_/Users/pico/Downloads/pico-sdk/src/rp2_common/pico_stdio_uart/stdio_uart.c.obj
 .bss._claimed  0x2000a30c        0x2 CMakeFiles/pio_ws2812_parallel.dir/C_/Users/pico/Downloads/pico-sdk/src/rp2_common/hardware_dma/dma.c.obj
 .bss.claimed   0x2000a30e        0x1 CMakeFiles/pio_ws2812_parallel.dir/C_/Users/pico/Downloads/pico-sdk/src/rp2_common/hardware_timer/timer.c.obj
 .bss.current_string_4color
                0x2000a30f        0x1 CMakeFiles/pio_ws2812_parallel.dir/ws2812_parallel.c.obj
 .bss.irq_hander_chain_free_slot_head
                0x2000a310        0x1 CMakeFiles/pio_ws2812_parallel.dir/C_/Users/pico/Downloads/pico-sdk/src/rp2_common/hardware_irq/irq.c.obj
 .bss.timer_callbacks_pending
                0x2000a311        0x1 CMakeFiles/pio_ws2812_parallel.dir/C_/Users/pico/Downloads/pico-sdk/src/rp2_common/hardware_timer/timer.c.obj
 *(COMMON)
 *fill*         0x2000a312        0x2 
 COMMON         0x2000a314        0x4 CMakeFiles/pio_ws2812_parallel.dir/ws2812_parallel.c.obj
                0x2000a314                reset_delay_alarm_id
 COMMON         0x2000a318        0x4 CMakeFiles/pio_ws2812_parallel.dir/C_/Users/pico/Downloads/pico-sdk/src/rp2_common/hardware_uart/uart.c.obj
                0x2000a318                uart_char_to_line_feed
 COMMON         0x2000a31c      0x100 CMakeFiles/pio_ws2812_parallel.dir/C_/Users/pico/Downloads/pico-sdk/src/rp2_common/pico_double/double_init_rom.c.obj
                0x2000a31c                sd_table
 COMMON         0x2000a41c      0x100 CMakeFiles/pio_ws2812_parallel.dir/C_/Users/pico/Downloads/pico-sdk/src/rp2_common/pico_float/float_init_rom.c.obj
                0x2000a41c                sf_table
 COMMON         0x2000a51c       0x21 c:/progra~2/gnutoo~1/62017-~1/bin/../lib/gcc/arm-none-eabi/6.3.1/../../../../arm-none-eabi/lib/thumb/v6-m\libc.a(lib_a-lock.o)
                0x2000a51c                __lock___atexit_recursive_mutex
                0x2000a520                __lock___arc4random_mutex
                0x2000a524                __lock___env_recursive_mutex
                0x2000a528                __lock___sinit_recursive_mutex
                0x2000a52c                __lock___malloc_recursive_mutex
                0x2000a530                __lock___at_quick_exit_mutex
                0x2000a534                __lock___dd_hash_mutex
                0x2000a538                __lock___tz_mutex
                0x2000a53c                __lock___sfp_recursive_mutex
 *fill*         0x2000a53d        0x3 
 COMMON         0x2000a540        0x4 c:/progra~2/gnutoo~1/62017-~1/bin/../lib/gcc/arm-none-eabi/6.3.1/../../../../arm-none-eabi/lib/thumb/v6-m\libc.a(lib_a-reent.o)
                0x2000a540                errno
                0x2000a544                . = ALIGN (0x4)
                0x2000a544                __bss_end__ = .

.heap           0x2000a544      0x800
                0x2000a544                __end__ = .
                0x2000a544                end = __end__
 *(.heap*)
 .heap          0x2000a544      0x800 CMakeFiles/pio_ws2812_parallel.dir/C_/Users/pico/Downloads/pico-sdk/src/rp2_common/pico_standard_link/crt0.S.obj
                0x2000ad44                __HeapLimit = .

.stack1_dummy   0x20040000        0x0
 *(.stack1*)

.stack_dummy    0x20041000      0x800
 *(.stack*)
 .stack         0x20041000      0x800 CMakeFiles/pio_ws2812_parallel.dir/C_/Users/pico/Downloads/pico-sdk/src/rp2_common/pico_standard_link/crt0.S.obj

.flash_end      0x10004b40        0x0
                0x10004b40                __flash_binary_end = .
                0x20040000                __StackLimit = (ORIGIN (RAM) + LENGTH (RAM))
                0x20041000                __StackOneTop = (ORIGIN (SCRATCH_X) + LENGTH (SCRATCH_X))
                0x20042000                __StackTop = (ORIGIN (SCRATCH_Y) + LENGTH (SCRATCH_Y))
                0x20041000                __StackOneBottom = (__StackOneTop - SIZEOF (.stack1_dummy))
                0x20041800                __StackBottom = (__StackTop - SIZEOF (.stack_dummy))
                0x20042000                PROVIDE (__stack, __StackTop)
                0x00000001                ASSERT ((__StackLimit >= __HeapLimit), region RAM overflowed)
                0x00000001                ASSERT (((__binary_info_header_end - __logical_binary_start) <= 0x100), Binary info must be in first 256 bytes of the binary)
LOAD CMakeFiles/pio_ws2812_parallel.dir/ws2812_parallel.c.obj
LOAD CMakeFiles/pio_ws2812_parallel.dir/C_/Users/pico/Downloads/pico-sdk/src/rp2_common/pico_stdlib/stdlib.c.obj
LOAD CMakeFiles/pio_ws2812_parallel.dir/C_/Users/pico/Downloads/pico-sdk/src/rp2_common/hardware_gpio/gpio.c.obj
LOAD CMakeFiles/pio_ws2812_parallel.dir/C_/Users/pico/Downloads/pico-sdk/src/rp2_common/hardware_claim/claim.c.obj
LOAD CMakeFiles/pio_ws2812_parallel.dir/C_/Users/pico/Downloads/pico-sdk/src/rp2_common/pico_platform/platform.c.obj
LOAD CMakeFiles/pio_ws2812_parallel.dir/C_/Users/pico/Downloads/pico-sdk/src/rp2_common/hardware_sync/sync.c.obj
LOAD CMakeFiles/pio_ws2812_parallel.dir/C_/Users/pico/Downloads/pico-sdk/src/rp2_common/hardware_irq/irq.c.obj
LOAD CMakeFiles/pio_ws2812_parallel.dir/C_/Users/pico/Downloads/pico-sdk/src/rp2_common/hardware_irq/irq_handler_chain.S.obj
LOAD CMakeFiles/pio_ws2812_parallel.dir/C_/Users/pico/Downloads/pico-sdk/src/common/pico_sync/sem.c.obj
LOAD CMakeFiles/pio_ws2812_parallel.dir/C_/Users/pico/Downloads/pico-sdk/src/common/pico_sync/lock_core.c.obj
LOAD CMakeFiles/pio_ws2812_parallel.dir/C_/Users/pico/Downloads/pico-sdk/src/common/pico_time/time.c.obj
LOAD CMakeFiles/pio_ws2812_parallel.dir/C_/Users/pico/Downloads/pico-sdk/src/common/pico_time/timeout_helper.c.obj
LOAD CMakeFiles/pio_ws2812_parallel.dir/C_/Users/pico/Downloads/pico-sdk/src/rp2_common/hardware_timer/timer.c.obj
LOAD CMakeFiles/pio_ws2812_parallel.dir/C_/Users/pico/Downloads/pico-sdk/src/common/pico_util/datetime.c.obj
LOAD CMakeFiles/pio_ws2812_parallel.dir/C_/Users/pico/Downloads/pico-sdk/src/common/pico_util/pheap.c.obj
LOAD CMakeFiles/pio_ws2812_parallel.dir/C_/Users/pico/Downloads/pico-sdk/src/common/pico_util/queue.c.obj
LOAD CMakeFiles/pio_ws2812_parallel.dir/C_/Users/pico/Downloads/pico-sdk/src/common/pico_sync/mutex.c.obj
LOAD CMakeFiles/pio_ws2812_parallel.dir/C_/Users/pico/Downloads/pico-sdk/src/common/pico_sync/critical_section.c.obj
LOAD CMakeFiles/pio_ws2812_parallel.dir/C_/Users/pico/Downloads/pico-sdk/src/rp2_common/hardware_uart/uart.c.obj
LOAD CMakeFiles/pio_ws2812_parallel.dir/C_/Users/pico/Downloads/pico-sdk/src/rp2_common/hardware_divider/divider.S.obj
LOAD CMakeFiles/pio_ws2812_parallel.dir/C_/Users/pico/Downloads/pico-sdk/src/rp2_common/pico_runtime/runtime.c.obj
LOAD CMakeFiles/pio_ws2812_parallel.dir/C_/Users/pico/Downloads/pico-sdk/src/rp2_common/hardware_clocks/clocks.c.obj
LOAD CMakeFiles/pio_ws2812_parallel.dir/C_/Users/pico/Downloads/pico-sdk/src/rp2_common/hardware_pll/pll.c.obj
LOAD CMakeFiles/pio_ws2812_parallel.dir/C_/Users/pico/Downloads/pico-sdk/src/rp2_common/hardware_vreg/vreg.c.obj
LOAD CMakeFiles/pio_ws2812_parallel.dir/C_/Users/pico/Downloads/pico-sdk/src/rp2_common/hardware_watchdog/watchdog.c.obj
LOAD CMakeFiles/pio_ws2812_parallel.dir/C_/Users/pico/Downloads/pico-sdk/src/rp2_common/hardware_xosc/xosc.c.obj
LOAD CMakeFiles/pio_ws2812_parallel.dir/C_/Users/pico/Downloads/pico-sdk/src/rp2_common/pico_printf/printf.c.obj
LOAD CMakeFiles/pio_ws2812_parallel.dir/C_/Users/pico/Downloads/pico-sdk/src/rp2_common/pico_bit_ops/bit_ops_aeabi.S.obj
LOAD CMakeFiles/pio_ws2812_parallel.dir/C_/Users/pico/Downloads/pico-sdk/src/rp2_common/pico_bootrom/bootrom.c.obj
LOAD CMakeFiles/pio_ws2812_parallel.dir/C_/Users/pico/Downloads/pico-sdk/src/rp2_common/pico_divider/divider.S.obj
LOAD CMakeFiles/pio_ws2812_parallel.dir/C_/Users/pico/Downloads/pico-sdk/src/rp2_common/pico_double/double_aeabi.S.obj
LOAD CMakeFiles/pio_ws2812_parallel.dir/C_/Users/pico/Downloads/pico-sdk/src/rp2_common/pico_double/double_init_rom.c.obj
LOAD CMakeFiles/pio_ws2812_parallel.dir/C_/Users/pico/Downloads/pico-sdk/src/rp2_common/pico_double/double_math.c.obj
LOAD CMakeFiles/pio_ws2812_parallel.dir/C_/Users/pico/Downloads/pico-sdk/src/rp2_common/pico_double/double_v1_rom_shim.S.obj
LOAD CMakeFiles/pio_ws2812_parallel.dir/C_/Users/pico/Downloads/pico-sdk/src/rp2_common/pico_int64_ops/pico_int64_ops_aeabi.S.obj
LOAD CMakeFiles/pio_ws2812_parallel.dir/C_/Users/pico/Downloads/pico-sdk/src/rp2_common/pico_float/float_aeabi.S.obj
LOAD CMakeFiles/pio_ws2812_parallel.dir/C_/Users/pico/Downloads/pico-sdk/src/rp2_common/pico_float/float_init_rom.c.obj
LOAD CMakeFiles/pio_ws2812_parallel.dir/C_/Users/pico/Downloads/pico-sdk/src/rp2_common/pico_float/float_math.c.obj
LOAD CMakeFiles/pio_ws2812_parallel.dir/C_/Users/pico/Downloads/pico-sdk/src/rp2_common/pico_float/float_v1_rom_shim.S.obj
LOAD CMakeFiles/pio_ws2812_parallel.dir/C_/Users/pico/Downloads/pico-sdk/src/rp2_common/pico_malloc/pico_malloc.c.obj
LOAD CMakeFiles/pio_ws2812_parallel.dir/C_/Users/pico/Downloads/pico-sdk/src/rp2_common/pico_mem_ops/mem_ops_aeabi.S.obj
LOAD CMakeFiles/pio_ws2812_parallel.dir/C_/Users/pico/Downloads/pico-sdk/src/rp2_common/pico_standard_link/crt0.S.obj
LOAD CMakeFiles/pio_ws2812_parallel.dir/C_/Users/pico/Downloads/pico-sdk/src/rp2_common/pico_standard_link/new_delete.cpp.obj
LOAD CMakeFiles/pio_ws2812_parallel.dir/C_/Users/pico/Downloads/pico-sdk/src/rp2_common/pico_standard_link/binary_info.c.obj
LOAD CMakeFiles/pio_ws2812_parallel.dir/C_/Users/pico/Downloads/pico-sdk/src/rp2_common/pico_stdio/stdio.c.obj
LOAD CMakeFiles/pio_ws2812_parallel.dir/C_/Users/pico/Downloads/pico-sdk/src/rp2_common/pico_stdio_uart/stdio_uart.c.obj
LOAD CMakeFiles/pio_ws2812_parallel.dir/C_/Users/pico/Downloads/pico-sdk/src/rp2_common/hardware_pio/pio.c.obj
LOAD CMakeFiles/pio_ws2812_parallel.dir/C_/Users/pico/Downloads/pico-sdk/src/rp2_common/hardware_dma/dma.c.obj
LOAD C:\Users\24664\AppData\Local\Temp\ccAgLwME.o
LOAD c:/progra~2/gnutoo~1/62017-~1/bin/../lib/gcc/arm-none-eabi/6.3.1/../../../../arm-none-eabi/lib/thumb/v6-m\libstdc++.a
LOAD c:/progra~2/gnutoo~1/62017-~1/bin/../lib/gcc/arm-none-eabi/6.3.1/../../../../arm-none-eabi/lib/thumb/v6-m\libm.a
START GROUP
LOAD c:/progra~2/gnutoo~1/62017-~1/bin/../lib/gcc/arm-none-eabi/6.3.1/thumb/v6-m\libgcc.a
LOAD c:/progra~2/gnutoo~1/62017-~1/bin/../lib/gcc/arm-none-eabi/6.3.1/../../../../arm-none-eabi/lib/thumb/v6-m\libc.a
END GROUP
START GROUP
LOAD c:/progra~2/gnutoo~1/62017-~1/bin/../lib/gcc/arm-none-eabi/6.3.1/thumb/v6-m\libgcc.a
LOAD c:/progra~2/gnutoo~1/62017-~1/bin/../lib/gcc/arm-none-eabi/6.3.1/../../../../arm-none-eabi/lib/thumb/v6-m\libc.a
LOAD c:/progra~2/gnutoo~1/62017-~1/bin/../lib/gcc/arm-none-eabi/6.3.1/../../../../arm-none-eabi/lib/thumb/v6-m\libnosys.a
END GROUP
LOAD c:/progra~2/gnutoo~1/62017-~1/bin/../lib/gcc/arm-none-eabi/6.3.1/thumb/v6-m/crtend.o
LOAD c:/progra~2/gnutoo~1/62017-~1/bin/../lib/gcc/arm-none-eabi/6.3.1/thumb/v6-m/crtn.o
OUTPUT(pio_ws2812_parallel.elf elf32-littlearm)

.ARM.attributes
                0x00000000       0x28
 .ARM.attributes
                0x00000000       0x1e c:/progra~2/gnutoo~1/62017-~1/bin/../lib/gcc/arm-none-eabi/6.3.1/thumb/v6-m/crti.o
 .ARM.attributes
                0x0000001e       0x2c c:/progra~2/gnutoo~1/62017-~1/bin/../lib/gcc/arm-none-eabi/6.3.1/thumb/v6-m/crtbegin.o
 .ARM.attributes
                0x0000004a       0x32 CMakeFiles/pio_ws2812_parallel.dir/ws2812_parallel.c.obj
 .ARM.attributes
                0x0000007c       0x32 CMakeFiles/pio_ws2812_parallel.dir/C_/Users/pico/Downloads/pico-sdk/src/rp2_common/hardware_gpio/gpio.c.obj
 .ARM.attributes
                0x000000ae       0x32 CMakeFiles/pio_ws2812_parallel.dir/C_/Users/pico/Downloads/pico-sdk/src/rp2_common/hardware_claim/claim.c.obj
 .ARM.attributes
                0x000000e0       0x32 CMakeFiles/pio_ws2812_parallel.dir/C_/Users/pico/Downloads/pico-sdk/src/rp2_common/pico_platform/platform.c.obj
 .ARM.attributes
                0x00000112       0x32 CMakeFiles/pio_ws2812_parallel.dir/C_/Users/pico/Downloads/pico-sdk/src/rp2_common/hardware_sync/sync.c.obj
 .ARM.attributes
                0x00000144       0x32 CMakeFiles/pio_ws2812_parallel.dir/C_/Users/pico/Downloads/pico-sdk/src/rp2_common/hardware_irq/irq.c.obj
 .ARM.attributes
                0x00000176       0x22 CMakeFiles/pio_ws2812_parallel.dir/C_/Users/pico/Downloads/pico-sdk/src/rp2_common/hardware_irq/irq_handler_chain.S.obj
 .ARM.attributes
                0x00000198       0x32 CMakeFiles/pio_ws2812_parallel.dir/C_/Users/pico/Downloads/pico-sdk/src/common/pico_sync/sem.c.obj
 .ARM.attributes
                0x000001ca       0x32 CMakeFiles/pio_ws2812_parallel.dir/C_/Users/pico/Downloads/pico-sdk/src/common/pico_sync/lock_core.c.obj
 .ARM.attributes
                0x000001fc       0x32 CMakeFiles/pio_ws2812_parallel.dir/C_/Users/pico/Downloads/pico-sdk/src/common/pico_time/time.c.obj
 .ARM.attributes
                0x0000022e       0x32 CMakeFiles/pio_ws2812_parallel.dir/C_/Users/pico/Downloads/pico-sdk/src/rp2_common/hardware_timer/timer.c.obj
 .ARM.attributes
                0x00000260       0x32 CMakeFiles/pio_ws2812_parallel.dir/C_/Users/pico/Downloads/pico-sdk/src/common/pico_util/pheap.c.obj
 .ARM.attributes
                0x00000292       0x32 CMakeFiles/pio_ws2812_parallel.dir/C_/Users/pico/Downloads/pico-sdk/src/common/pico_sync/mutex.c.obj
 .ARM.attributes
                0x000002c4       0x32 CMakeFiles/pio_ws2812_parallel.dir/C_/Users/pico/Downloads/pico-sdk/src/rp2_common/hardware_uart/uart.c.obj
 .ARM.attributes
                0x000002f6       0x32 CMakeFiles/pio_ws2812_parallel.dir/C_/Users/pico/Downloads/pico-sdk/src/rp2_common/pico_runtime/runtime.c.obj
 .ARM.attributes
                0x00000328       0x32 CMakeFiles/pio_ws2812_parallel.dir/C_/Users/pico/Downloads/pico-sdk/src/rp2_common/hardware_clocks/clocks.c.obj
 .ARM.attributes
                0x0000035a       0x32 CMakeFiles/pio_ws2812_parallel.dir/C_/Users/pico/Downloads/pico-sdk/src/rp2_common/hardware_pll/pll.c.obj
 .ARM.attributes
                0x0000038c       0x32 CMakeFiles/pio_ws2812_parallel.dir/C_/Users/pico/Downloads/pico-sdk/src/rp2_common/hardware_watchdog/watchdog.c.obj
 .ARM.attributes
                0x000003be       0x32 CMakeFiles/pio_ws2812_parallel.dir/C_/Users/pico/Downloads/pico-sdk/src/rp2_common/hardware_xosc/xosc.c.obj
 .ARM.attributes
                0x000003f0       0x32 CMakeFiles/pio_ws2812_parallel.dir/C_/Users/pico/Downloads/pico-sdk/src/rp2_common/pico_printf/printf.c.obj
 .ARM.attributes
                0x00000422       0x22 CMakeFiles/pio_ws2812_parallel.dir/C_/Users/pico/Downloads/pico-sdk/src/rp2_common/pico_bit_ops/bit_ops_aeabi.S.obj
 .ARM.attributes
                0x00000444       0x32 CMakeFiles/pio_ws2812_parallel.dir/C_/Users/pico/Downloads/pico-sdk/src/rp2_common/pico_bootrom/bootrom.c.obj
 .ARM.attributes
                0x00000476       0x22 CMakeFiles/pio_ws2812_parallel.dir/C_/Users/pico/Downloads/pico-sdk/src/rp2_common/pico_divider/divider.S.obj
 .ARM.attributes
                0x00000498       0x22 CMakeFiles/pio_ws2812_parallel.dir/C_/Users/pico/Downloads/pico-sdk/src/rp2_common/pico_double/double_aeabi.S.obj
 .ARM.attributes
                0x000004ba       0x32 CMakeFiles/pio_ws2812_parallel.dir/C_/Users/pico/Downloads/pico-sdk/src/rp2_common/pico_double/double_init_rom.c.obj
 .ARM.attributes
                0x000004ec       0x22 CMakeFiles/pio_ws2812_parallel.dir/C_/Users/pico/Downloads/pico-sdk/src/rp2_common/pico_double/double_v1_rom_shim.S.obj
 .ARM.attributes
                0x0000050e       0x22 CMakeFiles/pio_ws2812_parallel.dir/C_/Users/pico/Downloads/pico-sdk/src/rp2_common/pico_int64_ops/pico_int64_ops_aeabi.S.obj
 .ARM.attributes
                0x00000530       0x22 CMakeFiles/pio_ws2812_parallel.dir/C_/Users/pico/Downloads/pico-sdk/src/rp2_common/pico_float/float_aeabi.S.obj
 .ARM.attributes
                0x00000552       0x32 CMakeFiles/pio_ws2812_parallel.dir/C_/Users/pico/Downloads/pico-sdk/src/rp2_common/pico_float/float_init_rom.c.obj
 .ARM.attributes
                0x00000584       0x22 CMakeFiles/pio_ws2812_parallel.dir/C_/Users/pico/Downloads/pico-sdk/src/rp2_common/pico_mem_ops/mem_ops_aeabi.S.obj
 .ARM.attributes
                0x000005a6       0x22 CMakeFiles/pio_ws2812_parallel.dir/C_/Users/pico/Downloads/pico-sdk/src/rp2_common/pico_standard_link/crt0.S.obj
 .ARM.attributes
                0x000005c8       0x32 CMakeFiles/pio_ws2812_parallel.dir/C_/Users/pico/Downloads/pico-sdk/src/rp2_common/pico_standard_link/binary_info.c.obj
 .ARM.attributes
                0x000005fa       0x32 CMakeFiles/pio_ws2812_parallel.dir/C_/Users/pico/Downloads/pico-sdk/src/rp2_common/pico_stdio/stdio.c.obj
 .ARM.attributes
                0x0000062c       0x32 CMakeFiles/pio_ws2812_parallel.dir/C_/Users/pico/Downloads/pico-sdk/src/rp2_common/pico_stdio_uart/stdio_uart.c.obj
 .ARM.attributes
                0x0000065e       0x32 CMakeFiles/pio_ws2812_parallel.dir/C_/Users/pico/Downloads/pico-sdk/src/rp2_common/hardware_pio/pio.c.obj
 .ARM.attributes
                0x00000690       0x32 CMakeFiles/pio_ws2812_parallel.dir/C_/Users/pico/Downloads/pico-sdk/src/rp2_common/hardware_dma/dma.c.obj
 .ARM.attributes
                0x000006c2       0x22 C:\Users\24664\AppData\Local\Temp\ccAgLwME.o
 .ARM.attributes
                0x000006e4       0x1e c:/progra~2/gnutoo~1/62017-~1/bin/../lib/gcc/arm-none-eabi/6.3.1/thumb/v6-m\libgcc.a(_dvmd_tls.o)
 .ARM.attributes
                0x00000702       0x2c c:/progra~2/gnutoo~1/62017-~1/bin/../lib/gcc/arm-none-eabi/6.3.1/../../../../arm-none-eabi/lib/thumb/v6-m\libc.a(lib_a-impure.o)
 .ARM.attributes
                0x0000072e       0x2c c:/progra~2/gnutoo~1/62017-~1/bin/../lib/gcc/arm-none-eabi/6.3.1/../../../../arm-none-eabi/lib/thumb/v6-m\libc.a(lib_a-mallocr.o)
 .ARM.attributes
                0x0000075a       0x2c c:/progra~2/gnutoo~1/62017-~1/bin/../lib/gcc/arm-none-eabi/6.3.1/../../../../arm-none-eabi/lib/thumb/v6-m\libc.a(lib_a-mlock.o)
 .ARM.attributes
                0x00000786       0x2c c:/progra~2/gnutoo~1/62017-~1/bin/../lib/gcc/arm-none-eabi/6.3.1/../../../../arm-none-eabi/lib/thumb/v6-m\libc.a(lib_a-rand.o)
 .ARM.attributes
                0x000007b2       0x2c c:/progra~2/gnutoo~1/62017-~1/bin/../lib/gcc/arm-none-eabi/6.3.1/../../../../arm-none-eabi/lib/thumb/v6-m\libc.a(lib_a-sbrkr.o)
 .ARM.attributes
                0x000007de       0x2c c:/progra~2/gnutoo~1/62017-~1/bin/../lib/gcc/arm-none-eabi/6.3.1/../../../../arm-none-eabi/lib/thumb/v6-m\libc.a(lib_a-strlen-stub.o)
 .ARM.attributes
                0x0000080a       0x2c c:/progra~2/gnutoo~1/62017-~1/bin/../lib/gcc/arm-none-eabi/6.3.1/../../../../arm-none-eabi/lib/thumb/v6-m\libc.a(lib_a-wbuf.o)
 .ARM.attributes
                0x00000836       0x2c c:/progra~2/gnutoo~1/62017-~1/bin/../lib/gcc/arm-none-eabi/6.3.1/../../../../arm-none-eabi/lib/thumb/v6-m\libc.a(lib_a-wsetup.o)
 .ARM.attributes
                0x00000862       0x2c c:/progra~2/gnutoo~1/62017-~1/bin/../lib/gcc/arm-none-eabi/6.3.1/../../../../arm-none-eabi/lib/thumb/v6-m\libc.a(lib_a-fflush.o)
 .ARM.attributes
                0x0000088e       0x2c c:/progra~2/gnutoo~1/62017-~1/bin/../lib/gcc/arm-none-eabi/6.3.1/../../../../arm-none-eabi/lib/thumb/v6-m\libc.a(lib_a-findfp.o)
 .ARM.attributes
                0x000008ba       0x2c c:/progra~2/gnutoo~1/62017-~1/bin/../lib/gcc/arm-none-eabi/6.3.1/../../../../arm-none-eabi/lib/thumb/v6-m\libc.a(lib_a-freer.o)
 .ARM.attributes
                0x000008e6       0x2c c:/progra~2/gnutoo~1/62017-~1/bin/../lib/gcc/arm-none-eabi/6.3.1/../../../../arm-none-eabi/lib/thumb/v6-m\libc.a(lib_a-fwalk.o)
 .ARM.attributes
                0x00000912       0x2c c:/progra~2/gnutoo~1/62017-~1/bin/../lib/gcc/arm-none-eabi/6.3.1/../../../../arm-none-eabi/lib/thumb/v6-m\libc.a(lib_a-lock.o)
 .ARM.attributes
                0x0000093e       0x2c c:/progra~2/gnutoo~1/62017-~1/bin/../lib/gcc/arm-none-eabi/6.3.1/../../../../arm-none-eabi/lib/thumb/v6-m\libc.a(lib_a-makebuf.o)
 .ARM.attributes
                0x0000096a       0x2c c:/progra~2/gnutoo~1/62017-~1/bin/../lib/gcc/arm-none-eabi/6.3.1/../../../../arm-none-eabi/lib/thumb/v6-m\libc.a(lib_a-reent.o)
 .ARM.attributes
                0x00000996       0x2c c:/progra~2/gnutoo~1/62017-~1/bin/../lib/gcc/arm-none-eabi/6.3.1/../../../../arm-none-eabi/lib/thumb/v6-m\libc.a(lib_a-stdio.o)
 .ARM.attributes
                0x000009c2       0x2c c:/progra~2/gnutoo~1/62017-~1/bin/../lib/gcc/arm-none-eabi/6.3.1/../../../../arm-none-eabi/lib/thumb/v6-m\libc.a(lib_a-writer.o)
 .ARM.attributes
                0x000009ee       0x2c c:/progra~2/gnutoo~1/62017-~1/bin/../lib/gcc/arm-none-eabi/6.3.1/../../../../arm-none-eabi/lib/thumb/v6-m\libc.a(lib_a-closer.o)
 .ARM.attributes
                0x00000a1a       0x2c c:/progra~2/gnutoo~1/62017-~1/bin/../lib/gcc/arm-none-eabi/6.3.1/../../../../arm-none-eabi/lib/thumb/v6-m\libc.a(lib_a-fclose.o)
 .ARM.attributes
                0x00000a46       0x2c c:/progra~2/gnutoo~1/62017-~1/bin/../lib/gcc/arm-none-eabi/6.3.1/../../../../arm-none-eabi/lib/thumb/v6-m\libc.a(lib_a-fstatr.o)
 .ARM.attributes
                0x00000a72       0x2c c:/progra~2/gnutoo~1/62017-~1/bin/../lib/gcc/arm-none-eabi/6.3.1/../../../../arm-none-eabi/lib/thumb/v6-m\libc.a(lib_a-isattyr.o)
 .ARM.attributes
                0x00000a9e       0x2c c:/progra~2/gnutoo~1/62017-~1/bin/../lib/gcc/arm-none-eabi/6.3.1/../../../../arm-none-eabi/lib/thumb/v6-m\libc.a(lib_a-lseekr.o)
 .ARM.attributes
                0x00000aca       0x2c c:/progra~2/gnutoo~1/62017-~1/bin/../lib/gcc/arm-none-eabi/6.3.1/../../../../arm-none-eabi/lib/thumb/v6-m\libc.a(lib_a-readr.o)
 .ARM.attributes
                0x00000af6       0x2c c:/progra~2/gnutoo~1/62017-~1/bin/../lib/gcc/arm-none-eabi/6.3.1/../../../../arm-none-eabi/lib/thumb/v6-m\libnosys.a(close.o)
 .ARM.attributes
                0x00000b22       0x2c c:/progra~2/gnutoo~1/62017-~1/bin/../lib/gcc/arm-none-eabi/6.3.1/../../../../arm-none-eabi/lib/thumb/v6-m\libnosys.a(fstat.o)
 .ARM.attributes
                0x00000b4e       0x2c c:/progra~2/gnutoo~1/62017-~1/bin/../lib/gcc/arm-none-eabi/6.3.1/../../../../arm-none-eabi/lib/thumb/v6-m\libnosys.a(isatty.o)
 .ARM.attributes
                0x00000b7a       0x2c c:/progra~2/gnutoo~1/62017-~1/bin/../lib/gcc/arm-none-eabi/6.3.1/../../../../arm-none-eabi/lib/thumb/v6-m\libnosys.a(lseek.o)

.comment        0x00000000       0x7f
 .comment       0x00000000       0x7f CMakeFiles/pio_ws2812_parallel.dir/ws2812_parallel.c.obj
                                 0x80 (size before relaxing)
 .comment       0x0000007f       0x80 CMakeFiles/pio_ws2812_parallel.dir/C_/Users/pico/Downloads/pico-sdk/src/rp2_common/hardware_gpio/gpio.c.obj
 .comment       0x0000007f       0x80 CMakeFiles/pio_ws2812_parallel.dir/C_/Users/pico/Downloads/pico-sdk/src/rp2_common/hardware_claim/claim.c.obj
 .comment       0x0000007f       0x80 CMakeFiles/pio_ws2812_parallel.dir/C_/Users/pico/Downloads/pico-sdk/src/rp2_common/pico_platform/platform.c.obj
 .comment       0x0000007f       0x80 CMakeFiles/pio_ws2812_parallel.dir/C_/Users/pico/Downloads/pico-sdk/src/rp2_common/hardware_sync/sync.c.obj
 .comment       0x0000007f       0x80 CMakeFiles/pio_ws2812_parallel.dir/C_/Users/pico/Downloads/pico-sdk/src/rp2_common/hardware_irq/irq.c.obj
 .comment       0x0000007f       0x80 CMakeFiles/pio_ws2812_parallel.dir/C_/Users/pico/Downloads/pico-sdk/src/common/pico_sync/sem.c.obj
 .comment       0x0000007f       0x80 CMakeFiles/pio_ws2812_parallel.dir/C_/Users/pico/Downloads/pico-sdk/src/common/pico_sync/lock_core.c.obj
 .comment       0x0000007f       0x80 CMakeFiles/pio_ws2812_parallel.dir/C_/Users/pico/Downloads/pico-sdk/src/common/pico_time/time.c.obj
 .comment       0x0000007f       0x80 CMakeFiles/pio_ws2812_parallel.dir/C_/Users/pico/Downloads/pico-sdk/src/rp2_common/hardware_timer/timer.c.obj
 .comment       0x0000007f       0x80 CMakeFiles/pio_ws2812_parallel.dir/C_/Users/pico/Downloads/pico-sdk/src/common/pico_util/pheap.c.obj
 .comment       0x0000007f       0x80 CMakeFiles/pio_ws2812_parallel.dir/C_/Users/pico/Downloads/pico-sdk/src/common/pico_sync/mutex.c.obj
 .comment       0x0000007f       0x80 CMakeFiles/pio_ws2812_parallel.dir/C_/Users/pico/Downloads/pico-sdk/src/rp2_common/hardware_uart/uart.c.obj
 .comment       0x0000007f       0x80 CMakeFiles/pio_ws2812_parallel.dir/C_/Users/pico/Downloads/pico-sdk/src/rp2_common/pico_runtime/runtime.c.obj
 .comment       0x0000007f       0x80 CMakeFiles/pio_ws2812_parallel.dir/C_/Users/pico/Downloads/pico-sdk/src/rp2_common/hardware_clocks/clocks.c.obj
 .comment       0x0000007f       0x80 CMakeFiles/pio_ws2812_parallel.dir/C_/Users/pico/Downloads/pico-sdk/src/rp2_common/hardware_pll/pll.c.obj
 .comment       0x0000007f       0x80 CMakeFiles/pio_ws2812_parallel.dir/C_/Users/pico/Downloads/pico-sdk/src/rp2_common/hardware_watchdog/watchdog.c.obj
 .comment       0x0000007f       0x80 CMakeFiles/pio_ws2812_parallel.dir/C_/Users/pico/Downloads/pico-sdk/src/rp2_common/hardware_xosc/xosc.c.obj
 .comment       0x0000007f       0x80 CMakeFiles/pio_ws2812_parallel.dir/C_/Users/pico/Downloads/pico-sdk/src/rp2_common/pico_printf/printf.c.obj
 .comment       0x0000007f       0x80 CMakeFiles/pio_ws2812_parallel.dir/C_/Users/pico/Downloads/pico-sdk/src/rp2_common/pico_bootrom/bootrom.c.obj
 .comment       0x0000007f       0x80 CMakeFiles/pio_ws2812_parallel.dir/C_/Users/pico/Downloads/pico-sdk/src/rp2_common/pico_double/double_init_rom.c.obj
 .comment       0x0000007f       0x80 CMakeFiles/pio_ws2812_parallel.dir/C_/Users/pico/Downloads/pico-sdk/src/rp2_common/pico_float/float_init_rom.c.obj
 .comment       0x0000007f       0x80 CMakeFiles/pio_ws2812_parallel.dir/C_/Users/pico/Downloads/pico-sdk/src/rp2_common/pico_standard_link/binary_info.c.obj
 .comment       0x0000007f       0x80 CMakeFiles/pio_ws2812_parallel.dir/C_/Users/pico/Downloads/pico-sdk/src/rp2_common/pico_stdio/stdio.c.obj
 .comment       0x0000007f       0x80 CMakeFiles/pio_ws2812_parallel.dir/C_/Users/pico/Downloads/pico-sdk/src/rp2_common/pico_stdio_uart/stdio_uart.c.obj
 .comment       0x0000007f       0x80 CMakeFiles/pio_ws2812_parallel.dir/C_/Users/pico/Downloads/pico-sdk/src/rp2_common/hardware_pio/pio.c.obj
 .comment       0x0000007f       0x80 CMakeFiles/pio_ws2812_parallel.dir/C_/Users/pico/Downloads/pico-sdk/src/rp2_common/hardware_dma/dma.c.obj

.debug_frame    0x00000000      0x7a4
 .debug_frame   0x00000000       0x3c c:/progra~2/gnutoo~1/62017-~1/bin/../lib/gcc/arm-none-eabi/6.3.1/../../../../arm-none-eabi/lib/thumb/v6-m\libc.a(lib_a-mallocr.o)
 .debug_frame   0x0000003c       0x40 c:/progra~2/gnutoo~1/62017-~1/bin/../lib/gcc/arm-none-eabi/6.3.1/../../../../arm-none-eabi/lib/thumb/v6-m\libc.a(lib_a-mlock.o)
 .debug_frame   0x0000007c       0x38 c:/progra~2/gnutoo~1/62017-~1/bin/../lib/gcc/arm-none-eabi/6.3.1/../../../../arm-none-eabi/lib/thumb/v6-m\libc.a(lib_a-rand.o)
 .debug_frame   0x000000b4       0x2c c:/progra~2/gnutoo~1/62017-~1/bin/../lib/gcc/arm-none-eabi/6.3.1/../../../../arm-none-eabi/lib/thumb/v6-m\libc.a(lib_a-sbrkr.o)
 .debug_frame   0x000000e0       0x28 c:/progra~2/gnutoo~1/62017-~1/bin/../lib/gcc/arm-none-eabi/6.3.1/../../../../arm-none-eabi/lib/thumb/v6-m\libc.a(lib_a-strlen-stub.o)
 .debug_frame   0x00000108       0x48 c:/progra~2/gnutoo~1/62017-~1/bin/../lib/gcc/arm-none-eabi/6.3.1/../../../../arm-none-eabi/lib/thumb/v6-m\libc.a(lib_a-wbuf.o)
 .debug_frame   0x00000150       0x2c c:/progra~2/gnutoo~1/62017-~1/bin/../lib/gcc/arm-none-eabi/6.3.1/../../../../arm-none-eabi/lib/thumb/v6-m\libc.a(lib_a-wsetup.o)
 .debug_frame   0x0000017c       0x68 c:/progra~2/gnutoo~1/62017-~1/bin/../lib/gcc/arm-none-eabi/6.3.1/../../../../arm-none-eabi/lib/thumb/v6-m\libc.a(lib_a-fflush.o)
 .debug_frame   0x000001e4      0x170 c:/progra~2/gnutoo~1/62017-~1/bin/../lib/gcc/arm-none-eabi/6.3.1/../../../../arm-none-eabi/lib/thumb/v6-m\libc.a(lib_a-findfp.o)
 .debug_frame   0x00000354       0x50 c:/progra~2/gnutoo~1/62017-~1/bin/../lib/gcc/arm-none-eabi/6.3.1/../../../../arm-none-eabi/lib/thumb/v6-m\libc.a(lib_a-freer.o)
 .debug_frame   0x000003a4       0x5c c:/progra~2/gnutoo~1/62017-~1/bin/../lib/gcc/arm-none-eabi/6.3.1/../../../../arm-none-eabi/lib/thumb/v6-m\libc.a(lib_a-fwalk.o)
 .debug_frame   0x00000400       0xb0 c:/progra~2/gnutoo~1/62017-~1/bin/../lib/gcc/arm-none-eabi/6.3.1/../../../../arm-none-eabi/lib/thumb/v6-m\libc.a(lib_a-lock.o)
 .debug_frame   0x000004b0       0x50 c:/progra~2/gnutoo~1/62017-~1/bin/../lib/gcc/arm-none-eabi/6.3.1/../../../../arm-none-eabi/lib/thumb/v6-m\libc.a(lib_a-makebuf.o)
 .debug_frame   0x00000500       0x48 c:/progra~2/gnutoo~1/62017-~1/bin/../lib/gcc/arm-none-eabi/6.3.1/../../../../arm-none-eabi/lib/thumb/v6-m\libc.a(lib_a-reent.o)
 .debug_frame   0x00000548       0x90 c:/progra~2/gnutoo~1/62017-~1/bin/../lib/gcc/arm-none-eabi/6.3.1/../../../../arm-none-eabi/lib/thumb/v6-m\libc.a(lib_a-stdio.o)
 .debug_frame   0x000005d8       0x2c c:/progra~2/gnutoo~1/62017-~1/bin/../lib/gcc/arm-none-eabi/6.3.1/../../../../arm-none-eabi/lib/thumb/v6-m\libc.a(lib_a-writer.o)
 .debug_frame   0x00000604       0x2c c:/progra~2/gnutoo~1/62017-~1/bin/../lib/gcc/arm-none-eabi/6.3.1/../../../../arm-none-eabi/lib/thumb/v6-m\libc.a(lib_a-closer.o)
 .debug_frame   0x00000630       0x44 c:/progra~2/gnutoo~1/62017-~1/bin/../lib/gcc/arm-none-eabi/6.3.1/../../../../arm-none-eabi/lib/thumb/v6-m\libc.a(lib_a-fclose.o)
 .debug_frame   0x00000674       0x2c c:/progra~2/gnutoo~1/62017-~1/bin/../lib/gcc/arm-none-eabi/6.3.1/../../../../arm-none-eabi/lib/thumb/v6-m\libc.a(lib_a-fstatr.o)
 .debug_frame   0x000006a0       0x2c c:/progra~2/gnutoo~1/62017-~1/bin/../lib/gcc/arm-none-eabi/6.3.1/../../../../arm-none-eabi/lib/thumb/v6-m\libc.a(lib_a-isattyr.o)
 .debug_frame   0x000006cc       0x2c c:/progra~2/gnutoo~1/62017-~1/bin/../lib/gcc/arm-none-eabi/6.3.1/../../../../arm-none-eabi/lib/thumb/v6-m\libc.a(lib_a-lseekr.o)
 .debug_frame   0x000006f8       0x2c c:/progra~2/gnutoo~1/62017-~1/bin/../lib/gcc/arm-none-eabi/6.3.1/../../../../arm-none-eabi/lib/thumb/v6-m\libc.a(lib_a-readr.o)
 .debug_frame   0x00000724       0x20 c:/progra~2/gnutoo~1/62017-~1/bin/../lib/gcc/arm-none-eabi/6.3.1/../../../../arm-none-eabi/lib/thumb/v6-m\libnosys.a(close.o)
 .debug_frame   0x00000744       0x20 c:/progra~2/gnutoo~1/62017-~1/bin/../lib/gcc/arm-none-eabi/6.3.1/../../../../arm-none-eabi/lib/thumb/v6-m\libnosys.a(fstat.o)
 .debug_frame   0x00000764       0x20 c:/progra~2/gnutoo~1/62017-~1/bin/../lib/gcc/arm-none-eabi/6.3.1/../../../../arm-none-eabi/lib/thumb/v6-m\libnosys.a(isatty.o)
 .debug_frame   0x00000784       0x20 c:/progra~2/gnutoo~1/62017-~1/bin/../lib/gcc/arm-none-eabi/6.3.1/../../../../arm-none-eabi/lib/thumb/v6-m\libnosys.a(lseek.o)

.stab           0x00000000       0x6c
 .stab          0x00000000       0x24 c:/progra~2/gnutoo~1/62017-~1/bin/../lib/gcc/arm-none-eabi/6.3.1/../../../../arm-none-eabi/lib/thumb/v6-m\libnosys.a(close.o)
 .stab          0x00000024       0x18 c:/progra~2/gnutoo~1/62017-~1/bin/../lib/gcc/arm-none-eabi/6.3.1/../../../../arm-none-eabi/lib/thumb/v6-m\libnosys.a(fstat.o)
                                 0x24 (size before relaxing)
 .stab          0x0000003c       0x18 c:/progra~2/gnutoo~1/62017-~1/bin/../lib/gcc/arm-none-eabi/6.3.1/../../../../arm-none-eabi/lib/thumb/v6-m\libnosys.a(isatty.o)
                                 0x24 (size before relaxing)
 .stab          0x00000054       0x18 c:/progra~2/gnutoo~1/62017-~1/bin/../lib/gcc/arm-none-eabi/6.3.1/../../../../arm-none-eabi/lib/thumb/v6-m\libnosys.a(lseek.o)
                                 0x24 (size before relaxing)

.stabstr        0x00000000       0xe3
 .stabstr       0x00000000       0xe3 c:/progra~2/gnutoo~1/62017-~1/bin/../lib/gcc/arm-none-eabi/6.3.1/../../../../arm-none-eabi/lib/thumb/v6-m\libnosys.a(close.o)
